Component: ARM Compiler 5.05 update 2 (build 169) Tool: armlink [4d0f33]

==============================================================================

Section Cross References

    main.o(.text) refers to cjson.o(.text) for cJSON_Parse
    main.o(.text) refers to printfa.o(i.__0printf) for __2printf
    main.o(.text) refers to strncmp.o(.text) for strncmp
    main.o(.text) refers to bigiot.o(.text) for checkout
    main.o(.text) refers to millis.o(.text) for millis
    main.o(.text) refers to memcpya.o(.text) for __aeabi_memcpy4
    main.o(.text) refers to delay.o(.text) for delay_init
    main.o(.text) refers to usart1.o(.text) for USART1_init
    main.o(.text) refers to usart2.o(.text) for USART2_init
    main.o(.text) refers to led.o(.text) for LED_Init
    main.o(.text) refers to sd.o(.text) for SD_Init
    main.o(.text) refers to ff.o(.text) for f_mount
    main.o(.text) refers to ld3320.o(.text) for LD3320_Init
    main.o(.text) refers to mp3.o(.text) for PlayDemoSound_mp3
    main.o(.text) refers to asr.o(.text) for RunASR
    main.o(.text) refers to main.o(.data) for BGT_STA
    main.o(.text) refers to main.o(.bss) for fs
    main.o(.text) refers to asr.o(.data) for nAsrStatus
    main.o(.text) refers to mp3.o(.data) for bMp3Play
    main.o(.text) refers to usart2.o(.data) for USART2_RX_STA
    main.o(.text) refers to usart2.o(.bss) for USART2_RX_BUF
    main.o(.data) refers to main.o(.conststring) for .conststring
    delay.o(.text) refers to misc.o(.text) for SysTick_CLKSourceConfig
    mymalloc.o(.text) refers to mymalloc.o(.bss) for MEM_BCT_TAB
    cjson.o(.text) refers to scanf_fp.o(.text) for _scanf_real
    cjson.o(.text) refers to printfa.o(i.__0sprintf) for __2sprintf
    cjson.o(.text) refers to tolower.o(.text) for tolower
    cjson.o(.text) refers to strlen.o(.text) for strlen
    cjson.o(.text) refers to memcpya.o(.text) for __aeabi_memcpy
    cjson.o(.text) refers to memseta.o(.text) for __aeabi_memclr4
    cjson.o(.text) refers to localeconv.o(.text) for localeconv
    cjson.o(.text) refers to strtod.o(i.strtod) for strtod
    cjson.o(.text) refers to cdrcmple.o(.text) for __aeabi_cdrcmple
    cjson.o(.text) refers to cdcmple.o(.text) for __aeabi_cdcmple
    cjson.o(.text) refers to dfixi.o(.text) for __aeabi_d2iz
    cjson.o(.text) refers to dmul.o(.text) for __aeabi_dmul
    cjson.o(.text) refers to cjson.o(.data) for global_error
    cjson.o(.text) refers to cjson.o(.bss) for version
    cjson.o(.text) refers to mallocr.o(i.__malloc$realloc) for malloc
    cjson.o(.text) refers to mallocr.o(i.__free$realloc) for free
    cjson.o(.text) refers to mallocr.o(i.realloc) for realloc
    cjson.o(.text) refers to __0sscanf.o(.text) for __0sscanf
    cjson.o(.text) refers to strcpy.o(.text) for strcpy
    cjson.o(.text) refers to strncmp.o(.text) for strncmp
    cjson.o(.text) refers to strcmp.o(.text) for strcmp
    cjson.o(.text) refers to dflti.o(.text) for __aeabi_i2d
    cjson.o(.text) refers to f2d.o(.text) for __aeabi_f2d
    cjson.o(.data) refers to mallocr.o(i.__malloc$realloc) for malloc
    cjson.o(.data) refers to mallocr.o(i.__free$realloc) for free
    cjson.o(.data) refers to mallocr.o(i.realloc) for realloc
    bigiot.o(.text) refers to usart2.o(.text) for USART2_printf
    bigiot.o(.text) refers to f2d.o(.text) for __aeabi_f2d
    millis.o(.text) refers to stm32f10x_rcc.o(.text) for RCC_APB2PeriphClockCmd
    millis.o(.text) refers to misc.o(.text) for NVIC_PriorityGroupConfig
    millis.o(.text) refers to stm32f10x_exti.o(.text) for EXTI_ClearITPendingBit
    millis.o(.text) refers to stm32f10x_pwr.o(.text) for PWR_BackupAccessCmd
    millis.o(.text) refers to stm32f10x_bkp.o(.text) for BKP_DeInit
    millis.o(.text) refers to stm32f10x_rtc.o(.text) for RTC_WaitForSynchro
    stm32f10x_rcc.o(.text) refers to stm32f10x_rcc.o(.data) for APBAHBPrescTable
    stm32f10x_gpio.o(.text) refers to stm32f10x_rcc.o(.text) for RCC_APB2PeriphResetCmd
    stm32f10x_spi.o(.text) refers to stm32f10x_rcc.o(.text) for RCC_APB2PeriphResetCmd
    stm32f10x_usart.o(.text) refers to stm32f10x_rcc.o(.text) for RCC_APB2PeriphResetCmd
    stm32f10x_i2c.o(.text) refers to stm32f10x_rcc.o(.text) for RCC_APB1PeriphResetCmd
    stm32f10x_adc.o(.text) refers to stm32f10x_rcc.o(.text) for RCC_APB2PeriphResetCmd
    stm32f10x_bkp.o(.text) refers to stm32f10x_rcc.o(.text) for RCC_BackupResetCmd
    stm32f10x_can.o(.text) refers to stm32f10x_rcc.o(.text) for RCC_APB1PeriphResetCmd
    stm32f10x_cec.o(.text) refers to stm32f10x_rcc.o(.text) for RCC_APB1PeriphResetCmd
    stm32f10x_dac.o(.text) refers to stm32f10x_rcc.o(.text) for RCC_APB1PeriphResetCmd
    stm32f10x_pwr.o(.text) refers to stm32f10x_rcc.o(.text) for RCC_APB1PeriphResetCmd
    stm32f10x_tim.o(.text) refers to stm32f10x_rcc.o(.text) for RCC_APB2PeriphResetCmd
    stm32f10x_wwdg.o(.text) refers to stm32f10x_rcc.o(.text) for RCC_APB1PeriphResetCmd
[...]
    ..\main.c                                0x00000000   Number         0  main.o ABSOLUTE
    ..\startup_stm32f10x_md.s                0x00000000   Number         0  startup_stm32f10x_md.o ABSOLUTE
    ..\stm32f10x_it.c                        0x00000000   Number         0  stm32f10x_it.o ABSOLUTE
    ..\system_stm32f10x.c                    0x00000000   Number         0  system_stm32f10x.o ABSOLUTE
    cdcmple.s                                0x00000000   Number         0  cdcmple.o ABSOLUTE
    cdrcmple.s                               0x00000000   Number         0  cdrcmple.o ABSOLUTE
    dc.s                                     0x00000000   Number         0  dc.o ABSOLUTE
    handlers.s                               0x00000000   Number         0  handlers.o ABSOLUTE
    init.s                                   0x00000000   Number         0  init.o ABSOLUTE
    RESET                                    0x08000000   Section      236  startup_stm32f10x_md.o(RESET)
    .ARM.Collect$$$$00000000                 0x080000ec   Section        0  entry.o(.ARM.Collect$$$$00000000)
    .ARM.Collect$$$$00000001                 0x080000ec   Section        4  entry2.o(.ARM.Collect$$$$00000001)
    .ARM.Collect$$$$00000004                 0x080000f0   Section        4  entry5.o(.ARM.Collect$$$$00000004)
    .ARM.Collect$$$$00000008                 0x080000f4   Section        0  entry7b.o(.ARM.Collect$$$$00000008)
    .ARM.Collect$$$$0000000A                 0x080000f4   Section        0  entry8b.o(.ARM.Collect$$$$0000000A)
    .ARM.Collect$$$$0000000B                 0x080000f4   Section        8  entry9a.o(.ARM.Collect$$$$0000000B)
    .ARM.Collect$$$$0000000D                 0x080000fc   Section        0  entry10a.o(.ARM.Collect$$$$0000000D)
    .ARM.Collect$$$$0000000F                 0x080000fc   Section        0  entry11a.o(.ARM.Collect$$$$0000000F)
    .ARM.Collect$$$$00002712                 0x080000fc   Section        4  entry2.o(.ARM.Collect$$$$00002712)
    __lit__00000000                          0x080000fc   Data           4  entry2.o(.ARM.Collect$$$$00002712)
    .text                                    0x08000100   Section        0  stm32f10x_it.o(.text)
    .text                                    0x0800011c   Section        0  main.o(.text)
    .text                                    0x08000784   Section        0  delay.o(.text)
    .text                                    0x080008f0   Section        0  mymalloc.o(.text)
    .text                                    0x080009c0   Section        0  cjson.o(.text)
    case_insensitive_strcmp                  0x080009e3   Thumb Code    72  cjson.o(.text)
    cJSON_strdup                             0x08000a2b   Thumb Code    54  cjson.o(.text)
    cJSON_New_Item                           0x08000ab3   Thumb Code    26  cjson.o(.text)
    get_decimal_point                        0x08000b21   Thumb Code    14  cjson.o(.text)
    parse_number                             0x08000b2f   Thumb Code   298  cjson.o(.text)
    ensure                                   0x08000ca1   Thumb Code   172  cjson.o(.text)
    update_offset                            0x08000d4d   Thumb Code    36  cjson.o(.text)
    print_number                             0x08000d71   Thumb Code   272  cjson.o(.text)
    parse_hex4                               0x08000e81   Thumb Code    90  cjson.o(.text)
    utf16_literal_to_utf8                    0x08000edb   Thumb Code   300  cjson.o(.text)
    parse_string                             0x08001007   Thumb Code   396  cjson.o(.text)
    print_string_ptr                         0x08001193   Thumb Code   384  cjson.o(.text)
    print_string                             0x08001313   Thumb Code    16  cjson.o(.text)
    buffer_skip_whitespace                   0x08001323   Thumb Code    58  cjson.o(.text)
    parse_object                             0x0800135d   Thumb Code   314  cjson.o(.text)
    parse_array                              0x08001497   Thumb Code   244  cjson.o(.text)
    parse_value                              0x0800158b   Thumb Code   292  cjson.o(.text)
    print_object                             0x080017a3   Thumb Code   372  cjson.o(.text)
    print_array                              0x08001917   Thumb Code   178  cjson.o(.text)
    print_value                              0x080019c9   Thumb Code   252  cjson.o(.text)
    print                                    0x08001ac5   Thumb Code   182  cjson.o(.text)
    get_array_item                           0x08001c3d   Thumb Code    30  cjson.o(.text)
    get_object_item                          0x08001c73   Thumb Code    68  cjson.o(.text)
    suffix_object                            0x08001cf3   Thumb Code     6  cjson.o(.text)
    create_reference                         0x08001cf9   Thumb Code    52  cjson.o(.text)
    replace_item_in_object                   0x08001f87   Thumb Code    82  cjson.o(.text)
    .text                                    0x08002654   Section        0  bigiot.o(.text)
    .text                                    0x08002760   Section        0  millis.o(.text)
    .text                                    0x08002880   Section        0  stm32f10x_rcc.o(.text)
    .text                                    0x08002c24   Section        0  stm32f10x_gpio.o(.text)
    .text                                    0x08002f80   Section        0  misc.o(.text)
    .text                                    0x0800305c   Section        0  stm32f10x_exti.o(.text)
    .text                                    0x08003178   Section        0  stm32f10x_spi.o(.text)
    .text                                    0x08003484   Section        0  stm32f10x_usart.o(.text)
    .text                                    0x0800388c   Section        0  stm32f10x_bkp.o(.text)
    .text                                    0x08003950   Section        0  stm32f10x_pwr.o(.text)
    .text                                    0x08003a1c   Section        0  stm32f10x_rtc.o(.text)
    .text                                    0x08003b64   Section        0  system_stm32f10x.o(.text)
    SetSysClockTo56                          0x08003b65   Thumb Code   214  system_stm32f10x.o(.text)
    SetSysClock                              0x08003c3b   Thumb Code     8  system_stm32f10x.o(.text)
    .text                                    0x08003d44   Section       36  startup_stm32f10x_md.o(.text)
    .text                                    0x08003d68   Section        0  asr.o(.text)
    .text                                    0x08004048   Section        0  diskio.o(.text)
    .text                                    0x08004190   Section        0  ff.o(.text)
    mem_cpy                                  0x08004191   Thumb Code    26  ff.o(.text)
    mem_set                                  0x080041ab   Thumb Code    20  ff.o(.text)
    mem_cmp                                  0x080041bf   Thumb Code    38  ff.o(.text)
    chk_chr                                  0x080041e5   Thumb Code    20  ff.o(.text)
    sync_window                              0x080041f9   Thumb Code    76  ff.o(.text)
    move_window                              0x08004245   Thumb Code    50  ff.o(.text)
    sync_fs                                  0x08004277   Thumb Code   200  ff.o(.text)
    remove_chain                             0x08004577   Thumb Code   108  ff.o(.text)
    create_chain                             0x080045e3   Thumb Code   214  ff.o(.text)
    clmt_clust                               0x080046b9   Thumb Code    50  ff.o(.text)
    dir_next                                 0x08004789   Thumb Code   272  ff.o(.text)
    dir_alloc                                0x08004899   Thumb Code    92  ff.o(.text)
    ld_clust                                 0x080048f5   Thumb Code    32  ff.o(.text)
    st_clust                                 0x08004915   Thumb Code    16  ff.o(.text)
    dir_find                                 0x08004925   Thumb Code    92  ff.o(.text)
    dir_read                                 0x08004981   Thumb Code   110  ff.o(.text)
    dir_register                             0x080049ef   Thumb Code    58  ff.o(.text)
    dir_remove                               0x08004a29   Thumb Code    54  ff.o(.text)
    get_fileinfo                             0x08004a5f   Thumb Code   112  ff.o(.text)
    create_name                              0x08004acf   Thumb Code   328  ff.o(.text)
    follow_path                              0x08004c17   Thumb Code   144  ff.o(.text)
    get_ldnumber                             0x08004ca7   Thumb Code    74  ff.o(.text)
    check_fs                                 0x08004cf1   Thumb Code   140  ff.o(.text)
    find_volume                              0x08004d7d   Thumb Code   910  ff.o(.text)
    validate                                 0x0800510b   Thumb Code    54  ff.o(.text)
    putc_bfd                                 0x080069ab   Thumb Code    68  ff.o(.text)
    .text                                    0x08006d1c   Section        0  ld3320.o(.text)
    .text                                    0x08006fdc   Section        0  mp3.o(.text)
    .text                                    0x08007300   Section        0  sd.o(.text)
    .text                                    0x0800781c   Section        0  spi1.o(.text)
    .text                                    0x08007924   Section        0  spi2.o(.text)
    .text                                    0x08007a28   Section        0  led.o(.text)
    .text                                    0x08007a5c   Section        0  usart1.o(.text)
    .text                                    0x08007be4   Section        0  usart2.o(.text)
    .text                                    0x08007da8   Section        0  tolower.o(.text)
    .text                                    0x08007db4   Section        0  localeconv.o(.text)
    .text                                    0x08007dbc   Section        0  memcpya.o(.text)
    .text                                    0x08007de0   Section        0  memseta.o(.text)
    .text                                    0x08007e04   Section        0  strlen.o(.text)
    .text                                    0x08007e12   Section        0  strcmp.o(.text)
    .text                                    0x08007e2e   Section        0  strcpy.o(.text)
    .text                                    0x08007e40   Section        0  strncmp.o(.text)
    .text                                    0x08007e60   Section        0  __0sscanf.o(.text)
    .text                                    0x08007e98   Section        0  scanf_fp.o(.text)
    _fp_value                                0x08007e99   Thumb Code   256  scanf_fp.o(.text)
    .text                                    0x080081d0   Section        0  dmul.o(.text)
    .text                                    0x080082b4   Section        0  dflti.o(.text)
    .text                                    0x080082d6   Section        0  dfixi.o(.text)
    .text                                    0x08008314   Section        0  f2d.o(.text)
    .text                                    0x0800833c   Section       48  cdcmple.o(.text)
    .text                                    0x0800836c   Section       48  cdrcmple.o(.text)
    .text                                    0x0800839c   Section        0  uidiv.o(.text)
    .text                                    0x080083c8   Section        0  uldiv.o(.text)
    .text                                    0x0800842a   Section        0  llushr.o(.text)
    .text                                    0x0800844c   Section        0  scanf_char.o(.text)
    _scanf_char_input                        0x0800844d   Thumb Code    12  scanf_char.o(.text)
    .text                                    0x08008474   Section        0  _sgetc.o(.text)
    .text                                    0x080084b4   Section        0  strtod.o(.text)
    _local_sscanf                            0x080084b5   Thumb Code    54  strtod.o(.text)
    .text                                    0x08008550   Section        0  iusefp.o(.text)
    .text                                    0x08008550   Section        0  depilogue.o(.text)
    .text                                    0x0800860a   Section        0  dadd.o(.text)
    .text                                    0x08008758   Section        0  ddiv.o(.text)
    .text                                    0x08008836   Section        0  dfltul.o(.text)
    .text                                    0x0800884e   Section        0  dfixul.o(.text)
    .text                                    0x0800887e   Section        0  d2f.o(.text)
    .text                                    0x080088b8   Section       36  init.o(.text)
    .text                                    0x080088dc   Section        0  llshl.o(.text)
    .text                                    0x080088fa   Section        0  llsshr.o(.text)
    .text                                    0x0800891e   Section        0  isspace_c.o(.text)
    .text                                    0x08008928   Section        0  _scanf.o(.text)
    .text                                    0x08008c54   Section        0  fepilogue.o(.text)
    .text                                    0x08008cc4   Section        0  ctype_c.o(.text)
    i.__0printf                              0x08008cec   Section        0  printfa.o(i.__0printf)
    i.__0sprintf                             0x08008d0c   Section        0  printfa.o(i.__0sprintf)
    i.__0vsnprintf                           0x08008d34   Section        0  printfa.o(i.__0vsnprintf)
    i.__free$realloc                         0x08008d58   Section        0  mallocr.o(i.__free$realloc)
    i.__malloc$realloc                       0x08008db4   Section        0  mallocr.o(i.__malloc$realloc)
    i.__scatterload_copy                     0x08008e04   Section       14  handlers.o(i.__scatterload_copy)
    i.__scatterload_null                     0x08008e12   Section        2  handlers.o(i.__scatterload_null)
    i.__scatterload_zeroinit                 0x08008e14   Section       14  handlers.o(i.__scatterload_zeroinit)
    i._fp_digits                             0x08008e24   Section        0  printfa.o(i._fp_digits)
    _fp_digits                               0x08008e25   Thumb Code   334  printfa.o(i._fp_digits)
    i._is_digit                              0x08008f88   Section        0  scanf_fp.o(i._is_digit)
    i._printf_core                           0x08008f98   Section        0  printfa.o(i._printf_core)
    _printf_core                             0x08008f99   Thumb Code  1744  printfa.o(i._printf_core)
    i._printf_post_padding                   0x08009674   Section        0  printfa.o(i._printf_post_padding)
    _printf_post_padding                     0x08009675   Thumb Code    36  printfa.o(i._printf_post_padding)
    i._printf_pre_padding                    0x08009698   Section        0  printfa.o(i._printf_pre_padding)
    _printf_pre_padding                      0x08009699   Thumb Code    46  printfa.o(i._printf_pre_padding)
    i._snputc                                0x080096c6   Section        0  printfa.o(i._snputc)
    _snputc                                  0x080096c7   Thumb Code    22  printfa.o(i._snputc)
    i._sputc                                 0x080096dc   Section        0  printfa.o(i._sputc)
    _sputc                                   0x080096dd   Thumb Code    10  printfa.o(i._sputc)
    i.internal_alloc                         0x080096e8   Section        0  mallocr.o(i.internal_alloc)
    internal_alloc                           0x080096e9   Thumb Code    76  mallocr.o(i.internal_alloc)
    i.realloc                                0x08009738   Section        0  mallocr.o(i.realloc)
    i.strtod                                 0x080097a4   Section        0  strtod.o(i.strtod)
    .constdata                               0x080097c0   Section       80  asr.o(.constdata)
    .constdata                               0x08009810   Section       44  ff.o(.constdata)
    vst                                      0x08009810   Data          22  ff.o(.constdata)
    cst                                      0x08009826   Data          22  ff.o(.constdata)
    .constdata                               0x0800983c   Section       56  ilconv.o(.constdata)
    .constdata                               0x08009874   Section       64  ctype_c.o(.constdata)
    .conststring                             0x080098b4   Section       14  main.o(.conststring)
    .conststring                             0x080098c4   Section        5  ilconv.o(.conststring)
    .data                                    0x20000000   Section       24  main.o(.data)
    .data                                    0x20000018   Section       20  cjson.o(.data)
    global_error                             0x20000018   Data           8  cjson.o(.data)
    global_hooks                             0x20000020   Data          12  cjson.o(.data)
    .data                                    0x2000002c   Section       20  stm32f10x_rcc.o(.data)
    APBAHBPrescTable                         0x2000002c   Data          16  stm32f10x_rcc.o(.data)
    ADCPrescTable                            0x2000003c   Data           4  stm32f10x_rcc.o(.data)
    .data                                    0x20000040   Section       20  system_stm32f10x.o(.data)
    .data                                    0x20000054   Section        1  asr.o(.data)
    .data                                    0x20000056   Section        2  ff.o(.data)
    Fsid                                     0x20000056   Data           2  ff.o(.data)
    .data                                    0x20000058   Section        1  ld3320.o(.data)
    .data                                    0x2000005c   Section       20  mp3.o(.data)
    .data                                    0x20000070   Section        1  sd.o(.data)
    .data                                    0x20000074   Section        8  usart1.o(.data)
    .data                                    0x2000007c   Section        2  usart2.o(.data)
    .data                                    0x20000080   Section        4  mvars.o(.data)
    .data                                    0x20000084   Section        4  mvars.o(.data)
    .bss                                     0x20000088   Section     1680  main.o(.bss)
    .bss                                     0x20000718   Section     6600  mymalloc.o(.bss)
    .bss                                     0x200020e0   Section       15  cjson.o(.bss)
    version                                  0x200020e0   Data          15  cjson.o(.bss)
    .bss                                     0x200020f0   Section       12  ff.o(.bss)
    FatFs                                    0x200020f0   Data          12  ff.o(.bss)
    .bss                                     0x200020fc   Section      552  mp3.o(.bss)
    .bss                                     0x20002324   Section      256  usart1.o(.bss)
    .bss                                     0x20002424   Section     2048  usart2.o(.bss)
    HEAP                                     0x20002c28   Section     3072  startup_stm32f10x_md.o(HEAP)
    STACK                                    0x20003828   Section     1024  startup_stm32f10x_md.o(STACK)

    Global Symbols

    Symbol Name                              Value     Ov Type        Size  Object(Section)

    BuildAttributes$$THM_ISAv4$P$D$K$B$S$PE$A:L22UL41UL21$X:L11$S22US41US21$IEEE1$IW$USESV6$~STKCKD$USESV7$~SHL$OTIME$ROPI$IEEEJ$EBA8$MICROLIB$REQ8$PRES8$EABIv2 0x00000000   Number         0  anon$$obj.o ABSOLUTE
    __ARM_use_no_argv                        0x00000000   Number         0  main.o ABSOLUTE
    __use_no_errno                           0x00000000   Number         0  useno.o ABSOLUTE
    __use_no_exception_handling              0x00000000   Number         0  useno.o ABSOLUTE
    __use_no_fp                              0x00000000   Number         0  useno.o ABSOLUTE
    __use_no_heap                            0x00000000   Number         0  useno.o ABSOLUTE
    __use_no_heap_region                     0x00000000   Number         0  useno.o ABSOLUTE
    __use_no_semihosting                     0x00000000   Number         0  useno.o ABSOLUTE
    __use_no_semihosting_swi                 0x00000000   Number         0  useno.o ABSOLUTE
    __use_no_signal_handling                 0x00000000   Number         0  useno.o ABSOLUTE
    _printf_a                                0x00000000   Number         0  stubs.o ABSOLUTE
    _printf_c                                0x00000000   Number         0  stubs.o ABSOLUTE
    _printf_charcount                        0x00000000   Number         0  stubs.o ABSOLUTE
    _printf_d                                0x00000000   Number         0  stubs.o ABSOLUTE
    _printf_e                                0x00000000   Number         0  stubs.o ABSOLUTE
    _printf_f                                0x00000000   Number         0  stubs.o ABSOLUTE
    _printf_flags                            0x00000000   Number         0  stubs.o ABSOLUTE
    _printf_fp_dec                           0x00000000   Number         0  stubs.o ABSOLUTE
    _printf_fp_hex                           0x00000000   Number         0  stubs.o ABSOLUTE
    _printf_g                                0x00000000   Number         0  stubs.o ABSOLUTE
    _printf_i                                0x00000000   Number         0  stubs.o ABSOLUTE
    _printf_int_dec                          0x00000000   Number         0  stubs.o ABSOLUTE
    _printf_l                                0x00000000   Number         0  stubs.o ABSOLUTE
    _printf_lc                               0x00000000   Number         0  stubs.o ABSOLUTE
    _printf_ll                               0x00000000   Number         0  stubs.o ABSOLUTE
    _printf_lld                              0x00000000   Number         0  stubs.o ABSOLUTE
    _printf_lli                              0x00000000   Number         0  stubs.o ABSOLUTE
    _printf_llo                              0x00000000   Number         0  stubs.o ABSOLUTE
    _printf_llu                              0x00000000   Number         0  stubs.o ABSOLUTE
    _printf_llx                              0x00000000   Number         0  stubs.o ABSOLUTE
    _printf_longlong_dec                     0x00000000   Number         0  stubs.o ABSOLUTE
    _printf_longlong_hex                     0x00000000   Number         0  stubs.o ABSOLUTE
    _printf_longlong_oct                     0x00000000   Number         0  stubs.o ABSOLUTE
    _printf_ls                               0x00000000   Number         0  stubs.o ABSOLUTE
    _printf_mbtowc                           0x00000000   Number         0  stubs.o ABSOLUTE
    _printf_n                                0x00000000   Number         0  stubs.o ABSOLUTE
    _printf_o                                0x00000000   Number         0  stubs.o ABSOLUTE
    _printf_p                                0x00000000   Number         0  stubs.o ABSOLUTE
    _printf_percent                          0x00000000   Number         0  stubs.o ABSOLUTE
    _printf_pre_padding                      0x00000000   Number         0  stubs.o ABSOLUTE
    _printf_return_value                     0x00000000   Number         0  stubs.o ABSOLUTE
    _printf_s                                0x00000000   Number         0  stubs.o ABSOLUTE
    _printf_sizespec                         0x00000000   Number         0  stubs.o ABSOLUTE
    _printf_str                              0x00000000   Number         0  stubs.o ABSOLUTE
    _printf_truncate_signed                  0x00000000   Number         0  stubs.o ABSOLUTE
    _printf_truncate_unsigned                0x00000000   Number         0  stubs.o ABSOLUTE
    _printf_u                                0x00000000   Number         0  stubs.o ABSOLUTE
    _printf_wc                               0x00000000   Number         0  stubs.o ABSOLUTE
    _printf_wctomb                           0x00000000   Number         0  stubs.o ABSOLUTE
    _printf_widthprec                        0x00000000   Number         0  stubs.o ABSOLUTE
    _printf_x                                0x00000000   Number         0  stubs.o ABSOLUTE
    __cpp_initialize__aeabi_                  - Undefined Weak Reference
    __cxa_finalize                            - Undefined Weak Reference
    __decompress                              - Undefined Weak Reference
    _clock_init                               - Undefined Weak Reference
    _microlib_exit                            - Undefined Weak Reference
    _scanf_int                                - Undefined Weak Reference
    _scanf_longlong                           - Undefined Weak Reference
    _scanf_string                             - Undefined Weak Reference
    __Vectors_Size                           0x000000ec   Number         0  startup_stm32f10x_md.o ABSOLUTE
    __Vectors                                0x08000000   Data           4  startup_stm32f10x_md.o(RESET)
    __Vectors_End                            0x080000ec   Data           0  startup_stm32f10x_md.o(RESET)
    __main                                   0x080000ed   Thumb Code     0  entry.o(.ARM.Collect$$$$00000000)
    _main_stk                                0x080000ed   Thumb Code     0  entry2.o(.ARM.Collect$$$$00000001)
    _main_scatterload                        0x080000f1   Thumb Code     0  entry5.o(.ARM.Collect$$$$00000004)
    __main_after_scatterload                 0x080000f5   Thumb Code     0  entry5.o(.ARM.Collect$$$$00000004)
    _main_clock                              0x080000f5   Thumb Code     0  entry7b.o(.ARM.Collect$$$$00000008)
    _main_cpp_init                           0x080000f5   Thumb Code     0  entry8b.o(.ARM.Collect$$$$0000000A)
    _main_init                               0x080000f5   Thumb Code     0  entry9a.o(.ARM.Collect$$$$0000000B)
    __rt_final_cpp                           0x080000fd   Thumb Code     0  entry10a.o(.ARM.Collect$$$$0000000D)
    __rt_final_exit                          0x080000fd   Thumb Code     0  entry11a.o(.ARM.Collect$$$$0000000F)
    NMI_Handler                              0x08000101   Thumb Code     2  stm32f10x_it.o(.text)
    HardFault_Handler                        0x08000103   Thumb Code     4  stm32f10x_it.o(.text)
    MemManage_Handler                        0x08000107   Thumb Code     4  stm32f10x_it.o(.text)
    BusFault_Handler                         0x0800010b   Thumb Code     4  stm32f10x_it.o(.text)
    UsageFault_Handler                       0x0800010f   Thumb Code     4  stm32f10x_it.o(.text)
    SVC_Handler                              0x08000113   Thumb Code     2  stm32f10x_it.o(.text)
    DebugMon_Handler                         0x08000115   Thumb Code     2  stm32f10x_it.o(.text)
    PendSV_Handler                           0x08000117   Thumb Code     2  stm32f10x_it.o(.text)
    SysTick_Handler                          0x08000119   Thumb Code     2  stm32f10x_it.o(.text)
    processMessage                           0x0800011d   Thumb Code   364  main.o(.text)
    setup                                    0x08000289   Thumb Code    70  main.o(.text)
    read_print                               0x080002cf   Thumb Code    54  main.o(.text)
    main                                     0x08000305   Thumb Code  1148  main.o(.text)
    delay_init                               0x08000785   Thumb Code    12  delay.o(.text)
    delay_us                                 0x08000791   Thumb Code    70  delay.o(.text)
    delay_ms                                 0x080007d7   Thumb Code   252  delay.o(.text)
    delay_s                                  0x080008d3   Thumb Code    24  delay.o(.text)
    mymen_Init                               0x080008f1   Thumb Code    26  mymalloc.o(.text)
    mymalloc                                 0x0800090b   Thumb Code   116  mymalloc.o(.text)
    myfree                                   0x0800097f   Thumb Code    58  mymalloc.o(.text)
    cJSON_GetErrorPtr                        0x080009c1   Thumb Code    12  cjson.o(.text)
    cJSON_Version                            0x080009cd   Thumb Code    22  cjson.o(.text)
    cJSON_InitHooks                          0x08000a61   Thumb Code    82  cjson.o(.text)
    cJSON_Delete                             0x08000acd   Thumb Code    84  cjson.o(.text)
    cJSON_SetNumberHelper                    0x08000c59   Thumb Code    72  cjson.o(.text)
    cJSON_ParseWithOpts                      0x080016af   Thumb Code   228  cjson.o(.text)
    cJSON_Parse                              0x08001793   Thumb Code    16  cjson.o(.text)
    cJSON_Print                              0x08001b7b   Thumb Code    16  cjson.o(.text)
    cJSON_PrintUnformatted                   0x08001b8b   Thumb Code    16  cjson.o(.text)
    cJSON_PrintBuffered                      0x08001b9b   Thumb Code    82  cjson.o(.text)
    cJSON_PrintPreallocated                  0x08001bed   Thumb Code    62  cjson.o(.text)
    cJSON_GetArraySize                       0x08001c2b   Thumb Code    18  cjson.o(.text)
    cJSON_GetArrayItem                       0x08001c5b   Thumb Code    24  cjson.o(.text)
    cJSON_GetObjectItem                      0x08001cb7   Thumb Code    18  cjson.o(.text)
    cJSON_GetObjectItemCaseSensitive         0x08001cc9   Thumb Code    18  cjson.o(.text)
    cJSON_HasObjectItem                      0x08001cdb   Thumb Code    24  cjson.o(.text)
    cJSON_AddItemToArray                     0x08001d2d   Thumb Code    44  cjson.o(.text)
    cJSON_AddItemToObjectCS                  0x08001d59   Thumb Code    54  cjson.o(.text)
    cJSON_AddItemToObject                    0x08001d8f   Thumb Code    42  cjson.o(.text)
    cJSON_AddItemReferenceToArray            0x08001db9   Thumb Code    26  cjson.o(.text)
    cJSON_AddItemReferenceToObject           0x08001dd3   Thumb Code    34  cjson.o(.text)
    cJSON_DetachItemViaPointer               0x08001df5   Thumb Code    50  cjson.o(.text)
    cJSON_DetachItemFromArray                0x08001e27   Thumb Code    34  cjson.o(.text)
    cJSON_DeleteItemFromArray                0x08001e49   Thumb Code    22  cjson.o(.text)
    cJSON_DetachItemFromObject               0x08001e5f   Thumb Code    26  cjson.o(.text)
    cJSON_DetachItemFromObjectCaseSensitive  0x08001e79   Thumb Code    26  cjson.o(.text)
    cJSON_DeleteItemFromObject               0x08001e93   Thumb Code    22  cjson.o(.text)
    cJSON_DeleteItemFromObjectCaseSensitive  0x08001ea9   Thumb Code    22  cjson.o(.text)
    cJSON_InsertItemInArray                  0x08001ebf   Thumb Code    68  cjson.o(.text)
    cJSON_ReplaceItemViaPointer              0x08001f03   Thumb Code    72  cjson.o(.text)
    cJSON_ReplaceItemInArray                 0x08001f4b   Thumb Code    46  cjson.o(.text)
    cJSON_free                               0x08001f79   Thumb Code    14  cjson.o(.text)
    cJSON_ReplaceItemInObject                0x08001fd9   Thumb Code    22  cjson.o(.text)
    cJSON_ReplaceItemInObjectCaseSensitive   0x08001fef   Thumb Code    22  cjson.o(.text)
    cJSON_CreateNull                         0x08002005   Thumb Code    20  cjson.o(.text)
    cJSON_CreateTrue                         0x08002019   Thumb Code    20  cjson.o(.text)
    cJSON_CreateFalse                        0x0800202d   Thumb Code    20  cjson.o(.text)
    cJSON_CreateBool                         0x08002041   Thumb Code    28  cjson.o(.text)
    cJSON_CreateNumber                       0x0800205d   Thumb Code    82  cjson.o(.text)
    cJSON_CreateString                       0x080020af   Thumb Code    46  cjson.o(.text)
    cJSON_CreateRaw                          0x080020dd   Thumb Code    46  cjson.o(.text)
    cJSON_CreateArray                        0x0800210b   Thumb Code    20  cjson.o(.text)
    cJSON_CreateObject                       0x0800211f   Thumb Code    20  cjson.o(.text)
    cJSON_CreateIntArray                     0x08002133   Thumb Code    98  cjson.o(.text)
    cJSON_CreateFloatArray                   0x08002195   Thumb Code    98  cjson.o(.text)
    cJSON_CreateDoubleArray                  0x080021f7   Thumb Code    92  cjson.o(.text)
    cJSON_CreateStringArray                  0x08002253   Thumb Code    86  cjson.o(.text)
    cJSON_Duplicate                          0x080022a9   Thumb Code   196  cjson.o(.text)
    cJSON_Minify                             0x0800236d   Thumb Code   186  cjson.o(.text)
    cJSON_IsInvalid                          0x08002427   Thumb Code    20  cjson.o(.text)
    cJSON_IsFalse                            0x0800243b   Thumb Code    20  cjson.o(.text)
    cJSON_IsTrue                             0x0800244f   Thumb Code    22  cjson.o(.text)
    cJSON_IsBool                             0x08002465   Thumb Code    24  cjson.o(.text)
    cJSON_IsNull                             0x0800247d   Thumb Code    22  cjson.o(.text)
    cJSON_IsNumber                           0x08002493   Thumb Code    22  cjson.o(.text)
    cJSON_IsString                           0x080024a9   Thumb Code    22  cjson.o(.text)
    cJSON_IsArray                            0x080024bf   Thumb Code    22  cjson.o(.text)
    cJSON_IsObject                           0x080024d5   Thumb Code    22  cjson.o(.text)
    cJSON_IsRaw                              0x080024eb   Thumb Code    22  cjson.o(.text)
    cJSON_Compare                            0x08002501   Thumb Code   322  cjson.o(.text)
    cJSON_malloc                             0x08002643   Thumb Code    14  cjson.o(.text)
    checkin                                  0x08002655   Thumb Code    18  bigiot.o(.text)
    checkout                                 0x08002667   Thumb Code    18  bigiot.o(.text)
    check_status                             0x08002679   Thumb Code    10  bigiot.o(.text)
    say                                      0x08002683   Thumb Code    18  bigiot.o(.text)
    update1                                  0x08002695   Thumb Code    34  bigiot.o(.text)
    MILLIS_Init                              0x08002761   Thumb Code   196  millis.o(.text)
    RTCAlarm_IRQHandler                      0x08002825   Thumb Code    26  millis.o(.text)
    RTC_IRQHandler                           0x0800283f   Thumb Code    46  millis.o(.text)
    millis                                   0x0800286d   Thumb Code    16  millis.o(.text)
    RCC_DeInit                               0x08002881   Thumb Code    64  stm32f10x_rcc.o(.text)
    RCC_HSEConfig                            0x080028c1   Thumb Code    70  stm32f10x_rcc.o(.text)
    RCC_GetFlagStatus                        0x08002907   Thumb Code    56  stm32f10x_rcc.o(.text)
    RCC_WaitForHSEStartUp                    0x0800293f   Thumb Code    56  stm32f10x_rcc.o(.text)
    RCC_AdjustHSICalibrationValue            0x08002977   Thumb Code    20  stm32f10x_rcc.o(.text)
    RCC_HSICmd                               0x0800298b   Thumb Code     6  stm32f10x_rcc.o(.text)
    RCC_PLLConfig                            0x08002991   Thumb Code    24  stm32f10x_rcc.o(.text)
    RCC_PLLCmd                               0x080029a9   Thumb Code     6  stm32f10x_rcc.o(.text)
    RCC_SYSCLKConfig                         0x080029af   Thumb Code    18  stm32f10x_rcc.o(.text)
    RCC_GetSYSCLKSource                      0x080029c1   Thumb Code    10  stm32f10x_rcc.o(.text)
    RCC_HCLKConfig                           0x080029cb   Thumb Code    18  stm32f10x_rcc.o(.text)
    RCC_PCLK1Config                          0x080029dd   Thumb Code    18  stm32f10x_rcc.o(.text)
    RCC_PCLK2Config                          0x080029ef   Thumb Code    20  stm32f10x_rcc.o(.text)
    RCC_ITConfig                             0x08002a03   Thumb Code    26  stm32f10x_rcc.o(.text)
    RCC_USBCLKConfig                         0x08002a1d   Thumb Code     8  stm32f10x_rcc.o(.text)
    RCC_ADCCLKConfig                         0x08002a25   Thumb Code    18  stm32f10x_rcc.o(.text)
    RCC_LSEConfig                            0x08002a37   Thumb Code    50  stm32f10x_rcc.o(.text)
    RCC_LSICmd                               0x08002a69   Thumb Code     6  stm32f10x_rcc.o(.text)
    RCC_RTCCLKConfig                         0x08002a6f   Thumb Code    12  stm32f10x_rcc.o(.text)
    RCC_RTCCLKCmd                            0x08002a7b   Thumb Code     8  stm32f10x_rcc.o(.text)
    RCC_GetClocksFreq                        0x08002a83   Thumb Code   192  stm32f10x_rcc.o(.text)
    RCC_AHBPeriphClockCmd                    0x08002b43   Thumb Code    26  stm32f10x_rcc.o(.text)
    RCC_APB2PeriphClockCmd                   0x08002b5d   Thumb Code    26  stm32f10x_rcc.o(.text)
    RCC_APB1PeriphClockCmd                   0x08002b77   Thumb Code    26  stm32f10x_rcc.o(.text)
    RCC_APB2PeriphResetCmd                   0x08002b91   Thumb Code    26  stm32f10x_rcc.o(.text)
    RCC_APB1PeriphResetCmd                   0x08002bab   Thumb Code    26  stm32f10x_rcc.o(.text)
    RCC_BackupResetCmd                       0x08002bc5   Thumb Code     8  stm32f10x_rcc.o(.text)
    RCC_ClockSecuritySystemCmd               0x08002bcd   Thumb Code     6  stm32f10x_rcc.o(.text)
    RCC_MCOConfig                            0x08002bd3   Thumb Code     6  stm32f10x_rcc.o(.text)
    RCC_ClearFlag                            0x08002bd9   Thumb Code    14  stm32f10x_rcc.o(.text)
    RCC_GetITStatus                          0x08002be7   Thumb Code    20  stm32f10x_rcc.o(.text)
    RCC_ClearITPendingBit                    0x08002bfb   Thumb Code     6  stm32f10x_rcc.o(.text)
    GPIO_DeInit                              0x08002c25   Thumb Code   172  stm32f10x_gpio.o(.text)
    GPIO_AFIODeInit                          0x08002cd1   Thumb Code    20  stm32f10x_gpio.o(.text)
    GPIO_Init                                0x08002ce5   Thumb Code   278  stm32f10x_gpio.o(.text)
    GPIO_StructInit                          0x08002dfb   Thumb Code    16  stm32f10x_gpio.o(.text)
    GPIO_ReadInputDataBit                    0x08002e0b   Thumb Code    18  stm32f10x_gpio.o(.text)
    GPIO_ReadInputData                       0x08002e1d   Thumb Code     8  stm32f10x_gpio.o(.text)
    GPIO_ReadOutputDataBit                   0x08002e25   Thumb Code    18  stm32f10x_gpio.o(.text)
    GPIO_ReadOutputData                      0x08002e37   Thumb Code     8  stm32f10x_gpio.o(.text)
    GPIO_SetBits                             0x08002e3f   Thumb Code     4  stm32f10x_gpio.o(.text)
    GPIO_ResetBits                           0x08002e43   Thumb Code     4  stm32f10x_gpio.o(.text)
    GPIO_WriteBit                            0x08002e47   Thumb Code    10  stm32f10x_gpio.o(.text)
    GPIO_Write                               0x08002e51   Thumb Code     4  stm32f10x_gpio.o(.text)
    GPIO_PinLockConfig                       0x08002e55   Thumb Code    18  stm32f10x_gpio.o(.text)
    GPIO_EventOutputConfig                   0x08002e67   Thumb Code    26  stm32f10x_gpio.o(.text)
    GPIO_EventOutputCmd                      0x08002e81   Thumb Code     6  stm32f10x_gpio.o(.text)
    GPIO_PinRemapConfig                      0x08002e87   Thumb Code   138  stm32f10x_gpio.o(.text)
    GPIO_EXTILineConfig                      0x08002f11   Thumb Code    66  stm32f10x_gpio.o(.text)
    GPIO_ETH_MediaInterfaceConfig            0x08002f53   Thumb Code     8  stm32f10x_gpio.o(.text)
    NVIC_PriorityGroupConfig                 0x08002f81   Thumb Code    10  misc.o(.text)
    NVIC_Init                                0x08002f8b   Thumb Code   100  misc.o(.text)
    NVIC_SetVectorTable                      0x08002fef   Thumb Code    14  misc.o(.text)
    NVIC_SystemLPConfig                      0x08002ffd   Thumb Code    34  misc.o(.text)
    SysTick_CLKSourceConfig                  0x0800301f   Thumb Code    40  misc.o(.text)
    EXTI_DeInit                              0x0800305d   Thumb Code    28  stm32f10x_exti.o(.text)
    EXTI_Init                                0x08003079   Thumb Code   142  stm32f10x_exti.o(.text)
    EXTI_StructInit                          0x08003107   Thumb Code    16  stm32f10x_exti.o(.text)
    EXTI_GenerateSWInterrupt                 0x08003117   Thumb Code    16  stm32f10x_exti.o(.text)
    EXTI_GetFlagStatus                       0x08003127   Thumb Code    22  stm32f10x_exti.o(.text)
    EXTI_ClearFlag                           0x0800313d   Thumb Code     8  stm32f10x_exti.o(.text)
    EXTI_GetITStatus                         0x08003145   Thumb Code    34  stm32f10x_exti.o(.text)
    EXTI_ClearITPendingBit                   0x08003167   Thumb Code     8  stm32f10x_exti.o(.text)
    SPI_I2S_DeInit                           0x08003179   Thumb Code    76  stm32f10x_spi.o(.text)
    SPI_Init                                 0x080031c5   Thumb Code    60  stm32f10x_spi.o(.text)
    I2S_Init                                 0x08003201   Thumb Code   226  stm32f10x_spi.o(.text)
    SPI_StructInit                           0x080032e3   Thumb Code    24  stm32f10x_spi.o(.text)
    I2S_StructInit                           0x080032fb   Thumb Code    20  stm32f10x_spi.o(.text)
    SPI_Cmd                                  0x0800330f   Thumb Code    24  stm32f10x_spi.o(.text)
    I2S_Cmd                                  0x08003327   Thumb Code    24  stm32f10x_spi.o(.text)
    SPI_I2S_ITConfig                         0x0800333f   Thumb Code    32  stm32f10x_spi.o(.text)
    SPI_I2S_DMACmd                           0x0800335f   Thumb Code    18  stm32f10x_spi.o(.text)
    SPI_I2S_SendData                         0x08003371   Thumb Code     4  stm32f10x_spi.o(.text)
    SPI_I2S_ReceiveData                      0x08003375   Thumb Code     6  stm32f10x_spi.o(.text)
    SPI_NSSInternalSoftwareConfig            0x0800337b   Thumb Code    30  stm32f10x_spi.o(.text)
    SPI_SSOutputCmd                          0x08003399   Thumb Code    24  stm32f10x_spi.o(.text)
    SPI_DataSizeConfig                       0x080033b1   Thumb Code    18  stm32f10x_spi.o(.text)
    SPI_TransmitCRC                          0x080033c3   Thumb Code    10  stm32f10x_spi.o(.text)
    SPI_CalculateCRC                         0x080033cd   Thumb Code    24  stm32f10x_spi.o(.text)
    SPI_GetCRC                               0x080033e5   Thumb Code    16  stm32f10x_spi.o(.text)
    SPI_GetCRCPolynomial                     0x080033f5   Thumb Code     6  stm32f10x_spi.o(.text)
    SPI_BiDirectionalLineConfig              0x080033fb   Thumb Code    28  stm32f10x_spi.o(.text)
    SPI_I2S_GetFlagStatus                    0x08003417   Thumb Code    18  stm32f10x_spi.o(.text)
    SPI_I2S_ClearFlag                        0x08003429   Thumb Code     6  stm32f10x_spi.o(.text)
    SPI_I2S_GetITStatus                      0x0800342f   Thumb Code    52  stm32f10x_spi.o(.text)
    SPI_I2S_ClearITPendingBit                0x08003463   Thumb Code    20  stm32f10x_spi.o(.text)
    USART_DeInit                             0x08003485   Thumb Code   134  stm32f10x_usart.o(.text)
    USART_Init                               0x0800350b   Thumb Code   210  stm32f10x_usart.o(.text)
    USART_StructInit                         0x080035dd   Thumb Code    24  stm32f10x_usart.o(.text)
    USART_ClockInit                          0x080035f5   Thumb Code    34  stm32f10x_usart.o(.text)
    USART_ClockStructInit                    0x08003617   Thumb Code    12  stm32f10x_usart.o(.text)
    USART_Cmd                                0x08003623   Thumb Code    24  stm32f10x_usart.o(.text)
    USART_ITConfig                           0x0800363b   Thumb Code    74  stm32f10x_usart.o(.text)
    USART_DMACmd                             0x08003685   Thumb Code    18  stm32f10x_usart.o(.text)
    USART_SetAddress                         0x08003697   Thumb Code    18  stm32f10x_usart.o(.text)
    USART_WakeUpConfig                       0x080036a9   Thumb Code    18  stm32f10x_usart.o(.text)
    USART_ReceiverWakeUpCmd                  0x080036bb   Thumb Code    24  stm32f10x_usart.o(.text)
    USART_LINBreakDetectLengthConfig         0x080036d3   Thumb Code    18  stm32f10x_usart.o(.text)
    USART_LINCmd                             0x080036e5   Thumb Code    24  stm32f10x_usart.o(.text)
    USART_SendData                           0x080036fd   Thumb Code     8  stm32f10x_usart.o(.text)
    USART_ReceiveData                        0x08003705   Thumb Code    10  stm32f10x_usart.o(.text)
    USART_SendBreak                          0x0800370f   Thumb Code    10  stm32f10x_usart.o(.text)
    USART_SetGuardTime                       0x08003719   Thumb Code    16  stm32f10x_usart.o(.text)
    USART_SetPrescaler                       0x08003729   Thumb Code    16  stm32f10x_usart.o(.text)
    USART_SmartCardCmd                       0x08003739   Thumb Code    24  stm32f10x_usart.o(.text)
    USART_SmartCardNACKCmd                   0x08003751   Thumb Code    24  stm32f10x_usart.o(.text)
    USART_HalfDuplexCmd                      0x08003769   Thumb Code    24  stm32f10x_usart.o(.text)
    USART_OverSampling8Cmd                   0x08003781   Thumb Code    22  stm32f10x_usart.o(.text)
    USART_OneBitMethodCmd                    0x08003797   Thumb Code    24  stm32f10x_usart.o(.text)
    USART_IrDAConfig                         0x080037af   Thumb Code    18  stm32f10x_usart.o(.text)
    USART_IrDACmd                            0x080037c1   Thumb Code    24  stm32f10x_usart.o(.text)
    USART_GetFlagStatus                      0x080037d9   Thumb Code    26  stm32f10x_usart.o(.text)
    USART_ClearFlag                          0x080037f3   Thumb Code    18  stm32f10x_usart.o(.text)
    USART_GetITStatus                        0x08003805   Thumb Code    84  stm32f10x_usart.o(.text)
    USART_ClearITPendingBit                  0x08003859   Thumb Code    52  stm32f10x_usart.o(.text)
    BKP_DeInit                               0x0800388d   Thumb Code    16  stm32f10x_bkp.o(.text)
    BKP_TamperPinLevelConfig                 0x0800389d   Thumb Code     6  stm32f10x_bkp.o(.text)
    BKP_TamperPinCmd                         0x080038a3   Thumb Code     8  stm32f10x_bkp.o(.text)
    BKP_ITConfig                             0x080038ab   Thumb Code     8  stm32f10x_bkp.o(.text)
    BKP_RTCOutputConfig                      0x080038b3   Thumb Code    22  stm32f10x_bkp.o(.text)
    BKP_SetRTCCalibrationValue               0x080038c9   Thumb Code    22  stm32f10x_bkp.o(.text)
    BKP_WriteBackupRegister                  0x080038df   Thumb Code    24  stm32f10x_bkp.o(.text)
    BKP_ReadBackupRegister                   0x080038f7   Thumb Code    26  stm32f10x_bkp.o(.text)
    BKP_GetFlagStatus                        0x08003911   Thumb Code    10  stm32f10x_bkp.o(.text)
    BKP_ClearFlag                            0x0800391b   Thumb Code    18  stm32f10x_bkp.o(.text)
    BKP_GetITStatus                          0x0800392d   Thumb Code    10  stm32f10x_bkp.o(.text)
    BKP_ClearITPendingBit                    0x08003937   Thumb Code    18  stm32f10x_bkp.o(.text)
    PWR_DeInit                               0x08003951   Thumb Code    22  stm32f10x_pwr.o(.text)
    PWR_BackupAccessCmd                      0x08003967   Thumb Code     6  stm32f10x_pwr.o(.text)
    PWR_PVDCmd                               0x0800396d   Thumb Code     6  stm32f10x_pwr.o(.text)
    PWR_PVDLevelConfig                       0x08003973   Thumb Code    18  stm32f10x_pwr.o(.text)
    PWR_WakeUpPinCmd                         0x08003985   Thumb Code     8  stm32f10x_pwr.o(.text)
    PWR_EnterSTOPMode                        0x0800398d   Thumb Code    54  stm32f10x_pwr.o(.text)
    PWR_EnterSTANDBYMode                     0x080039c3   Thumb Code    42  stm32f10x_pwr.o(.text)
    PWR_GetFlagStatus                        0x080039ed   Thumb Code    20  stm32f10x_pwr.o(.text)
    PWR_ClearFlag                            0x08003a01   Thumb Code    14  stm32f10x_pwr.o(.text)
    RTC_ITConfig                             0x08003a1d   Thumb Code    26  stm32f10x_rtc.o(.text)
    RTC_EnterConfigMode                      0x08003a37   Thumb Code    18  stm32f10x_rtc.o(.text)
    RTC_ExitConfigMode                       0x08003a49   Thumb Code    20  stm32f10x_rtc.o(.text)
    RTC_GetCounter                           0x08003a5d   Thumb Code    18  stm32f10x_rtc.o(.text)
    RTC_SetCounter                           0x08003a6f   Thumb Code    26  stm32f10x_rtc.o(.text)
    RTC_SetPrescaler                         0x08003a89   Thumb Code    28  stm32f10x_rtc.o(.text)
    RTC_SetAlarm                             0x08003aa5   Thumb Code    26  stm32f10x_rtc.o(.text)
    RTC_GetDivider                           0x08003abf   Thumb Code    22  stm32f10x_rtc.o(.text)
    RTC_WaitForLastTask                      0x08003ad5   Thumb Code    18  stm32f10x_rtc.o(.text)
    RTC_WaitForSynchro                       0x08003ae7   Thumb Code    36  stm32f10x_rtc.o(.text)
    RTC_GetFlagStatus                        0x08003b0b   Thumb Code    22  stm32f10x_rtc.o(.text)
    RTC_ClearFlag                            0x08003b21   Thumb Code    16  stm32f10x_rtc.o(.text)
    RTC_GetITStatus                          0x08003b31   Thumb Code    32  stm32f10x_rtc.o(.text)
    RTC_ClearITPendingBit                    0x08003b51   Thumb Code    16  stm32f10x_rtc.o(.text)
    SystemInit                               0x08003c43   Thumb Code    78  system_stm32f10x.o(.text)
    SystemCoreClockUpdate                    0x08003c91   Thumb Code   142  system_stm32f10x.o(.text)
    Reset_Handler                            0x08003d45   Thumb Code     8  startup_stm32f10x_md.o(.text)
    ADC1_2_IRQHandler                        0x08003d5f   Thumb Code     0  startup_stm32f10x_md.o(.text)
    CAN1_RX1_IRQHandler                      0x08003d5f   Thumb Code     0  startup_stm32f10x_md.o(.text)
    CAN1_SCE_IRQHandler                      0x08003d5f   Thumb Code     0  startup_stm32f10x_md.o(.text)
    DMA1_Channel1_IRQHandler                 0x08003d5f   Thumb Code     0  startup_stm32f10x_md.o(.text)
    DMA1_Channel2_IRQHandler                 0x08003d5f   Thumb Code     0  startup_stm32f10x_md.o(.text)
    DMA1_Channel3_IRQHandler                 0x08003d5f   Thumb Code     0  startup_stm32f10x_md.o(.text)
    DMA1_Channel4_IRQHandler                 0x08003d5f   Thumb Code     0  startup_stm32f10x_md.o(.text)
    DMA1_Channel5_IRQHandler                 0x08003d5f   Thumb Code     0  startup_stm32f10x_md.o(.text)
    DMA1_Channel6_IRQHandler                 0x08003d5f   Thumb Code     0  startup_stm32f10x_md.o(.text)
    DMA1_Channel7_IRQHandler                 0x08003d5f   Thumb Code     0  startup_stm32f10x_md.o(.text)
    EXTI0_IRQHandler                         0x08003d5f   Thumb Code     0  startup_stm32f10x_md.o(.text)
    EXTI15_10_IRQHandler                     0x08003d5f   Thumb Code     0  startup_stm32f10x_md.o(.text)
    EXTI1_IRQHandler                         0x08003d5f   Thumb Code     0  startup_stm32f10x_md.o(.text)
    EXTI2_IRQHandler                         0x08003d5f   Thumb Code     0  startup_stm32f10x_md.o(.text)
    EXTI3_IRQHandler                         0x08003d5f   Thumb Code     0  startup_stm32f10x_md.o(.text)
    EXTI4_IRQHandler                         0x08003d5f   Thumb Code     0  startup_stm32f10x_md.o(.text)
    FLASH_IRQHandler                         0x08003d5f   Thumb Code     0  startup_stm32f10x_md.o(.text)
    I2C1_ER_IRQHandler                       0x08003d5f   Thumb Code     0  startup_stm32f10x_md.o(.text)
    I2C1_EV_IRQHandler                       0x08003d5f   Thumb Code     0  startup_stm32f10x_md.o(.text)
    I2C2_ER_IRQHandler                       0x08003d5f   Thumb Code     0  startup_stm32f10x_md.o(.text)
    I2C2_EV_IRQHandler                       0x08003d5f   Thumb Code     0  startup_stm32f10x_md.o(.text)
    PVD_IRQHandler                           0x08003d5f   Thumb Code     0  startup_stm32f10x_md.o(.text)
    RCC_IRQHandler                           0x08003d5f   Thumb Code     0  startup_stm32f10x_md.o(.text)
    SPI1_IRQHandler                          0x08003d5f   Thumb Code     0  startup_stm32f10x_md.o(.text)
    SPI2_IRQHandler                          0x08003d5f   Thumb Code     0  startup_stm32f10x_md.o(.text)
    TAMPER_IRQHandler                        0x08003d5f   Thumb Code     0  startup_stm32f10x_md.o(.text)
    TIM1_BRK_IRQHandler                      0x08003d5f   Thumb Code     0  startup_stm32f10x_md.o(.text)
    TIM1_CC_IRQHandler                       0x08003d5f   Thumb Code     0  startup_stm32f10x_md.o(.text)
    TIM1_TRG_COM_IRQHandler                  0x08003d5f   Thumb Code     0  startup_stm32f10x_md.o(.text)
    TIM1_UP_IRQHandler                       0x08003d5f   Thumb Code     0  startup_stm32f10x_md.o(.text)
    TIM2_IRQHandler                          0x08003d5f   Thumb Code     0  startup_stm32f10x_md.o(.text)
    TIM3_IRQHandler                          0x08003d5f   Thumb Code     0  startup_stm32f10x_md.o(.text)
    TIM4_IRQHandler                          0x08003d5f   Thumb Code     0  startup_stm32f10x_md.o(.text)
    USART3_IRQHandler                        0x08003d5f   Thumb Code     0  startup_stm32f10x_md.o(.text)
    USBWakeUp_IRQHandler                     0x08003d5f   Thumb Code     0  startup_stm32f10x_md.o(.text)
    USB_HP_CAN1_TX_IRQHandler                0x08003d5f   Thumb Code     0  startup_stm32f10x_md.o(.text)
    USB_LP_CAN1_RX0_IRQHandler               0x08003d5f   Thumb Code     0  startup_stm32f10x_md.o(.text)
    WWDG_IRQHandler                          0x08003d5f   Thumb Code     0  startup_stm32f10x_md.o(.text)
    LD_Check_ASRBusyFlag_b2                  0x08003d69   Thumb Code    42  asr.o(.text)
    LD_AsrRun                                0x08003d93   Thumb Code   122  asr.o(.text)
    LD_AsrAddFixed                           0x08003e0d   Thumb Code   170  asr.o(.text)
    LD_Init_ASR                              0x08003eb7   Thumb Code   114  asr.o(.text)
    RunASR                                   0x08003f29   Thumb Code    80  asr.o(.text)
    LD_GetResult                             0x08003f79   Thumb Code    10  asr.o(.text)
    ProcessInt_ASR                           0x08003f83   Thumb Code   178  asr.o(.text)
    disk_initialize                          0x08004049   Thumb Code    48  diskio.o(.text)
    disk_status                              0x08004079   Thumb Code     6  diskio.o(.text)
    disk_read                                0x0800407f   Thumb Code    82  diskio.o(.text)
    disk_write                               0x080040d1   Thumb Code    62  diskio.o(.text)
    disk_ioctl                               0x0800410f   Thumb Code    96  diskio.o(.text)
    get_fattime                              0x0800416f   Thumb Code     4  diskio.o(.text)
    ff_memalloc                              0x08004173   Thumb Code    12  diskio.o(.text)
    ff_memfree                               0x0800417f   Thumb Code    12  diskio.o(.text)
    clust2sect                               0x0800433f   Thumb Code    26  ff.o(.text)
    get_fat                                  0x08004359   Thumb Code   232  ff.o(.text)
    put_fat                                  0x08004441   Thumb Code   310  ff.o(.text)
    dir_sdi                                  0x080046eb   Thumb Code   158  ff.o(.text)
    f_mount                                  0x08005141   Thumb Code    86  ff.o(.text)
    f_open                                   0x08005197   Thumb Code   356  ff.o(.text)
    f_read                                   0x080052fb   Thumb Code   450  ff.o(.text)
    f_write                                  0x080054bd   Thumb Code   490  ff.o(.text)
    f_sync                                   0x080056a7   Thumb Code   176  ff.o(.text)
    f_close                                  0x08005757   Thumb Code    36  ff.o(.text)
    f_lseek                                  0x0800577b   Thumb Code   654  ff.o(.text)
    f_opendir                                0x08005a09   Thumb Code   110  ff.o(.text)
    f_closedir                               0x08005a77   Thumb Code    22  ff.o(.text)
    f_readdir                                0x08005a8d   Thumb Code    88  ff.o(.text)
    f_stat                                   0x08005ae5   Thumb Code    60  ff.o(.text)
    f_getfree                                0x08005b21   Thumb Code   258  ff.o(.text)
    f_truncate                               0x08005c23   Thumb Code   184  ff.o(.text)
    f_unlink                                 0x08005cdb   Thumb Code   170  ff.o(.text)
    f_mkdir                                  0x08005d85   Thumb Code   352  ff.o(.text)
    f_chmod                                  0x08005ee5   Thumb Code    84  ff.o(.text)
    f_utime                                  0x08005f39   Thumb Code    86  ff.o(.text)
    f_rename                                 0x08005f8f   Thumb Code   284  ff.o(.text)
    f_getlabel                               0x080060ab   Thumb Code   190  ff.o(.text)
    f_setlabel                               0x08006169   Thumb Code   462  ff.o(.text)
    f_mkfs                                   0x08006337   Thumb Code  1570  ff.o(.text)
    f_gets                                   0x08006959   Thumb Code    82  ff.o(.text)
    f_putc                                   0x080069ef   Thumb Code    64  ff.o(.text)
    f_puts                                   0x08006a2f   Thumb Code    74  ff.o(.text)
    f_printf                                 0x08006a79   Thumb Code   674  ff.o(.text)
    LD_reset                                 0x08006d1d   Thumb Code    68  ld3320.o(.text)
    spi_send_byte                            0x08006d61   Thumb Code    12  ld3320.o(.text)
    LD_WriteReg                              0x08006d6d   Thumb Code    44  ld3320.o(.text)
    LD_ReadReg                               0x08006d99   Thumb Code    46  ld3320.o(.text)
    LD_Init_Common                           0x08006dc7   Thumb Code   200  ld3320.o(.text)
    LD3320_EXTI_Init                         0x08006e8f   Thumb Code   126  ld3320.o(.text)
    LD3320_GPIO_init                         0x08006f0d   Thumb Code    76  ld3320.o(.text)
    CLK_Configuration                        0x08006f59   Thumb Code    38  ld3320.o(.text)
    LD3320_Init                              0x08006f7f   Thumb Code    24  ld3320.o(.text)
    EXTI9_5_IRQHandler                       0x08006f97   Thumb Code    40  ld3320.o(.text)
    fill_the_fifo                            0x08006fdd   Thumb Code    38  mp3.o(.text)
    LD_play                                  0x08007003   Thumb Code    84  mp3.o(.text)
    LD_Init_MP3                              0x08007057   Thumb Code   176  mp3.o(.text)
    PlayDemoSound_mp3                        0x08007107   Thumb Code    72  mp3.o(.text)
    LD_ReloadMp3Data_Again                   0x0800714f   Thumb Code   176  mp3.o(.text)
    ProcessInt_MP3                           0x080071ff   Thumb Code   186  mp3.o(.text)
    SD_SPI_ReadWriteByte                     0x08007301   Thumb Code    12  sd.o(.text)
    SD_SPI_SpeedLow                          0x0800730d   Thumb Code    10  sd.o(.text)
    SD_SPI_SpeedHigh                         0x08007317   Thumb Code    10  sd.o(.text)
    SD_SPI_Init                              0x08007321   Thumb Code    54  sd.o(.text)
    SD_DisSelect                             0x08007357   Thumb Code    16  sd.o(.text)
    SD_WaitReady                             0x08007367   Thumb Code    34  sd.o(.text)
    SD_Select                                0x08007389   Thumb Code    26  sd.o(.text)
    SD_GetResponse                           0x080073a3   Thumb Code    38  sd.o(.text)
    SD_RecvData                              0x080073c9   Thumb Code    56  sd.o(.text)
    SD_SendBlock                             0x08007401   Thumb Code    82  sd.o(.text)
    SD_SendCmd                               0x08007453   Thumb Code   120  sd.o(.text)
    SD_GetCID                                0x080074cb   Thumb Code    42  sd.o(.text)
    SD_GetCSD                                0x080074f5   Thumb Code    42  sd.o(.text)
    SD_GetSectorCount                        0x0800751f   Thumb Code   118  sd.o(.text)
    SD_Init                                  0x08007595   Thumb Code   378  sd.o(.text)
    SD_ReadDisk                              0x0800770f   Thumb Code   126  sd.o(.text)
    SD_WriteDisk                             0x0800778d   Thumb Code   140  sd.o(.text)
    SPI1_ReadWriteByte                       0x0800781d   Thumb Code    78  spi1.o(.text)
    SPI1_Init                                0x0800786b   Thumb Code   136  spi1.o(.text)
    SPI1_SetSpeed                            0x080078f3   Thumb Code    36  spi1.o(.text)
    SPI2_Init                                0x08007925   Thumb Code   136  spi2.o(.text)
    SPI2_SetSpeed                            0x080079ad   Thumb Code    36  spi2.o(.text)
    SPI2_ReadWriteByte                       0x080079d1   Thumb Code    78  spi2.o(.text)
    LED_Init                                 0x08007a29   Thumb Code    46  led.o(.text)
    USART1_init                              0x08007a5d   Thumb Code   164  usart1.o(.text)
    USART1_IRQHandler                        0x08007b01   Thumb Code   182  usart1.o(.text)
    _sys_exit                                0x08007bb7   Thumb Code     6  usart1.o(.text)
    fputc                                    0x08007bbd   Thumb Code    24  usart1.o(.text)
    USART2_init                              0x08007be5   Thumb Code   158  usart2.o(.text)
    UART2SendByte                            0x08007c83   Thumb Code    28  usart2.o(.text)
    UART2GetByte                             0x08007c9f   Thumb Code    30  usart2.o(.text)
    UART2Test                                0x08007cbd   Thumb Code    32  usart2.o(.text)
    USART2_IRQHandler                        0x08007cdd   Thumb Code    94  usart2.o(.text)
    USART2_printf                            0x08007d3b   Thumb Code    94  usart2.o(.text)
    tolower                                  0x08007da9   Thumb Code    12  tolower.o(.text)
    localeconv                               0x08007db5   Thumb Code     4  localeconv.o(.text)
    __aeabi_memcpy                           0x08007dbd   Thumb Code    36  memcpya.o(.text)
    __aeabi_memcpy4                          0x08007dbd   Thumb Code     0  memcpya.o(.text)
    __aeabi_memcpy8                          0x08007dbd   Thumb Code     0  memcpya.o(.text)
    __aeabi_memset                           0x08007de1   Thumb Code    14  memseta.o(.text)
    __aeabi_memset4                          0x08007de1   Thumb Code     0  memseta.o(.text)
    __aeabi_memset8                          0x08007de1   Thumb Code     0  memseta.o(.text)
    __aeabi_memclr                           0x08007def   Thumb Code     4  memseta.o(.text)
    __aeabi_memclr4                          0x08007def   Thumb Code     0  memseta.o(.text)
    __aeabi_memclr8                          0x08007def   Thumb Code     0  memseta.o(.text)
    _memset$wrapper                          0x08007df3   Thumb Code    18  memseta.o(.text)
    strlen                                   0x08007e05   Thumb Code    14  strlen.o(.text)
    strcmp                                   0x08007e13   Thumb Code    28  strcmp.o(.text)
    strcpy                                   0x08007e2f   Thumb Code    18  strcpy.o(.text)
    strncmp                                  0x08007e41   Thumb Code    30  strncmp.o(.text)
    __0sscanf                                0x08007e61   Thumb Code    48  __0sscanf.o(.text)
    _scanf_real                              0x08007f99   Thumb Code     0  scanf_fp.o(.text)
    _scanf_really_real                       0x08007f99   Thumb Code   556  scanf_fp.o(.text)
    __aeabi_dmul                             0x080081d1   Thumb Code   228  dmul.o(.text)
    __aeabi_i2d                              0x080082b5   Thumb Code    34  dflti.o(.text)
    __aeabi_d2iz                             0x080082d7   Thumb Code    62  dfixi.o(.text)
    __aeabi_f2d                              0x08008315   Thumb Code    38  f2d.o(.text)
    __aeabi_cdcmpeq                          0x0800833d   Thumb Code     0  cdcmple.o(.text)
    __aeabi_cdcmple                          0x0800833d   Thumb Code    48  cdcmple.o(.text)
    __aeabi_cdrcmple                         0x0800836d   Thumb Code    48  cdrcmple.o(.text)
    __aeabi_uidiv                            0x0800839d   Thumb Code     0  uidiv.o(.text)
    __aeabi_uidivmod                         0x0800839d   Thumb Code    44  uidiv.o(.text)
    __aeabi_uldivmod                         0x080083c9   Thumb Code    98  uldiv.o(.text)
    __aeabi_llsr                             0x0800842b   Thumb Code    32  llushr.o(.text)
    _ll_ushift_r                             0x0800842b   Thumb Code     0  llushr.o(.text)
    __vfscanf_char                           0x08008459   Thumb Code    20  scanf_char.o(.text)
    _sgetc                                   0x08008475   Thumb Code    30  _sgetc.o(.text)
    _sbackspace                              0x08008493   Thumb Code    34  _sgetc.o(.text)
    __strtod_int                             0x080084eb   Thumb Code    88  strtod.o(.text)
    __I$use$fp                               0x08008551   Thumb Code     0  iusefp.o(.text)
    _double_round                            0x08008551   Thumb Code    30  depilogue.o(.text)
    _double_epilogue                         0x0800856f   Thumb Code   156  depilogue.o(.text)
    __aeabi_dadd                             0x0800860b   Thumb Code   322  dadd.o(.text)
    __aeabi_dsub                             0x0800874d   Thumb Code     6  dadd.o(.text)
    __aeabi_drsub                            0x08008753   Thumb Code     6  dadd.o(.text)
    __aeabi_ddiv                             0x08008759   Thumb Code   222  ddiv.o(.text)
    __aeabi_ul2d                             0x08008837   Thumb Code    24  dfltul.o(.text)
    __aeabi_d2ulz                            0x0800884f   Thumb Code    48  dfixul.o(.text)
    __aeabi_d2f                              0x0800887f   Thumb Code    56  d2f.o(.text)
    __scatterload                            0x080088b9   Thumb Code    28  init.o(.text)
    __scatterload_rt2                        0x080088b9   Thumb Code     0  init.o(.text)
    __aeabi_llsl                             0x080088dd   Thumb Code    30  llshl.o(.text)
    _ll_shift_l                              0x080088dd   Thumb Code     0  llshl.o(.text)
    __aeabi_lasr                             0x080088fb   Thumb Code    36  llsshr.o(.text)
    _ll_sshift_r                             0x080088fb   Thumb Code     0  llsshr.o(.text)
    isspace                                  0x0800891f   Thumb Code    10  isspace_c.o(.text)
    __vfscanf                                0x08008929   Thumb Code   808  _scanf.o(.text)
    _float_round                             0x08008c55   Thumb Code    18  fepilogue.o(.text)
    _float_epilogue                          0x08008c67   Thumb Code    92  fepilogue.o(.text)
    __ctype_lookup                           0x08008cc5   Thumb Code    34  ctype_c.o(.text)
    __0printf                                0x08008ced   Thumb Code    22  printfa.o(i.__0printf)
    __1printf                                0x08008ced   Thumb Code     0  printfa.o(i.__0printf)
    __2printf                                0x08008ced   Thumb Code     0  printfa.o(i.__0printf)
    __c89printf                              0x08008ced   Thumb Code     0  printfa.o(i.__0printf)
    printf                                   0x08008ced   Thumb Code     0  printfa.o(i.__0printf)
    __0sprintf                               0x08008d0d   Thumb Code    34  printfa.o(i.__0sprintf)
    __1sprintf                               0x08008d0d   Thumb Code     0  printfa.o(i.__0sprintf)
    __2sprintf                               0x08008d0d   Thumb Code     0  printfa.o(i.__0sprintf)
    __c89sprintf                             0x08008d0d   Thumb Code     0  printfa.o(i.__0sprintf)
    sprintf                                  0x08008d0d   Thumb Code     0  printfa.o(i.__0sprintf)
    __0vsnprintf                             0x08008d35   Thumb Code    32  printfa.o(i.__0vsnprintf)
    __1vsnprintf                             0x08008d35   Thumb Code     0  printfa.o(i.__0vsnprintf)
    __2vsnprintf                             0x08008d35   Thumb Code     0  printfa.o(i.__0vsnprintf)
    __c89vsnprintf                           0x08008d35   Thumb Code     0  printfa.o(i.__0vsnprintf)
    vsnprintf                                0x08008d35   Thumb Code     0  printfa.o(i.__0vsnprintf)
    free                                     0x08008d59   Thumb Code    88  mallocr.o(i.__free$realloc)
    malloc                                   0x08008db5   Thumb Code    64  mallocr.o(i.__malloc$realloc)
    __scatterload_copy                       0x08008e05   Thumb Code    14  handlers.o(i.__scatterload_copy)
    __scatterload_null                       0x08008e13   Thumb Code     2  handlers.o(i.__scatterload_null)
    __scatterload_zeroinit                   0x08008e15   Thumb Code    14  handlers.o(i.__scatterload_zeroinit)
    _is_digit                                0x08008f89   Thumb Code    14  scanf_fp.o(i._is_digit)
    realloc                                  0x08009739   Thumb Code   102  mallocr.o(i.realloc)
    strtod                                   0x080097a5   Thumb Code    28  strtod.o(i.strtod)
    __internal_lconv                         0x0800983c   Data          56  ilconv.o(.constdata)
    __ctype_categories                       0x08009874   Data          64  ctype_c.o(.constdata)
    Region$$Table$$Base                      0x080098cc   Number         0  anon$$obj.o(Region$$Table)
    Region$$Table$$Limit                     0x080098ec   Number         0  anon$$obj.o(Region$$Table)
    lastCheckStatusTime                      0x20000000   Data           4  main.o(.data)
    lastCheckOutTime                         0x20000004   Data           4  main.o(.data)
    lastSayTime                              0x20000008   Data           4  main.o(.data)
    BGT_STA                                  0x2000000c   Data           1  main.o(.data)
    DEVICEID                                 0x20000010   Data           4  main.o(.data)
    APIKEY                                   0x20000014   Data           4  main.o(.data)
    SystemCoreClock                          0x20000040   Data           4  system_stm32f10x.o(.data)
    AHBPrescTable                            0x20000044   Data          16  system_stm32f10x.o(.data)
    nAsrStatus                               0x20000054   Data           1  asr.o(.data)
    nLD_Mode                                 0x20000058   Data           1  ld3320.o(.data)
    Read_Bytes                               0x2000005c   Data           4  mp3.o(.data)
    Write_Bytes                              0x20000060   Data           4  mp3.o(.data)
    nMp3Size                                 0x20000064   Data           4  mp3.o(.data)
    nMp3Pos                                  0x20000068   Data           4  mp3.o(.data)
    bMp3Play                                 0x2000006c   Data           1  mp3.o(.data)
    ucRegVal                                 0x2000006d   Data           1  mp3.o(.data)
    ucHighInt                                0x2000006e   Data           1  mp3.o(.data)
    ucLowInt                                 0x2000006f   Data           1  mp3.o(.data)
    SD_Type                                  0x20000070   Data           1  sd.o(.data)
    USART1_RX_STA                            0x20000074   Data           2  usart1.o(.data)
    __stdout                                 0x20000078   Data           4  usart1.o(.data)
    USART2_RX_STA                            0x2000007c   Data           2  usart2.o(.data)
    __microlib_freelist                      0x20000080   Data           4  mvars.o(.data)
    __microlib_freelist_initialised          0x20000084   Data           4  mvars.o(.data)
    fs                                       0x20000088   Data        1680  main.o(.bss)
    MEM_BUFF                                 0x20000718   Data        6400  mymalloc.o(.bss)
    MEM_BCT_TAB                              0x20002018   Data         200  mymalloc.o(.bss)
    MP3_file                                 0x200020fc   Data         552  mp3.o(.bss)
    USART1_RX_BUF                            0x20002324   Data         256  usart1.o(.bss)
    USART2_RX_BUF                            0x20002424   Data        2048  usart2.o(.bss)
    __heap_base                              0x20002c28   Data           0  startup_stm32f10x_md.o(HEAP)
    __heap_limit                             0x20003828   Data           0  startup_stm32f10x_md.o(HEAP)
    __initial_sp                             0x20003c28   Data           0  startup_stm32f10x_md.o(STACK)



==============================================================================

Memory Map of the image

  Image Entry point : 0x080000ed

  Load Region LR_IROM1 (Base: 0x08000000, Size: 0x00009974, Max: 0x00010000, ABSOLUTE)

    Execution Region ER_IROM1 (Base: 0x08000000, Size: 0x000098ec, Max: 0x00010000, ABSOLUTE)

    Base Addr    Size         Type   Attr      Idx    E Section Name        Object

    0x08000000   0x000000ec   Data   RO          654    RESET               startup_stm32f10x_md.o
    0x080000ec   0x00000000   Code   RO          869  * .ARM.Collect$$$$00000000  mc_w.l(entry.o)
    0x080000ec   0x00000004   Code   RO         1197    .ARM.Collect$$$$00000001  mc_w.l(entry2.o)
    0x080000f0   0x00000004   Code   RO         1200    .ARM.Collect$$$$00000004  mc_w.l(entry5.o)
    0x080000f4   0x00000000   Code   RO         1202    .ARM.Collect$$$$00000008  mc_w.l(entry7b.o)
    0x080000f4   0x00000000   Code   RO         1204    .ARM.Collect$$$$0000000A  mc_w.l(entry8b.o)
    0x080000f4   0x00000008   Code   RO         1205    .ARM.Collect$$$$0000000B  mc_w.l(entry9a.o)
    0x080000fc   0x00000000   Code   RO         1207    .ARM.Collect$$$$0000000D  mc_w.l(entry10a.o)
    0x080000fc   0x00000000   Code   RO         1209    .ARM.Collect$$$$0000000F  mc_w.l(entry11a.o)
    0x080000fc   0x00000004   Code   RO         1198    .ARM.Collect$$$$00002712  mc_w.l(entry2.o)
    0x08000100   0x0000001a   Code   RO            1    .text               stm32f10x_it.o
    0x0800011a   0x00000002   PAD
    0x0800011c   0x00000668   Code   RO           62    .text               main.o
    0x08000784   0x0000016c   Code   RO          145    .text               delay.o
    0x080008f0   0x000000d0   Code   RO          157    .text               mymalloc.o
    0x080009c0   0x00001c94   Code   RO          175    .text               cjson.o
    0x08002654   0x0000010c   Code   RO          213    .text               bigiot.o
    0x08002760   0x00000120   Code   RO          246    .text               millis.o
    0x08002880   0x000003a4   Code   RO          258    .text               stm32f10x_rcc.o
    0x08002c24   0x0000035c   Code   RO          299    .text               stm32f10x_gpio.o
    0x08002f80   0x000000dc   Code   RO          317    .text               misc.o
    0x0800305c   0x0000011c   Code   RO          332    .text               stm32f10x_exti.o
    0x08003178   0x0000030c   Code   RO          347    .text               stm32f10x_spi.o
    0x08003484   0x00000408   Code   RO          377    .text               stm32f10x_usart.o
    0x0800388c   0x000000c4   Code   RO          452    .text               stm32f10x_bkp.o
    0x08003950   0x000000cc   Code   RO          569    .text               stm32f10x_pwr.o
    0x08003a1c   0x00000148   Code   RO          581    .text               stm32f10x_rtc.o
    0x08003b64   0x000001e0   Code   RO          634    .text               system_stm32f10x.o
    0x08003d44   0x00000024   Code   RO          655    .text               startup_stm32f10x_md.o
    0x08003d68   0x000002e0   Code   RO          659    .text               asr.o
    0x08004048   0x00000148   Code   RO          679    .text               diskio.o
    0x08004190   0x00002b8a   Code   RO          697    .text               ff.o
    0x08006d1a   0x00000002   PAD
    0x08006d1c   0x000002c0   Code   RO          722    .text               ld3320.o
    0x08006fdc   0x00000324   Code   RO          743    .text               mp3.o
    0x08007300   0x0000051c   Code   RO          762    .text               sd.o
    0x0800781c   0x00000108   Code   RO          783    .text               spi1.o
    0x08007924   0x00000104   Code   RO          795    .text               spi2.o
    0x08007a28   0x00000034   Code   RO          807    .text               led.o
    0x08007a5c   0x00000188   Code   RO          819    .text               usart1.o
    0x08007be4   0x000001c4   Code   RO          842    .text               usart2.o
    0x08007da8   0x0000000c   Code   RO          872    .text               mc_w.l(tolower.o)
    0x08007db4   0x00000008   Code   RO          874    .text               mc_w.l(localeconv.o)
    0x08007dbc   0x00000024   Code   RO          876    .text               mc_w.l(memcpya.o)
    0x08007de0   0x00000024   Code   RO          878    .text               mc_w.l(memseta.o)
    0x08007e04   0x0000000e   Code   RO          880    .text               mc_w.l(strlen.o)
    0x08007e12   0x0000001c   Code   RO          882    .text               mc_w.l(strcmp.o)
    0x08007e2e   0x00000012   Code   RO          884    .text               mc_w.l(strcpy.o)
    0x08007e40   0x0000001e   Code   RO          886    .text               mc_w.l(strncmp.o)
    0x08007e5e   0x00000002   PAD
    0x08007e60   0x00000038   Code   RO         1179    .text               mc_w.l(__0sscanf.o)
    0x08007e98   0x00000338   Code   RO         1181    .text               mc_w.l(scanf_fp.o)
    0x080081d0   0x000000e4   Code   RO         1185    .text               mf_w.l(dmul.o)
    0x080082b4   0x00000022   Code   RO         1187    .text               mf_w.l(dflti.o)
    0x080082d6   0x0000003e   Code   RO         1189    .text               mf_w.l(dfixi.o)
    0x08008314   0x00000026   Code   RO         1191    .text               mf_w.l(f2d.o)
    0x0800833a   0x00000002   PAD
    0x0800833c   0x00000030   Code   RO         1193    .text               mf_w.l(cdcmple.o)
    0x0800836c   0x00000030   Code   RO         1195    .text               mf_w.l(cdrcmple.o)
    0x0800839c   0x0000002c   Code   RO         1211    .text               mc_w.l(uidiv.o)
    0x080083c8   0x00000062   Code   RO         1213    .text               mc_w.l(uldiv.o)
    0x0800842a   0x00000020   Code   RO         1215    .text               mc_w.l(llushr.o)
    0x0800844a   0x00000002   PAD
    0x0800844c   0x00000028   Code   RO         1221    .text               mc_w.l(scanf_char.o)
    0x08008474   0x00000040   Code   RO         1223    .text               mc_w.l(_sgetc.o)
    0x080084b4   0x0000009c   Code   RO         1225    .text               mc_w.l(strtod.o)
    0x08008550   0x00000000   Code   RO         1227    .text               mc_w.l(iusefp.o)
    0x08008550   0x000000ba   Code   RO         1228    .text               mf_w.l(depilogue.o)
    0x0800860a   0x0000014e   Code   RO         1230    .text               mf_w.l(dadd.o)
    0x08008758   0x000000de   Code   RO         1232    .text               mf_w.l(ddiv.o)
    0x08008836   0x00000018   Code   RO         1234    .text               mf_w.l(dfltul.o)
    0x0800884e   0x00000030   Code   RO         1236    .text               mf_w.l(dfixul.o)
    0x0800887e   0x00000038   Code   RO         1238    .text               mf_w.l(d2f.o)
    0x080088b6   0x00000002   PAD
    0x080088b8   0x00000024   Code   RO         1240    .text               mc_w.l(init.o)
    0x080088dc   0x0000001e   Code   RO         1242    .text               mc_w.l(llshl.o)
    0x080088fa   0x00000024   Code   RO         1244    .text               mc_w.l(llsshr.o)
    0x0800891e   0x0000000a   Code   RO         1246    .text               mc_w.l(isspace_c.o)
    0x08008928   0x0000032c   Code   RO         1248    .text               mc_w.l(_scanf.o)
    0x08008c54   0x0000006e   Code   RO         1250    .text               mf_w.l(fepilogue.o)
    0x08008cc2   0x00000002   PAD
    0x08008cc4   0x00000028   Code   RO         1252    .text               mc_w.l(ctype_c.o)
    0x08008cec   0x00000020   Code   RO         1123    i.__0printf         mc_w.l(printfa.o)
    0x08008d0c   0x00000028   Code   RO         1125    i.__0sprintf        mc_w.l(printfa.o)
    0x08008d34   0x00000024   Code   RO         1128    i.__0vsnprintf      mc_w.l(printfa.o)
    0x08008d58   0x0000005c   Code   RO         1155    i.__free$realloc    mc_w.l(mallocr.o)
    0x08008db4   0x00000050   Code   RO         1156    i.__malloc$realloc  mc_w.l(mallocr.o)
    0x08008e04   0x0000000e   Code   RO         1257    i.__scatterload_copy  mc_w.l(handlers.o)
    0x08008e12   0x00000002   Code   RO         1258    i.__scatterload_null  mc_w.l(handlers.o)
    0x08008e14   0x0000000e   Code   RO         1259    i.__scatterload_zeroinit  mc_w.l(handlers.o)
    0x08008e22   0x00000002   PAD
    0x08008e24   0x00000164   Code   RO         1130    i._fp_digits        mc_w.l(printfa.o)
    0x08008f88   0x0000000e   Code   RO         1183    i._is_digit         mc_w.l(scanf_fp.o)
    0x08008f96   0x00000002   PAD
    0x08008f98   0x000006dc   Code   RO         1131    i._printf_core      mc_w.l(printfa.o)
    0x08009674   0x00000024   Code   RO         1132    i._printf_post_padding  mc_w.l(printfa.o)
    0x08009698   0x0000002e   Code   RO         1133    i._printf_pre_padding  mc_w.l(printfa.o)
    0x080096c6   0x00000016   Code   RO         1134    i._snputc           mc_w.l(printfa.o)
    0x080096dc   0x0000000a   Code   RO         1135    i._sputc            mc_w.l(printfa.o)
    0x080096e6   0x00000002   PAD
    0x080096e8   0x00000050   Code   RO         1157    i.internal_alloc    mc_w.l(mallocr.o)
    0x08009738   0x0000006c   Code   RO         1158    i.realloc           mc_w.l(mallocr.o)
    0x080097a4   0x0000001c   Code   RO          866    i.strtod            m_ws.l(strtod.o)
    0x080097c0   0x00000050   Data   RO          660    .constdata          asr.o
    0x08009810   0x0000002c   Data   RO          699    .constdata          ff.o
    0x0800983c   0x00000038   Data   RO         1217    .constdata          mc_w.l(ilconv.o)
    0x08009874   0x00000040   Data   RO         1253    .constdata          mc_w.l(ctype_c.o)
    0x080098b4   0x0000000e   Data   RO           65    .conststring        main.o
    0x080098c2   0x00000002   PAD
    0x080098c4   0x00000005   Data   RO         1218    .conststring        mc_w.l(ilconv.o)
    0x080098c9   0x00000003   PAD
    0x080098cc   0x00000020   Data   RO         1255    Region$$Table       anon$$obj.o


    Execution Region RW_IRAM1 (Base: 0x20000000, Size: 0x00003c28, Max: 0x00005000, ABSOLUTE)

    Base Addr    Size         Type   Attr      Idx    E Section Name        Object

    0x20000000   0x00000018   Data   RW           66    .data               main.o
    0x20000018   0x00000014   Data   RW          177    .data               cjson.o
    0x2000002c   0x00000014   Data   RW          259    .data               stm32f10x_rcc.o
    0x20000040   0x00000014   Data   RW          635    .data               system_stm32f10x.o
    0x20000054   0x00000001   Data   RW          661    .data               asr.o
    0x20000055   0x00000001   PAD
    0x20000056   0x00000002   Data   RW          700    .data               ff.o
    0x20000058   0x00000001   Data   RW          723    .data               ld3320.o
    0x20000059   0x00000003   PAD
    0x2000005c   0x00000014   Data   RW          745    .data               mp3.o
    0x20000070   0x00000001   Data   RW          763    .data               sd.o
    0x20000071   0x00000003   PAD
    0x20000074   0x00000008   Data   RW          821    .data               usart1.o
    0x2000007c   0x00000002   Data   RW          844    .data               usart2.o
    0x2000007e   0x00000002   PAD
    0x20000080   0x00000004   Data   RW         1219    .data               mc_w.l(mvars.o)
    0x20000084   0x00000004   Data   RW         1220    .data               mc_w.l(mvars.o)
    0x20000088   0x00000690   Zero   RW           63    .bss                main.o
    0x20000718   0x000019c8   Zero   RW          158    .bss                mymalloc.o
    0x200020e0   0x0000000f   Zero   RW          176    .bss                cjson.o
    0x200020ef   0x00000001   PAD
    0x200020f0   0x0000000c   Zero   RW          698    .bss                ff.o
    0x200020fc   0x00000228   Zero   RW          744    .bss                mp3.o
    0x20002324   0x00000100   Zero   RW          820    .bss                usart1.o
    0x20002424   0x00000800   Zero   RW          843    .bss                usart2.o
    0x20002c24   0x00000004   PAD
    0x20002c28   0x00000c00   Zero   RW          653    HEAP                startup_stm32f10x_md.o
    0x20003828   0x00000400   Zero   RW          652    STACK               startup_stm32f10x_md.o


==============================================================================

Image component sizes


      Code (inc. data)   RO Data    RW Data    ZI Data      Debug   Object Name

       736         20         80          1          0       2239   asr.o
       268        170          0          0          0     207172   bigiot.o
      7316        154          0         20         15      32129   cjson.o
         0          0          0          0          0         32   core_cm3.o
       364          6          0          0          0       1175   delay.o
       328          6          0          0          0       4289   diskio.o
     11146        124         44          2         12      33194   ff.o
       704         30          0          1          0       2477   ld3320.o
        52          6          0          0          0        479   led.o
      1640        622         14         24       1680      25535   main.o
       288          4          0          0          0       1096   millis.o
       220         22          0          0          0       3773   misc.o
       804         72          0         20        552       2180   mp3.o
       208          8          0          0       6600       2192   mymalloc.o
      1308         16          0          1          0       5560   sd.o
       264         14          0          0          0       1093   spi1.o
       260         10          0          0          0       1085   spi2.o
        36          8        236          0       4096        780   startup_stm32f10x_md.o
       196          8          0          0          0       3592   stm32f10x_bkp.o
       284         10          0          0          0       4707   stm32f10x_exti.o
       860         38          0          0          0      23145   stm32f10x_gpio.o
        26          0          0          0          0     233186   stm32f10x_it.o
       204         14          0          0          0       1967   stm32f10x_pwr.o
       932         36          0         20          0      17876   stm32f10x_rcc.o
       328          4          0          0          0       2718   stm32f10x_rtc.o
       780         14          0          0          0      13738   stm32f10x_spi.o
      1032         22          0          0          0      14716   stm32f10x_usart.o
       480         38          0         20          0       1795   system_stm32f10x.o
       392         16          0          8        256       3154   usart1.o
       452         16          0          2       2048       2421   usart2.o

    ----------------------------------------------------------------------
     31912       1508        408        128      15264     649495   Object Totals
         0          0         32          0          0          0   (incl. Generated)
         4          0          2          9          5          0   (incl. Padding)

    ----------------------------------------------------------------------

      Code (inc. data)   RO Data    RW Data    ZI Data      Debug   Library Member Name

        28          0          0          0          0         80   strtod.o
        56          8          0          0          0         84   __0sscanf.o
       812          4          0          0          0        112   _scanf.o
        64          0          0          0          0         84   _sgetc.o
        40          6         64          0          0         68   ctype_c.o
         0          0          0          0          0          0   entry.o
         0          0          0          0          0          0   entry10a.o
         0          0          0          0          0          0   entry11a.o
         8          4          0          0          0          0   entry2.o
         4          0          0          0          0          0   entry5.o
         0          0          0          0          0          0   entry7b.o
         0          0          0          0          0          0   entry8b.o
         8          4          0          0          0          0   entry9a.o
        30          0          0          0          0          0   handlers.o
         0          0         61          0          0          0   ilconv.o
        36          8          0          0          0         68   init.o
        10          0          0          0          0         68   isspace_c.o
         0          0          0          0          0          0   iusefp.o
        30          0          0          0          0         68   llshl.o
        36          0          0          0          0         68   llsshr.o
        32          0          0          0          0         68   llushr.o
         8          4          0          0          0         68   localeconv.o
       360         30          0          0          0        356   mallocr.o
        36          0          0          0          0         68   memcpya.o
        36          0          0          0          0        108   memseta.o
         0          0          0          8          0          0   mvars.o
      2334        100          0          0          0        744   printfa.o
        40          8          0          0          0         84   scanf_char.o
       838         12          0          0          0        216   scanf_fp.o
        28          0          0          0          0         76   strcmp.o
        18          0          0          0          0         68   strcpy.o
        14          0          0          0          0         68   strlen.o
        30          0          0          0          0         80   strncmp.o
       156         14          0          0          0        120   strtod.o
        12          0          0          0          0         68   tolower.o
        44          0          0          0          0         80   uidiv.o
        98          0          0          0          0         92   uldiv.o
        48          0          0          0          0         68   cdcmple.o
        48          0          0          0          0         68   cdrcmple.o
        56          0          0          0          0         88   d2f.o
       334          0          0          0          0        148   dadd.o
       222          0          0          0          0        100   ddiv.o
       186          0          0          0          0        176   depilogue.o
        62          0          0          0          0         80   dfixi.o
        48          0          0          0          0         68   dfixul.o
        34          0          0          0          0         76   dflti.o
        24          0          0          0          0         76   dfltul.o
       228          0          0          0          0         96   dmul.o
        38          0          0          0          0         68   f2d.o
       110          0          0          0          0        168   fepilogue.o

    ----------------------------------------------------------------------
      6700        202        128          8          0       4344   Library Totals
        16          0          3          0          0          0   (incl. Padding)

    ----------------------------------------------------------------------

      Code (inc. data)   RO Data    RW Data    ZI Data      Debug   Library Name

        28          0          0          0          0         80   m_ws.l
      5218        202        125          8          0       2984   mc_w.l
      1438          0          0          0          0       1280   mf_w.l

    ----------------------------------------------------------------------
      6700        202        128          8          0       4344   Library Totals

    ----------------------------------------------------------------------

==============================================================================


      Code (inc. data)   RO Data    RW Data    ZI Data      Debug   

     38612       1710        536        136      15264     648947   Grand Totals
     38612       1710        536        136      15264     648947   ELF Image Totals
     38612       1710        536        136          0          0   ROM Totals

==============================================================================

    Total RO  Size (Code + RO Data)                39148 (  38.23kB)
    Total RW  Size (RW Data + ZI Data)             15400 (  15.04kB)
    Total ROM Size (Code + RO Data + RW Data)      39284 (  38.36kB)

==============================================================================

