Component: ARM Compiler 5.05 update 2 (build 169) Tool: armlink [4d0f33]

==============================================================================

Section Cross References

    main.o(.text) refers to cjson.o(.text) for cJSON_Parse
    main.o(.text) refers to printfa.o(i.__0printf) for __2printf
    main.o(.text) refers to strncmp.o(.text) for strncmp
    main.o(.text) refers to bigiot.o(.text) for checkout
    main.o(.text) refers to millis.o(.text) for millis
    main.o(.text) refers to memcpya.o(.text) for __aeabi_memcpy4
    main.o(.text) refers to delay.o(.text) for delay_init
    main.o(.text) refers to usart1.o(.text) for USART1_init
    main.o(.text) refers to usart2.o(.text) for USART2_init
    main.o(.text) refers to led.o(.text) for LED_Init
    main.o(.text) refers to sd.o(.text) for SD_Init
    main.o(.text) refers to ff.o(.text) for f_mount
    main.o(.text) refers to ld3320.o(.text) for LD3320_Init
    main.o(.text) refers to printfa.o(i.__0sprintf) for __2sprintf
    main.o(.text) refers to mp3.o(.text) for PlayDemoSound_mp3
    main.o(.text) refers to main.o(.data) for BGT_STA
    main.o(.text) refers to main.o(.bss) for fs
    main.o(.text) refers to main.o(.conststring) for .conststring
    main.o(.text) refers to asr.o(.data) for nAsrStatus
    main.o(.text) refers to usart2.o(.data) for USART2_RX_STA
    main.o(.text) refers to usart2.o(.bss) for USART2_RX_BUF
    main.o(.text) refers to mp3.o(.data) for bMp3Play
    main.o(.text) refers to asr.o(.text) for Stop_ASR
    main.o(.data) refers to main.o(.conststring) for .conststring
    delay.o(.text) refers to misc.o(.text) for SysTick_CLKSourceConfig
    mymalloc.o(.text) refers to mymalloc.o(.bss) for MEM_BCT_TAB
    cjson.o(.text) refers to scanf_fp.o(.text) for _scanf_real
    cjson.o(.text) refers to printfa.o(i.__0sprintf) for __2sprintf
    cjson.o(.text) refers to tolower.o(.text) for tolower
    cjson.o(.text) refers to strlen.o(.text) for strlen
    cjson.o(.text) refers to memcpya.o(.text) for __aeabi_memcpy
    cjson.o(.text) refers to memseta.o(.text) for __aeabi_memclr4
    cjson.o(.text) refers to localeconv.o(.text) for localeconv
    cjson.o(.text) refers to strtod.o(i.strtod) for strtod
    cjson.o(.text) refers to cdrcmple.o(.text) for __aeabi_cdrcmple
    cjson.o(.text) refers to cdcmple.o(.text) for __aeabi_cdcmple
    cjson.o(.text) refers to dfixi.o(.text) for __aeabi_d2iz
    cjson.o(.text) refers to dmul.o(.text) for __aeabi_dmul
    cjson.o(.text) refers to cjson.o(.data) for global_error
    cjson.o(.text) refers to cjson.o(.bss) for version
    cjson.o(.text) refers to mallocr.o(i.__malloc$realloc) for malloc
    cjson.o(.text) refers to mallocr.o(i.__free$realloc) for free
    cjson.o(.text) refers to mallocr.o(i.realloc) for realloc
    cjson.o(.text) refers to __0sscanf.o(.text) for __0sscanf
    cjson.o(.text) refers to strcpy.o(.text) for strcpy
    cjson.o(.text) refers to strncmp.o(.text) for strncmp
    cjson.o(.text) refers to strcmp.o(.text) for strcmp
    cjson.o(.text) refers to dflti.o(.text) for __aeabi_i2d
    cjson.o(.text) refers to f2d.o(.text) for __aeabi_f2d
    cjson.o(.data) refers to mallocr.o(i.__malloc$realloc) for malloc
    cjson.o(.data) refers to mallocr.o(i.__free$realloc) for free
    cjson.o(.data) refers to mallocr.o(i.realloc) for realloc
    bigiot.o(.text) refers to usart2.o(.text) for USART2_printf
    bigiot.o(.text) refers to f2d.o(.text) for __aeabi_f2d
    millis.o(.text) refers to stm32f10x_rcc.o(.text) for RCC_APB2PeriphClockCmd
    millis.o(.text) refers to misc.o(.text) for NVIC_PriorityGroupConfig
    millis.o(.text) refers to stm32f10x_exti.o(.text) for EXTI_ClearITPendingBit
    millis.o(.text) refers to stm32f10x_pwr.o(.text) for PWR_BackupAccessCmd
    millis.o(.text) refers to stm32f10x_bkp.o(.text) for BKP_DeInit
    millis.o(.text) refers to stm32f10x_rtc.o(.text) for RTC_WaitForSynchro
    stm32f10x_rcc.o(.text) refers to stm32f10x_rcc.o(.data) for APBAHBPrescTable
    stm32f10x_gpio.o(.text) refers to stm32f10x_rcc.o(.text) for RCC_APB2PeriphResetCmd
    stm32f10x_spi.o(.text) refers to stm32f10x_rcc.o(.text) for RCC_APB2PeriphResetCmd
    stm32f10x_usart.o(.text) refers to stm32f10x_rcc.o(.text) for RCC_APB2PeriphResetCmd
    stm32f10x_i2c.o(.text) refers to stm32f10x_rcc.o(.text) for RCC_APB1PeriphResetCmd
    stm32f10x_adc.o(.text) refers to stm32f10x_rcc.o(.text) for RCC_APB2PeriphResetCmd
    stm32f10x_bkp.o(.text) refers to stm32f10x_rcc.o(.text) for RCC_BackupResetCmd
    stm32f10x_can.o(.text) refers to stm32f10x_rcc.o(.text) for RCC_APB1PeriphResetCmd
    stm32f10x_cec.o(.text) refers to stm32f10x_rcc.o(.text) for RCC_APB1PeriphResetCmd
    stm32f10x_dac.o(.text) refers to stm32f10x_rcc.o(.text) for RCC_APB1PeriphResetCmd
    stm32f10x_pwr.o(.text) refers to stm32f10x_rcc.o(.text) for RCC_APB1PeriphResetCmd
[...]
    dc.s                                     0x00000000   Number         0  dc.o ABSOLUTE
    handlers.s                               0x00000000   Number         0  handlers.o ABSOLUTE
    init.s                                   0x00000000   Number         0  init.o ABSOLUTE
    RESET                                    0x08000000   Section      236  startup_stm32f10x_md.o(RESET)
    .ARM.Collect$$$$00000000                 0x080000ec   Section        0  entry.o(.ARM.Collect$$$$00000000)
    .ARM.Collect$$$$00000001                 0x080000ec   Section        4  entry2.o(.ARM.Collect$$$$00000001)
    .ARM.Collect$$$$00000004                 0x080000f0   Section        4  entry5.o(.ARM.Collect$$$$00000004)
    .ARM.Collect$$$$00000008                 0x080000f4   Section        0  entry7b.o(.ARM.Collect$$$$00000008)
    .ARM.Collect$$$$0000000A                 0x080000f4   Section        0  entry8b.o(.ARM.Collect$$$$0000000A)
    .ARM.Collect$$$$0000000B                 0x080000f4   Section        8  entry9a.o(.ARM.Collect$$$$0000000B)
    .ARM.Collect$$$$0000000D                 0x080000fc   Section        0  entry10a.o(.ARM.Collect$$$$0000000D)
    .ARM.Collect$$$$0000000F                 0x080000fc   Section        0  entry11a.o(.ARM.Collect$$$$0000000F)
    .ARM.Collect$$$$00002712                 0x080000fc   Section        4  entry2.o(.ARM.Collect$$$$00002712)
    __lit__00000000                          0x080000fc   Data           4  entry2.o(.ARM.Collect$$$$00002712)
    .text                                    0x08000100   Section        0  stm32f10x_it.o(.text)
    .text                                    0x0800011c   Section        0  main.o(.text)
    .text                                    0x080008f4   Section        0  delay.o(.text)
    .text                                    0x08000a60   Section        0  mymalloc.o(.text)
    .text                                    0x08000b30   Section        0  cjson.o(.text)
    case_insensitive_strcmp                  0x08000b53   Thumb Code    72  cjson.o(.text)
    cJSON_strdup                             0x08000b9b   Thumb Code    54  cjson.o(.text)
    cJSON_New_Item                           0x08000c23   Thumb Code    26  cjson.o(.text)
    get_decimal_point                        0x08000c91   Thumb Code    14  cjson.o(.text)
    parse_number                             0x08000c9f   Thumb Code   298  cjson.o(.text)
    ensure                                   0x08000e11   Thumb Code   172  cjson.o(.text)
    update_offset                            0x08000ebd   Thumb Code    36  cjson.o(.text)
    print_number                             0x08000ee1   Thumb Code   272  cjson.o(.text)
    parse_hex4                               0x08000ff1   Thumb Code    90  cjson.o(.text)
    utf16_literal_to_utf8                    0x0800104b   Thumb Code   300  cjson.o(.text)
    parse_string                             0x08001177   Thumb Code   396  cjson.o(.text)
    print_string_ptr                         0x08001303   Thumb Code   384  cjson.o(.text)
    print_string                             0x08001483   Thumb Code    16  cjson.o(.text)
    buffer_skip_whitespace                   0x08001493   Thumb Code    58  cjson.o(.text)
    parse_object                             0x080014cd   Thumb Code   314  cjson.o(.text)
    parse_array                              0x08001607   Thumb Code   244  cjson.o(.text)
    parse_value                              0x080016fb   Thumb Code   292  cjson.o(.text)
    print_object                             0x08001913   Thumb Code   372  cjson.o(.text)
    print_array                              0x08001a87   Thumb Code   178  cjson.o(.text)
    print_value                              0x08001b39   Thumb Code   252  cjson.o(.text)
    print                                    0x08001c35   Thumb Code   182  cjson.o(.text)
    get_array_item                           0x08001dad   Thumb Code    30  cjson.o(.text)
    get_object_item                          0x08001de3   Thumb Code    68  cjson.o(.text)
    suffix_object                            0x08001e63   Thumb Code     6  cjson.o(.text)
    create_reference                         0x08001e69   Thumb Code    52  cjson.o(.text)
    replace_item_in_object                   0x080020f7   Thumb Code    82  cjson.o(.text)
    .text                                    0x080027c4   Section        0  bigiot.o(.text)
    .text                                    0x080028d0   Section        0  millis.o(.text)
    .text                                    0x080029f0   Section        0  stm32f10x_rcc.o(.text)
    .text                                    0x08002d94   Section        0  stm32f10x_gpio.o(.text)
    .text                                    0x080030f0   Section        0  misc.o(.text)
    .text                                    0x080031cc   Section        0  stm32f10x_exti.o(.text)
    .text                                    0x080032e8   Section        0  stm32f10x_spi.o(.text)
    .text                                    0x080035f4   Section        0  stm32f10x_usart.o(.text)
    .text                                    0x080039fc   Section        0  stm32f10x_bkp.o(.text)
    .text                                    0x08003ac0   Section        0  stm32f10x_pwr.o(.text)
    .text                                    0x08003b8c   Section        0  stm32f10x_rtc.o(.text)
    .text                                    0x08003cd4   Section        0  system_stm32f10x.o(.text)
    SetSysClockTo56                          0x08003cd5   Thumb Code   214  system_stm32f10x.o(.text)
    SetSysClock                              0x08003dab   Thumb Code     8  system_stm32f10x.o(.text)
    .text                                    0x08003eb4   Section       36  startup_stm32f10x_md.o(.text)
    .text                                    0x08003ed8   Section        0  asr.o(.text)
    .text                                    0x08004338   Section        0  diskio.o(.text)
    .text                                    0x08004480   Section        0  ff.o(.text)
    mem_cpy                                  0x08004481   Thumb Code    26  ff.o(.text)
    mem_set                                  0x0800449b   Thumb Code    20  ff.o(.text)
    mem_cmp                                  0x080044af   Thumb Code    38  ff.o(.text)
    chk_chr                                  0x080044d5   Thumb Code    20  ff.o(.text)
    sync_window                              0x080044e9   Thumb Code    76  ff.o(.text)
    move_window                              0x08004535   Thumb Code    50  ff.o(.text)
    sync_fs                                  0x08004567   Thumb Code   200  ff.o(.text)
    remove_chain                             0x08004867   Thumb Code   108  ff.o(.text)
    create_chain                             0x080048d3   Thumb Code   214  ff.o(.text)
    clmt_clust                               0x080049a9   Thumb Code    50  ff.o(.text)
    dir_next                                 0x08004a79   Thumb Code   272  ff.o(.text)
    dir_alloc                                0x08004b89   Thumb Code    92  ff.o(.text)
    ld_clust                                 0x08004be5   Thumb Code    32  ff.o(.text)
    st_clust                                 0x08004c05   Thumb Code    16  ff.o(.text)
    dir_find                                 0x08004c15   Thumb Code    92  ff.o(.text)
    dir_read                                 0x08004c71   Thumb Code   110  ff.o(.text)
    dir_register                             0x08004cdf   Thumb Code    58  ff.o(.text)
    dir_remove                               0x08004d19   Thumb Code    54  ff.o(.text)
    get_fileinfo                             0x08004d4f   Thumb Code   112  ff.o(.text)
    create_name                              0x08004dbf   Thumb Code   328  ff.o(.text)
    follow_path                              0x08004f07   Thumb Code   144  ff.o(.text)
    get_ldnumber                             0x08004f97   Thumb Code    74  ff.o(.text)
    check_fs                                 0x08004fe1   Thumb Code   140  ff.o(.text)
    find_volume                              0x0800506d   Thumb Code   910  ff.o(.text)
    validate                                 0x080053fb   Thumb Code    54  ff.o(.text)
    putc_bfd                                 0x08006c9b   Thumb Code    68  ff.o(.text)
    .text                                    0x0800700c   Section        0  ld3320.o(.text)
    .text                                    0x080072cc   Section        0  mp3.o(.text)
    .text                                    0x080075f0   Section        0  sd.o(.text)
    .text                                    0x08007b0c   Section        0  spi1.o(.text)
    .text                                    0x08007c14   Section        0  spi2.o(.text)
    .text                                    0x08007d18   Section        0  led.o(.text)
    .text                                    0x08007d4c   Section        0  usart1.o(.text)
    .text                                    0x08007ed4   Section        0  usart2.o(.text)
    .text                                    0x08008098   Section        0  tolower.o(.text)
    .text                                    0x080080a4   Section        0  localeconv.o(.text)
    .text                                    0x080080ac   Section        0  memcpya.o(.text)
    .text                                    0x080080d0   Section        0  memseta.o(.text)
    .text                                    0x080080f4   Section        0  strlen.o(.text)
    .text                                    0x08008102   Section        0  strcmp.o(.text)
    .text                                    0x0800811e   Section        0  strcpy.o(.text)
    .text                                    0x08008130   Section        0  strncmp.o(.text)
    .text                                    0x08008150   Section        0  __0sscanf.o(.text)
    .text                                    0x08008188   Section        0  scanf_fp.o(.text)
    _fp_value                                0x08008189   Thumb Code   256  scanf_fp.o(.text)
    .text                                    0x080084c0   Section        0  dmul.o(.text)
    .text                                    0x080085a4   Section        0  dflti.o(.text)
    .text                                    0x080085c6   Section        0  dfixi.o(.text)
    .text                                    0x08008604   Section        0  f2d.o(.text)
    .text                                    0x0800862c   Section       48  cdcmple.o(.text)
    .text                                    0x0800865c   Section       48  cdrcmple.o(.text)
    .text                                    0x0800868c   Section        0  uidiv.o(.text)
    .text                                    0x080086b8   Section        0  uldiv.o(.text)
    .text                                    0x0800871a   Section        0  llushr.o(.text)
    .text                                    0x0800873c   Section        0  scanf_char.o(.text)
    _scanf_char_input                        0x0800873d   Thumb Code    12  scanf_char.o(.text)
    .text                                    0x08008764   Section        0  _sgetc.o(.text)
    .text                                    0x080087a4   Section        0  strtod.o(.text)
    _local_sscanf                            0x080087a5   Thumb Code    54  strtod.o(.text)
    .text                                    0x08008840   Section        0  iusefp.o(.text)
    .text                                    0x08008840   Section        0  depilogue.o(.text)
    .text                                    0x080088fa   Section        0  dadd.o(.text)
    .text                                    0x08008a48   Section        0  ddiv.o(.text)
    .text                                    0x08008b26   Section        0  dfltul.o(.text)
    .text                                    0x08008b3e   Section        0  dfixul.o(.text)
    .text                                    0x08008b6e   Section        0  d2f.o(.text)
    .text                                    0x08008ba8   Section       36  init.o(.text)
    .text                                    0x08008bcc   Section        0  llshl.o(.text)
    .text                                    0x08008bea   Section        0  llsshr.o(.text)
    .text                                    0x08008c0e   Section        0  isspace_c.o(.text)
    .text                                    0x08008c18   Section        0  _scanf.o(.text)
    .text                                    0x08008f44   Section        0  fepilogue.o(.text)
    .text                                    0x08008fb4   Section        0  ctype_c.o(.text)
    i.__0printf                              0x08008fdc   Section        0  printfa.o(i.__0printf)
    i.__0sprintf                             0x08008ffc   Section        0  printfa.o(i.__0sprintf)
    i.__0vsnprintf                           0x08009024   Section        0  printfa.o(i.__0vsnprintf)
    i.__free$realloc                         0x08009048   Section        0  mallocr.o(i.__free$realloc)
    i.__malloc$realloc                       0x080090a4   Section        0  mallocr.o(i.__malloc$realloc)
    i.__scatterload_copy                     0x080090f4   Section       14  handlers.o(i.__scatterload_copy)
    i.__scatterload_null                     0x08009102   Section        2  handlers.o(i.__scatterload_null)
    i.__scatterload_zeroinit                 0x08009104   Section       14  handlers.o(i.__scatterload_zeroinit)
    i._fp_digits                             0x08009114   Section        0  printfa.o(i._fp_digits)
    _fp_digits                               0x08009115   Thumb Code   334  printfa.o(i._fp_digits)
    i._is_digit                              0x08009278   Section        0  scanf_fp.o(i._is_digit)
    i._printf_core                           0x08009288   Section        0  printfa.o(i._printf_core)
    _printf_core                             0x08009289   Thumb Code  1744  printfa.o(i._printf_core)
    i._printf_post_padding                   0x08009964   Section        0  printfa.o(i._printf_post_padding)
    _printf_post_padding                     0x08009965   Thumb Code    36  printfa.o(i._printf_post_padding)
    i._printf_pre_padding                    0x08009988   Section        0  printfa.o(i._printf_pre_padding)
    _printf_pre_padding                      0x08009989   Thumb Code    46  printfa.o(i._printf_pre_padding)
    i._snputc                                0x080099b6   Section        0  printfa.o(i._snputc)
    _snputc                                  0x080099b7   Thumb Code    22  printfa.o(i._snputc)
    i._sputc                                 0x080099cc   Section        0  printfa.o(i._sputc)
    _sputc                                   0x080099cd   Thumb Code    10  printfa.o(i._sputc)
    i.internal_alloc                         0x080099d8   Section        0  mallocr.o(i.internal_alloc)
    internal_alloc                           0x080099d9   Thumb Code    76  mallocr.o(i.internal_alloc)
    i.realloc                                0x08009a28   Section        0  mallocr.o(i.realloc)
    i.strtod                                 0x08009a94   Section        0  strtod.o(i.strtod)
    .constdata                               0x08009ab0   Section       44  ff.o(.constdata)
    vst                                      0x08009ab0   Data          22  ff.o(.constdata)
    cst                                      0x08009ac6   Data          22  ff.o(.constdata)
    .constdata                               0x08009adc   Section       56  ilconv.o(.constdata)
    .constdata                               0x08009b14   Section       64  ctype_c.o(.constdata)
    .conststring                             0x08009b54   Section      274  main.o(.conststring)
    .conststring                             0x08009c68   Section        5  ilconv.o(.conststring)
    .data                                    0x20000000   Section       32  main.o(.data)
    .data                                    0x20000020   Section       20  cjson.o(.data)
    global_error                             0x20000020   Data           8  cjson.o(.data)
    global_hooks                             0x20000028   Data          12  cjson.o(.data)
    .data                                    0x20000034   Section       20  stm32f10x_rcc.o(.data)
    APBAHBPrescTable                         0x20000034   Data          16  stm32f10x_rcc.o(.data)
    ADCPrescTable                            0x20000044   Data           4  stm32f10x_rcc.o(.data)
    .data                                    0x20000048   Section       20  system_stm32f10x.o(.data)
    .data                                    0x2000005c   Section        1  asr.o(.data)
    .data                                    0x2000005e   Section        2  ff.o(.data)
    Fsid                                     0x2000005e   Data           2  ff.o(.data)
    .data                                    0x20000060   Section        1  ld3320.o(.data)
    .data                                    0x20000064   Section       20  mp3.o(.data)
    .data                                    0x20000078   Section        1  sd.o(.data)
    .data                                    0x2000007c   Section        8  usart1.o(.data)
    .data                                    0x20000084   Section        2  usart2.o(.data)
    .data                                    0x20000088   Section        4  mvars.o(.data)
    .data                                    0x2000008c   Section        4  mvars.o(.data)
    .bss                                     0x20000090   Section      560  main.o(.bss)
    .bss                                     0x200002c0   Section     6600  mymalloc.o(.bss)
    .bss                                     0x20001c88   Section       15  cjson.o(.bss)
    version                                  0x20001c88   Data          15  cjson.o(.bss)
    .bss                                     0x20001c98   Section      552  asr.o(.bss)
    .bss                                     0x20001ec0   Section       12  ff.o(.bss)
    FatFs                                    0x20001ec0   Data          12  ff.o(.bss)
    .bss                                     0x20001ecc   Section      552  mp3.o(.bss)
    .bss                                     0x200020f4   Section      256  usart1.o(.bss)
    .bss                                     0x200021f4   Section     2048  usart2.o(.bss)
    HEAP                                     0x200029f8   Section     4096  startup_stm32f10x_md.o(HEAP)
    STACK                                    0x200039f8   Section     4096  startup_stm32f10x_md.o(STACK)

    Global Symbols

    Symbol Name                              Value     Ov Type        Size  Object(Section)

    BuildAttributes$$THM_ISAv4$P$D$K$B$S$PE$A:L22UL41UL21$X:L11$S22US41US21$IEEE1$IW$USESV6$~STKCKD$USESV7$~SHL$OTIME$ROPI$IEEEJ$EBA8$MICROLIB$REQ8$PRES8$EABIv2 0x00000000   Number         0  anon$$obj.o ABSOLUTE
    __ARM_use_no_argv                        0x00000000   Number         0  main.o ABSOLUTE
    __use_no_errno                           0x00000000   Number         0  useno.o ABSOLUTE
    __use_no_exception_handling              0x00000000   Number         0  useno.o ABSOLUTE
    __use_no_fp                              0x00000000   Number         0  useno.o ABSOLUTE
    __use_no_heap                            0x00000000   Number         0  useno.o ABSOLUTE
    __use_no_heap_region                     0x00000000   Number         0  useno.o ABSOLUTE
    __use_no_semihosting                     0x00000000   Number         0  useno.o ABSOLUTE
    __use_no_semihosting_swi                 0x00000000   Number         0  useno.o ABSOLUTE
    __use_no_signal_handling                 0x00000000   Number         0  useno.o ABSOLUTE
    _printf_a                                0x00000000   Number         0  stubs.o ABSOLUTE
    _printf_c                                0x00000000   Number         0  stubs.o ABSOLUTE
    _printf_charcount                        0x00000000   Number         0  stubs.o ABSOLUTE
    _printf_d                                0x00000000   Number         0  stubs.o ABSOLUTE
    _printf_e                                0x00000000   Number         0  stubs.o ABSOLUTE
    _printf_f                                0x00000000   Number         0  stubs.o ABSOLUTE
    _printf_flags                            0x00000000   Number         0  stubs.o ABSOLUTE
    _printf_fp_dec                           0x00000000   Number         0  stubs.o ABSOLUTE
    _printf_fp_hex                           0x00000000   Number         0  stubs.o ABSOLUTE
    _printf_g                                0x00000000   Number         0  stubs.o ABSOLUTE
    _printf_i                                0x00000000   Number         0  stubs.o ABSOLUTE
    _printf_int_dec                          0x00000000   Number         0  stubs.o ABSOLUTE
    _printf_l                                0x00000000   Number         0  stubs.o ABSOLUTE
    _printf_lc                               0x00000000   Number         0  stubs.o ABSOLUTE
    _printf_ll                               0x00000000   Number         0  stubs.o ABSOLUTE
    _printf_lld                              0x00000000   Number         0  stubs.o ABSOLUTE
    _printf_lli                              0x00000000   Number         0  stubs.o ABSOLUTE
    _printf_llo                              0x00000000   Number         0  stubs.o ABSOLUTE
    _printf_llu                              0x00000000   Number         0  stubs.o ABSOLUTE
    _printf_llx                              0x00000000   Number         0  stubs.o ABSOLUTE
    _printf_longlong_dec                     0x00000000   Number         0  stubs.o ABSOLUTE
    _printf_longlong_hex                     0x00000000   Number         0  stubs.o ABSOLUTE
    _printf_longlong_oct                     0x00000000   Number         0  stubs.o ABSOLUTE
    _printf_ls                               0x00000000   Number         0  stubs.o ABSOLUTE
    _printf_mbtowc                           0x00000000   Number         0  stubs.o ABSOLUTE
    _printf_n                                0x00000000   Number         0  stubs.o ABSOLUTE
    _printf_o                                0x00000000   Number         0  stubs.o ABSOLUTE
    _printf_p                                0x00000000   Number         0  stubs.o ABSOLUTE
    _printf_percent                          0x00000000   Number         0  stubs.o ABSOLUTE
    _printf_pre_padding                      0x00000000   Number         0  stubs.o ABSOLUTE
    _printf_return_value                     0x00000000   Number         0  stubs.o ABSOLUTE
    _printf_s                                0x00000000   Number         0  stubs.o ABSOLUTE
    _printf_sizespec                         0x00000000   Number         0  stubs.o ABSOLUTE
    _printf_str                              0x00000000   Number         0  stubs.o ABSOLUTE
    _printf_truncate_signed                  0x00000000   Number         0  stubs.o ABSOLUTE
    _printf_truncate_unsigned                0x00000000   Number         0  stubs.o ABSOLUTE
    _printf_u                                0x00000000   Number         0  stubs.o ABSOLUTE
    _printf_wc                               0x00000000   Number         0  stubs.o ABSOLUTE
    _printf_wctomb                           0x00000000   Number         0  stubs.o ABSOLUTE
    _printf_widthprec                        0x00000000   Number         0  stubs.o ABSOLUTE
    _printf_x                                0x00000000   Number         0  stubs.o ABSOLUTE
    __cpp_initialize__aeabi_                  - Undefined Weak Reference
    __cxa_finalize                            - Undefined Weak Reference
    __decompress                              - Undefined Weak Reference
    _clock_init                               - Undefined Weak Reference
    _microlib_exit                            - Undefined Weak Reference
    _scanf_int                                - Undefined Weak Reference
    _scanf_longlong                           - Undefined Weak Reference
    _scanf_string                             - Undefined Weak Reference
    __Vectors_Size                           0x000000ec   Number         0  startup_stm32f10x_md.o ABSOLUTE
    __Vectors                                0x08000000   Data           4  startup_stm32f10x_md.o(RESET)
    __Vectors_End                            0x080000ec   Data           0  startup_stm32f10x_md.o(RESET)
    __main                                   0x080000ed   Thumb Code     0  entry.o(.ARM.Collect$$$$00000000)
    _main_stk                                0x080000ed   Thumb Code     0  entry2.o(.ARM.Collect$$$$00000001)
    _main_scatterload                        0x080000f1   Thumb Code     0  entry5.o(.ARM.Collect$$$$00000004)
    __main_after_scatterload                 0x080000f5   Thumb Code     0  entry5.o(.ARM.Collect$$$$00000004)
    _main_clock                              0x080000f5   Thumb Code     0  entry7b.o(.ARM.Collect$$$$00000008)
    _main_cpp_init                           0x080000f5   Thumb Code     0  entry8b.o(.ARM.Collect$$$$0000000A)
    _main_init                               0x080000f5   Thumb Code     0  entry9a.o(.ARM.Collect$$$$0000000B)
    __rt_final_cpp                           0x080000fd   Thumb Code     0  entry10a.o(.ARM.Collect$$$$0000000D)
    __rt_final_exit                          0x080000fd   Thumb Code     0  entry11a.o(.ARM.Collect$$$$0000000F)
    NMI_Handler                              0x08000101   Thumb Code     2  stm32f10x_it.o(.text)
    HardFault_Handler                        0x08000103   Thumb Code     4  stm32f10x_it.o(.text)
    MemManage_Handler                        0x08000107   Thumb Code     4  stm32f10x_it.o(.text)
    BusFault_Handler                         0x0800010b   Thumb Code     4  stm32f10x_it.o(.text)
    UsageFault_Handler                       0x0800010f   Thumb Code     4  stm32f10x_it.o(.text)
    SVC_Handler                              0x08000113   Thumb Code     2  stm32f10x_it.o(.text)
    DebugMon_Handler                         0x08000115   Thumb Code     2  stm32f10x_it.o(.text)
    PendSV_Handler                           0x08000117   Thumb Code     2  stm32f10x_it.o(.text)
    SysTick_Handler                          0x08000119   Thumb Code     2  stm32f10x_it.o(.text)
    processMessage                           0x0800011d   Thumb Code   364  main.o(.text)
    setup                                    0x08000289   Thumb Code    70  main.o(.text)
    write_file                               0x080002cf   Thumb Code    94  main.o(.text)
    write_file2                              0x0800032d   Thumb Code    94  main.o(.text)
    voice_command                            0x0800038b   Thumb Code   204  main.o(.text)
    main                                     0x08000457   Thumb Code   994  main.o(.text)
    delay_init                               0x080008f5   Thumb Code    12  delay.o(.text)
    delay_us                                 0x08000901   Thumb Code    70  delay.o(.text)
    delay_ms                                 0x08000947   Thumb Code   252  delay.o(.text)
    delay_s                                  0x08000a43   Thumb Code    24  delay.o(.text)
    mymen_Init                               0x08000a61   Thumb Code    26  mymalloc.o(.text)
    mymalloc                                 0x08000a7b   Thumb Code   116  mymalloc.o(.text)
    myfree                                   0x08000aef   Thumb Code    58  mymalloc.o(.text)
    cJSON_GetErrorPtr                        0x08000b31   Thumb Code    12  cjson.o(.text)
    cJSON_Version                            0x08000b3d   Thumb Code    22  cjson.o(.text)
    cJSON_InitHooks                          0x08000bd1   Thumb Code    82  cjson.o(.text)
    cJSON_Delete                             0x08000c3d   Thumb Code    84  cjson.o(.text)
    cJSON_SetNumberHelper                    0x08000dc9   Thumb Code    72  cjson.o(.text)
    cJSON_ParseWithOpts                      0x0800181f   Thumb Code   228  cjson.o(.text)
    cJSON_Parse                              0x08001903   Thumb Code    16  cjson.o(.text)
    cJSON_Print                              0x08001ceb   Thumb Code    16  cjson.o(.text)
    cJSON_PrintUnformatted                   0x08001cfb   Thumb Code    16  cjson.o(.text)
    cJSON_PrintBuffered                      0x08001d0b   Thumb Code    82  cjson.o(.text)
    cJSON_PrintPreallocated                  0x08001d5d   Thumb Code    62  cjson.o(.text)
    cJSON_GetArraySize                       0x08001d9b   Thumb Code    18  cjson.o(.text)
    cJSON_GetArrayItem                       0x08001dcb   Thumb Code    24  cjson.o(.text)
    cJSON_GetObjectItem                      0x08001e27   Thumb Code    18  cjson.o(.text)
    cJSON_GetObjectItemCaseSensitive         0x08001e39   Thumb Code    18  cjson.o(.text)
    cJSON_HasObjectItem                      0x08001e4b   Thumb Code    24  cjson.o(.text)
    cJSON_AddItemToArray                     0x08001e9d   Thumb Code    44  cjson.o(.text)
    cJSON_AddItemToObjectCS                  0x08001ec9   Thumb Code    54  cjson.o(.text)
    cJSON_AddItemToObject                    0x08001eff   Thumb Code    42  cjson.o(.text)
    cJSON_AddItemReferenceToArray            0x08001f29   Thumb Code    26  cjson.o(.text)
    cJSON_AddItemReferenceToObject           0x08001f43   Thumb Code    34  cjson.o(.text)
    cJSON_DetachItemViaPointer               0x08001f65   Thumb Code    50  cjson.o(.text)
    cJSON_DetachItemFromArray                0x08001f97   Thumb Code    34  cjson.o(.text)
    cJSON_DeleteItemFromArray                0x08001fb9   Thumb Code    22  cjson.o(.text)
    cJSON_DetachItemFromObject               0x08001fcf   Thumb Code    26  cjson.o(.text)
    cJSON_DetachItemFromObjectCaseSensitive  0x08001fe9   Thumb Code    26  cjson.o(.text)
    cJSON_DeleteItemFromObject               0x08002003   Thumb Code    22  cjson.o(.text)
    cJSON_DeleteItemFromObjectCaseSensitive  0x08002019   Thumb Code    22  cjson.o(.text)
    cJSON_InsertItemInArray                  0x0800202f   Thumb Code    68  cjson.o(.text)
    cJSON_ReplaceItemViaPointer              0x08002073   Thumb Code    72  cjson.o(.text)
    cJSON_ReplaceItemInArray                 0x080020bb   Thumb Code    46  cjson.o(.text)
    cJSON_free                               0x080020e9   Thumb Code    14  cjson.o(.text)
    cJSON_ReplaceItemInObject                0x08002149   Thumb Code    22  cjson.o(.text)
    cJSON_ReplaceItemInObjectCaseSensitive   0x0800215f   Thumb Code    22  cjson.o(.text)
    cJSON_CreateNull                         0x08002175   Thumb Code    20  cjson.o(.text)
    cJSON_CreateTrue                         0x08002189   Thumb Code    20  cjson.o(.text)
    cJSON_CreateFalse                        0x0800219d   Thumb Code    20  cjson.o(.text)
    cJSON_CreateBool                         0x080021b1   Thumb Code    28  cjson.o(.text)
    cJSON_CreateNumber                       0x080021cd   Thumb Code    82  cjson.o(.text)
    cJSON_CreateString                       0x0800221f   Thumb Code    46  cjson.o(.text)
    cJSON_CreateRaw                          0x0800224d   Thumb Code    46  cjson.o(.text)
    cJSON_CreateArray                        0x0800227b   Thumb Code    20  cjson.o(.text)
    cJSON_CreateObject                       0x0800228f   Thumb Code    20  cjson.o(.text)
    cJSON_CreateIntArray                     0x080022a3   Thumb Code    98  cjson.o(.text)
    cJSON_CreateFloatArray                   0x08002305   Thumb Code    98  cjson.o(.text)
    cJSON_CreateDoubleArray                  0x08002367   Thumb Code    92  cjson.o(.text)
    cJSON_CreateStringArray                  0x080023c3   Thumb Code    86  cjson.o(.text)
    cJSON_Duplicate                          0x08002419   Thumb Code   196  cjson.o(.text)
    cJSON_Minify                             0x080024dd   Thumb Code   186  cjson.o(.text)
    cJSON_IsInvalid                          0x08002597   Thumb Code    20  cjson.o(.text)
    cJSON_IsFalse                            0x080025ab   Thumb Code    20  cjson.o(.text)
    cJSON_IsTrue                             0x080025bf   Thumb Code    22  cjson.o(.text)
    cJSON_IsBool                             0x080025d5   Thumb Code    24  cjson.o(.text)
    cJSON_IsNull                             0x080025ed   Thumb Code    22  cjson.o(.text)
    cJSON_IsNumber                           0x08002603   Thumb Code    22  cjson.o(.text)
    cJSON_IsString                           0x08002619   Thumb Code    22  cjson.o(.text)
    cJSON_IsArray                            0x0800262f   Thumb Code    22  cjson.o(.text)
    cJSON_IsObject                           0x08002645   Thumb Code    22  cjson.o(.text)
    cJSON_IsRaw                              0x0800265b   Thumb Code    22  cjson.o(.text)
    cJSON_Compare                            0x08002671   Thumb Code   322  cjson.o(.text)
    cJSON_malloc                             0x080027b3   Thumb Code    14  cjson.o(.text)
    checkin                                  0x080027c5   Thumb Code    18  bigiot.o(.text)
    checkout                                 0x080027d7   Thumb Code    18  bigiot.o(.text)
    check_status                             0x080027e9   Thumb Code    10  bigiot.o(.text)
    say                                      0x080027f3   Thumb Code    18  bigiot.o(.text)
    update1                                  0x08002805   Thumb Code    34  bigiot.o(.text)
    MILLIS_Init                              0x080028d1   Thumb Code   196  millis.o(.text)
    RTCAlarm_IRQHandler                      0x08002995   Thumb Code    26  millis.o(.text)
    RTC_IRQHandler                           0x080029af   Thumb Code    46  millis.o(.text)
    millis                                   0x080029dd   Thumb Code    16  millis.o(.text)
    RCC_DeInit                               0x080029f1   Thumb Code    64  stm32f10x_rcc.o(.text)
    RCC_HSEConfig                            0x08002a31   Thumb Code    70  stm32f10x_rcc.o(.text)
    RCC_GetFlagStatus                        0x08002a77   Thumb Code    56  stm32f10x_rcc.o(.text)
    RCC_WaitForHSEStartUp                    0x08002aaf   Thumb Code    56  stm32f10x_rcc.o(.text)
    RCC_AdjustHSICalibrationValue            0x08002ae7   Thumb Code    20  stm32f10x_rcc.o(.text)
    RCC_HSICmd                               0x08002afb   Thumb Code     6  stm32f10x_rcc.o(.text)
    RCC_PLLConfig                            0x08002b01   Thumb Code    24  stm32f10x_rcc.o(.text)
    RCC_PLLCmd                               0x08002b19   Thumb Code     6  stm32f10x_rcc.o(.text)
    RCC_SYSCLKConfig                         0x08002b1f   Thumb Code    18  stm32f10x_rcc.o(.text)
    RCC_GetSYSCLKSource                      0x08002b31   Thumb Code    10  stm32f10x_rcc.o(.text)
    RCC_HCLKConfig                           0x08002b3b   Thumb Code    18  stm32f10x_rcc.o(.text)
    RCC_PCLK1Config                          0x08002b4d   Thumb Code    18  stm32f10x_rcc.o(.text)
    RCC_PCLK2Config                          0x08002b5f   Thumb Code    20  stm32f10x_rcc.o(.text)
    RCC_ITConfig                             0x08002b73   Thumb Code    26  stm32f10x_rcc.o(.text)
    RCC_USBCLKConfig                         0x08002b8d   Thumb Code     8  stm32f10x_rcc.o(.text)
    RCC_ADCCLKConfig                         0x08002b95   Thumb Code    18  stm32f10x_rcc.o(.text)
    RCC_LSEConfig                            0x08002ba7   Thumb Code    50  stm32f10x_rcc.o(.text)
    RCC_LSICmd                               0x08002bd9   Thumb Code     6  stm32f10x_rcc.o(.text)
    RCC_RTCCLKConfig                         0x08002bdf   Thumb Code    12  stm32f10x_rcc.o(.text)
    RCC_RTCCLKCmd                            0x08002beb   Thumb Code     8  stm32f10x_rcc.o(.text)
    RCC_GetClocksFreq                        0x08002bf3   Thumb Code   192  stm32f10x_rcc.o(.text)
    RCC_AHBPeriphClockCmd                    0x08002cb3   Thumb Code    26  stm32f10x_rcc.o(.text)
    RCC_APB2PeriphClockCmd                   0x08002ccd   Thumb Code    26  stm32f10x_rcc.o(.text)
    RCC_APB1PeriphClockCmd                   0x08002ce7   Thumb Code    26  stm32f10x_rcc.o(.text)
    RCC_APB2PeriphResetCmd                   0x08002d01   Thumb Code    26  stm32f10x_rcc.o(.text)
    RCC_APB1PeriphResetCmd                   0x08002d1b   Thumb Code    26  stm32f10x_rcc.o(.text)
    RCC_BackupResetCmd                       0x08002d35   Thumb Code     8  stm32f10x_rcc.o(.text)
    RCC_ClockSecuritySystemCmd               0x08002d3d   Thumb Code     6  stm32f10x_rcc.o(.text)
    RCC_MCOConfig                            0x08002d43   Thumb Code     6  stm32f10x_rcc.o(.text)
    RCC_ClearFlag                            0x08002d49   Thumb Code    14  stm32f10x_rcc.o(.text)
    RCC_GetITStatus                          0x08002d57   Thumb Code    20  stm32f10x_rcc.o(.text)
    RCC_ClearITPendingBit                    0x08002d6b   Thumb Code     6  stm32f10x_rcc.o(.text)
    GPIO_DeInit                              0x08002d95   Thumb Code   172  stm32f10x_gpio.o(.text)
    GPIO_AFIODeInit                          0x08002e41   Thumb Code    20  stm32f10x_gpio.o(.text)
    GPIO_Init                                0x08002e55   Thumb Code   278  stm32f10x_gpio.o(.text)
    GPIO_StructInit                          0x08002f6b   Thumb Code    16  stm32f10x_gpio.o(.text)
    GPIO_ReadInputDataBit                    0x08002f7b   Thumb Code    18  stm32f10x_gpio.o(.text)
    GPIO_ReadInputData                       0x08002f8d   Thumb Code     8  stm32f10x_gpio.o(.text)
    GPIO_ReadOutputDataBit                   0x08002f95   Thumb Code    18  stm32f10x_gpio.o(.text)
    GPIO_ReadOutputData                      0x08002fa7   Thumb Code     8  stm32f10x_gpio.o(.text)
    GPIO_SetBits                             0x08002faf   Thumb Code     4  stm32f10x_gpio.o(.text)
    GPIO_ResetBits                           0x08002fb3   Thumb Code     4  stm32f10x_gpio.o(.text)
    GPIO_WriteBit                            0x08002fb7   Thumb Code    10  stm32f10x_gpio.o(.text)
    GPIO_Write                               0x08002fc1   Thumb Code     4  stm32f10x_gpio.o(.text)
    GPIO_PinLockConfig                       0x08002fc5   Thumb Code    18  stm32f10x_gpio.o(.text)
    GPIO_EventOutputConfig                   0x08002fd7   Thumb Code    26  stm32f10x_gpio.o(.text)
    GPIO_EventOutputCmd                      0x08002ff1   Thumb Code     6  stm32f10x_gpio.o(.text)
    GPIO_PinRemapConfig                      0x08002ff7   Thumb Code   138  stm32f10x_gpio.o(.text)
    GPIO_EXTILineConfig                      0x08003081   Thumb Code    66  stm32f10x_gpio.o(.text)
    GPIO_ETH_MediaInterfaceConfig            0x080030c3   Thumb Code     8  stm32f10x_gpio.o(.text)
    NVIC_PriorityGroupConfig                 0x080030f1   Thumb Code    10  misc.o(.text)
    NVIC_Init                                0x080030fb   Thumb Code   100  misc.o(.text)
    NVIC_SetVectorTable                      0x0800315f   Thumb Code    14  misc.o(.text)
    NVIC_SystemLPConfig                      0x0800316d   Thumb Code    34  misc.o(.text)
    SysTick_CLKSourceConfig                  0x0800318f   Thumb Code    40  misc.o(.text)
    EXTI_DeInit                              0x080031cd   Thumb Code    28  stm32f10x_exti.o(.text)
    EXTI_Init                                0x080031e9   Thumb Code   142  stm32f10x_exti.o(.text)
    EXTI_StructInit                          0x08003277   Thumb Code    16  stm32f10x_exti.o(.text)
    EXTI_GenerateSWInterrupt                 0x08003287   Thumb Code    16  stm32f10x_exti.o(.text)
    EXTI_GetFlagStatus                       0x08003297   Thumb Code    22  stm32f10x_exti.o(.text)
    EXTI_ClearFlag                           0x080032ad   Thumb Code     8  stm32f10x_exti.o(.text)
    EXTI_GetITStatus                         0x080032b5   Thumb Code    34  stm32f10x_exti.o(.text)
    EXTI_ClearITPendingBit                   0x080032d7   Thumb Code     8  stm32f10x_exti.o(.text)
    SPI_I2S_DeInit                           0x080032e9   Thumb Code    76  stm32f10x_spi.o(.text)
    SPI_Init                                 0x08003335   Thumb Code    60  stm32f10x_spi.o(.text)
    I2S_Init                                 0x08003371   Thumb Code   226  stm32f10x_spi.o(.text)
    SPI_StructInit                           0x08003453   Thumb Code    24  stm32f10x_spi.o(.text)
    I2S_StructInit                           0x0800346b   Thumb Code    20  stm32f10x_spi.o(.text)
    SPI_Cmd                                  0x0800347f   Thumb Code    24  stm32f10x_spi.o(.text)
    I2S_Cmd                                  0x08003497   Thumb Code    24  stm32f10x_spi.o(.text)
    SPI_I2S_ITConfig                         0x080034af   Thumb Code    32  stm32f10x_spi.o(.text)
    SPI_I2S_DMACmd                           0x080034cf   Thumb Code    18  stm32f10x_spi.o(.text)
    SPI_I2S_SendData                         0x080034e1   Thumb Code     4  stm32f10x_spi.o(.text)
    SPI_I2S_ReceiveData                      0x080034e5   Thumb Code     6  stm32f10x_spi.o(.text)
    SPI_NSSInternalSoftwareConfig            0x080034eb   Thumb Code    30  stm32f10x_spi.o(.text)
    SPI_SSOutputCmd                          0x08003509   Thumb Code    24  stm32f10x_spi.o(.text)
    SPI_DataSizeConfig                       0x08003521   Thumb Code    18  stm32f10x_spi.o(.text)
    SPI_TransmitCRC                          0x08003533   Thumb Code    10  stm32f10x_spi.o(.text)
    SPI_CalculateCRC                         0x0800353d   Thumb Code    24  stm32f10x_spi.o(.text)
    SPI_GetCRC                               0x08003555   Thumb Code    16  stm32f10x_spi.o(.text)
    SPI_GetCRCPolynomial                     0x08003565   Thumb Code     6  stm32f10x_spi.o(.text)
    SPI_BiDirectionalLineConfig              0x0800356b   Thumb Code    28  stm32f10x_spi.o(.text)
    SPI_I2S_GetFlagStatus                    0x08003587   Thumb Code    18  stm32f10x_spi.o(.text)
    SPI_I2S_ClearFlag                        0x08003599   Thumb Code     6  stm32f10x_spi.o(.text)
    SPI_I2S_GetITStatus                      0x0800359f   Thumb Code    52  stm32f10x_spi.o(.text)
    SPI_I2S_ClearITPendingBit                0x080035d3   Thumb Code    20  stm32f10x_spi.o(.text)
    USART_DeInit                             0x080035f5   Thumb Code   134  stm32f10x_usart.o(.text)
    USART_Init                               0x0800367b   Thumb Code   210  stm32f10x_usart.o(.text)
    USART_StructInit                         0x0800374d   Thumb Code    24  stm32f10x_usart.o(.text)
    USART_ClockInit                          0x08003765   Thumb Code    34  stm32f10x_usart.o(.text)
    USART_ClockStructInit                    0x08003787   Thumb Code    12  stm32f10x_usart.o(.text)
    USART_Cmd                                0x08003793   Thumb Code    24  stm32f10x_usart.o(.text)
    USART_ITConfig                           0x080037ab   Thumb Code    74  stm32f10x_usart.o(.text)
    USART_DMACmd                             0x080037f5   Thumb Code    18  stm32f10x_usart.o(.text)
    USART_SetAddress                         0x08003807   Thumb Code    18  stm32f10x_usart.o(.text)
    USART_WakeUpConfig                       0x08003819   Thumb Code    18  stm32f10x_usart.o(.text)
    USART_ReceiverWakeUpCmd                  0x0800382b   Thumb Code    24  stm32f10x_usart.o(.text)
    USART_LINBreakDetectLengthConfig         0x08003843   Thumb Code    18  stm32f10x_usart.o(.text)
    USART_LINCmd                             0x08003855   Thumb Code    24  stm32f10x_usart.o(.text)
    USART_SendData                           0x0800386d   Thumb Code     8  stm32f10x_usart.o(.text)
    USART_ReceiveData                        0x08003875   Thumb Code    10  stm32f10x_usart.o(.text)
    USART_SendBreak                          0x0800387f   Thumb Code    10  stm32f10x_usart.o(.text)
    USART_SetGuardTime                       0x08003889   Thumb Code    16  stm32f10x_usart.o(.text)
    USART_SetPrescaler                       0x08003899   Thumb Code    16  stm32f10x_usart.o(.text)
    USART_SmartCardCmd                       0x080038a9   Thumb Code    24  stm32f10x_usart.o(.text)
    USART_SmartCardNACKCmd                   0x080038c1   Thumb Code    24  stm32f10x_usart.o(.text)
    USART_HalfDuplexCmd                      0x080038d9   Thumb Code    24  stm32f10x_usart.o(.text)
    USART_OverSampling8Cmd                   0x080038f1   Thumb Code    22  stm32f10x_usart.o(.text)
    USART_OneBitMethodCmd                    0x08003907   Thumb Code    24  stm32f10x_usart.o(.text)
    USART_IrDAConfig                         0x0800391f   Thumb Code    18  stm32f10x_usart.o(.text)
    USART_IrDACmd                            0x08003931   Thumb Code    24  stm32f10x_usart.o(.text)
    USART_GetFlagStatus                      0x08003949   Thumb Code    26  stm32f10x_usart.o(.text)
    USART_ClearFlag                          0x08003963   Thumb Code    18  stm32f10x_usart.o(.text)
    USART_GetITStatus                        0x08003975   Thumb Code    84  stm32f10x_usart.o(.text)
    USART_ClearITPendingBit                  0x080039c9   Thumb Code    52  stm32f10x_usart.o(.text)
    BKP_DeInit                               0x080039fd   Thumb Code    16  stm32f10x_bkp.o(.text)
    BKP_TamperPinLevelConfig                 0x08003a0d   Thumb Code     6  stm32f10x_bkp.o(.text)
    BKP_TamperPinCmd                         0x08003a13   Thumb Code     8  stm32f10x_bkp.o(.text)
    BKP_ITConfig                             0x08003a1b   Thumb Code     8  stm32f10x_bkp.o(.text)
    BKP_RTCOutputConfig                      0x08003a23   Thumb Code    22  stm32f10x_bkp.o(.text)
    BKP_SetRTCCalibrationValue               0x08003a39   Thumb Code    22  stm32f10x_bkp.o(.text)
    BKP_WriteBackupRegister                  0x08003a4f   Thumb Code    24  stm32f10x_bkp.o(.text)
    BKP_ReadBackupRegister                   0x08003a67   Thumb Code    26  stm32f10x_bkp.o(.text)
    BKP_GetFlagStatus                        0x08003a81   Thumb Code    10  stm32f10x_bkp.o(.text)
    BKP_ClearFlag                            0x08003a8b   Thumb Code    18  stm32f10x_bkp.o(.text)
    BKP_GetITStatus                          0x08003a9d   Thumb Code    10  stm32f10x_bkp.o(.text)
    BKP_ClearITPendingBit                    0x08003aa7   Thumb Code    18  stm32f10x_bkp.o(.text)
    PWR_DeInit                               0x08003ac1   Thumb Code    22  stm32f10x_pwr.o(.text)
    PWR_BackupAccessCmd                      0x08003ad7   Thumb Code     6  stm32f10x_pwr.o(.text)
    PWR_PVDCmd                               0x08003add   Thumb Code     6  stm32f10x_pwr.o(.text)
    PWR_PVDLevelConfig                       0x08003ae3   Thumb Code    18  stm32f10x_pwr.o(.text)
    PWR_WakeUpPinCmd                         0x08003af5   Thumb Code     8  stm32f10x_pwr.o(.text)
    PWR_EnterSTOPMode                        0x08003afd   Thumb Code    54  stm32f10x_pwr.o(.text)
    PWR_EnterSTANDBYMode                     0x08003b33   Thumb Code    42  stm32f10x_pwr.o(.text)
    PWR_GetFlagStatus                        0x08003b5d   Thumb Code    20  stm32f10x_pwr.o(.text)
    PWR_ClearFlag                            0x08003b71   Thumb Code    14  stm32f10x_pwr.o(.text)
    RTC_ITConfig                             0x08003b8d   Thumb Code    26  stm32f10x_rtc.o(.text)
    RTC_EnterConfigMode                      0x08003ba7   Thumb Code    18  stm32f10x_rtc.o(.text)
    RTC_ExitConfigMode                       0x08003bb9   Thumb Code    20  stm32f10x_rtc.o(.text)
    RTC_GetCounter                           0x08003bcd   Thumb Code    18  stm32f10x_rtc.o(.text)
    RTC_SetCounter                           0x08003bdf   Thumb Code    26  stm32f10x_rtc.o(.text)
    RTC_SetPrescaler                         0x08003bf9   Thumb Code    28  stm32f10x_rtc.o(.text)
    RTC_SetAlarm                             0x08003c15   Thumb Code    26  stm32f10x_rtc.o(.text)
    RTC_GetDivider                           0x08003c2f   Thumb Code    22  stm32f10x_rtc.o(.text)
    RTC_WaitForLastTask                      0x08003c45   Thumb Code    18  stm32f10x_rtc.o(.text)
    RTC_WaitForSynchro                       0x08003c57   Thumb Code    36  stm32f10x_rtc.o(.text)
    RTC_GetFlagStatus                        0x08003c7b   Thumb Code    22  stm32f10x_rtc.o(.text)
    RTC_ClearFlag                            0x08003c91   Thumb Code    16  stm32f10x_rtc.o(.text)
    RTC_GetITStatus                          0x08003ca1   Thumb Code    32  stm32f10x_rtc.o(.text)
    RTC_ClearITPendingBit                    0x08003cc1   Thumb Code    16  stm32f10x_rtc.o(.text)
    SystemInit                               0x08003db3   Thumb Code    78  system_stm32f10x.o(.text)
    SystemCoreClockUpdate                    0x08003e01   Thumb Code   142  system_stm32f10x.o(.text)
    Reset_Handler                            0x08003eb5   Thumb Code     8  startup_stm32f10x_md.o(.text)
    ADC1_2_IRQHandler                        0x08003ecf   Thumb Code     0  startup_stm32f10x_md.o(.text)
    CAN1_RX1_IRQHandler                      0x08003ecf   Thumb Code     0  startup_stm32f10x_md.o(.text)
    CAN1_SCE_IRQHandler                      0x08003ecf   Thumb Code     0  startup_stm32f10x_md.o(.text)
    DMA1_Channel1_IRQHandler                 0x08003ecf   Thumb Code     0  startup_stm32f10x_md.o(.text)
    DMA1_Channel2_IRQHandler                 0x08003ecf   Thumb Code     0  startup_stm32f10x_md.o(.text)
    DMA1_Channel3_IRQHandler                 0x08003ecf   Thumb Code     0  startup_stm32f10x_md.o(.text)
    DMA1_Channel4_IRQHandler                 0x08003ecf   Thumb Code     0  startup_stm32f10x_md.o(.text)
    DMA1_Channel5_IRQHandler                 0x08003ecf   Thumb Code     0  startup_stm32f10x_md.o(.text)
    DMA1_Channel6_IRQHandler                 0x08003ecf   Thumb Code     0  startup_stm32f10x_md.o(.text)
    DMA1_Channel7_IRQHandler                 0x08003ecf   Thumb Code     0  startup_stm32f10x_md.o(.text)
    EXTI0_IRQHandler                         0x08003ecf   Thumb Code     0  startup_stm32f10x_md.o(.text)
    EXTI15_10_IRQHandler                     0x08003ecf   Thumb Code     0  startup_stm32f10x_md.o(.text)
    EXTI1_IRQHandler                         0x08003ecf   Thumb Code     0  startup_stm32f10x_md.o(.text)
    EXTI2_IRQHandler                         0x08003ecf   Thumb Code     0  startup_stm32f10x_md.o(.text)
    EXTI3_IRQHandler                         0x08003ecf   Thumb Code     0  startup_stm32f10x_md.o(.text)
    EXTI4_IRQHandler                         0x08003ecf   Thumb Code     0  startup_stm32f10x_md.o(.text)
    FLASH_IRQHandler                         0x08003ecf   Thumb Code     0  startup_stm32f10x_md.o(.text)
    I2C1_ER_IRQHandler                       0x08003ecf   Thumb Code     0  startup_stm32f10x_md.o(.text)
    I2C1_EV_IRQHandler                       0x08003ecf   Thumb Code     0  startup_stm32f10x_md.o(.text)
    I2C2_ER_IRQHandler                       0x08003ecf   Thumb Code     0  startup_stm32f10x_md.o(.text)
    I2C2_EV_IRQHandler                       0x08003ecf   Thumb Code     0  startup_stm32f10x_md.o(.text)
    PVD_IRQHandler                           0x08003ecf   Thumb Code     0  startup_stm32f10x_md.o(.text)
    RCC_IRQHandler                           0x08003ecf   Thumb Code     0  startup_stm32f10x_md.o(.text)
    SPI1_IRQHandler                          0x08003ecf   Thumb Code     0  startup_stm32f10x_md.o(.text)
    SPI2_IRQHandler                          0x08003ecf   Thumb Code     0  startup_stm32f10x_md.o(.text)
    TAMPER_IRQHandler                        0x08003ecf   Thumb Code     0  startup_stm32f10x_md.o(.text)
    TIM1_BRK_IRQHandler                      0x08003ecf   Thumb Code     0  startup_stm32f10x_md.o(.text)
    TIM1_CC_IRQHandler                       0x08003ecf   Thumb Code     0  startup_stm32f10x_md.o(.text)
    TIM1_TRG_COM_IRQHandler                  0x08003ecf   Thumb Code     0  startup_stm32f10x_md.o(.text)
    TIM1_UP_IRQHandler                       0x08003ecf   Thumb Code     0  startup_stm32f10x_md.o(.text)
    TIM2_IRQHandler                          0x08003ecf   Thumb Code     0  startup_stm32f10x_md.o(.text)
    TIM3_IRQHandler                          0x08003ecf   Thumb Code     0  startup_stm32f10x_md.o(.text)
    TIM4_IRQHandler                          0x08003ecf   Thumb Code     0  startup_stm32f10x_md.o(.text)
    USART3_IRQHandler                        0x08003ecf   Thumb Code     0  startup_stm32f10x_md.o(.text)
    USBWakeUp_IRQHandler                     0x08003ecf   Thumb Code     0  startup_stm32f10x_md.o(.text)
    USB_HP_CAN1_TX_IRQHandler                0x08003ecf   Thumb Code     0  startup_stm32f10x_md.o(.text)
    USB_LP_CAN1_RX0_IRQHandler               0x08003ecf   Thumb Code     0  startup_stm32f10x_md.o(.text)
    WWDG_IRQHandler                          0x08003ecf   Thumb Code     0  startup_stm32f10x_md.o(.text)
    LD_Check_ASRBusyFlag_b2                  0x08003ed9   Thumb Code    42  asr.o(.text)
    LD_AsrRun                                0x08003f03   Thumb Code   122  asr.o(.text)
    LD_AsrAddFixed                           0x08003f7d   Thumb Code   474  asr.o(.text)
    LD_Init_ASR                              0x08004157   Thumb Code   116  asr.o(.text)
    RunASR                                   0x080041cb   Thumb Code    92  asr.o(.text)
    LD_GetResult                             0x08004227   Thumb Code    10  asr.o(.text)
    ProcessInt_ASR                           0x08004231   Thumb Code   178  asr.o(.text)
    Stop_ASR                                 0x080042e3   Thumb Code    12  asr.o(.text)
    disk_initialize                          0x08004339   Thumb Code    48  diskio.o(.text)
    disk_status                              0x08004369   Thumb Code     6  diskio.o(.text)
    disk_read                                0x0800436f   Thumb Code    82  diskio.o(.text)
    disk_write                               0x080043c1   Thumb Code    62  diskio.o(.text)
    disk_ioctl                               0x080043ff   Thumb Code    96  diskio.o(.text)
    get_fattime                              0x0800445f   Thumb Code     4  diskio.o(.text)
    ff_memalloc                              0x08004463   Thumb Code    12  diskio.o(.text)
    ff_memfree                               0x0800446f   Thumb Code    12  diskio.o(.text)
    clust2sect                               0x0800462f   Thumb Code    26  ff.o(.text)
    get_fat                                  0x08004649   Thumb Code   232  ff.o(.text)
    put_fat                                  0x08004731   Thumb Code   310  ff.o(.text)
    dir_sdi                                  0x080049db   Thumb Code   158  ff.o(.text)
    f_mount                                  0x08005431   Thumb Code    86  ff.o(.text)
    f_open                                   0x08005487   Thumb Code   356  ff.o(.text)
    f_read                                   0x080055eb   Thumb Code   450  ff.o(.text)
    f_write                                  0x080057ad   Thumb Code   490  ff.o(.text)
    f_sync                                   0x08005997   Thumb Code   176  ff.o(.text)
    f_close                                  0x08005a47   Thumb Code    36  ff.o(.text)
    f_lseek                                  0x08005a6b   Thumb Code   654  ff.o(.text)
    f_opendir                                0x08005cf9   Thumb Code   110  ff.o(.text)
    f_closedir                               0x08005d67   Thumb Code    22  ff.o(.text)
    f_readdir                                0x08005d7d   Thumb Code    88  ff.o(.text)
    f_stat                                   0x08005dd5   Thumb Code    60  ff.o(.text)
    f_getfree                                0x08005e11   Thumb Code   258  ff.o(.text)
    f_truncate                               0x08005f13   Thumb Code   184  ff.o(.text)
    f_unlink                                 0x08005fcb   Thumb Code   170  ff.o(.text)
    f_mkdir                                  0x08006075   Thumb Code   352  ff.o(.text)
    f_chmod                                  0x080061d5   Thumb Code    84  ff.o(.text)
    f_utime                                  0x08006229   Thumb Code    86  ff.o(.text)
    f_rename                                 0x0800627f   Thumb Code   284  ff.o(.text)
    f_getlabel                               0x0800639b   Thumb Code   190  ff.o(.text)
    f_setlabel                               0x08006459   Thumb Code   462  ff.o(.text)
    f_mkfs                                   0x08006627   Thumb Code  1570  ff.o(.text)
    f_gets                                   0x08006c49   Thumb Code    82  ff.o(.text)
    f_putc                                   0x08006cdf   Thumb Code    64  ff.o(.text)
    f_puts                                   0x08006d1f   Thumb Code    74  ff.o(.text)
    f_printf                                 0x08006d69   Thumb Code   674  ff.o(.text)
    LD_reset                                 0x0800700d   Thumb Code    68  ld3320.o(.text)
    spi_send_byte                            0x08007051   Thumb Code    12  ld3320.o(.text)
    LD_WriteReg                              0x0800705d   Thumb Code    44  ld3320.o(.text)
    LD_ReadReg                               0x08007089   Thumb Code    46  ld3320.o(.text)
    LD_Init_Common                           0x080070b7   Thumb Code   200  ld3320.o(.text)
    LD3320_EXTI_Init                         0x0800717f   Thumb Code   126  ld3320.o(.text)
    LD3320_GPIO_init                         0x080071fd   Thumb Code    76  ld3320.o(.text)
    CLK_Configuration                        0x08007249   Thumb Code    38  ld3320.o(.text)
    LD3320_Init                              0x0800726f   Thumb Code    24  ld3320.o(.text)
    EXTI9_5_IRQHandler                       0x08007287   Thumb Code    40  ld3320.o(.text)
    fill_the_fifo                            0x080072cd   Thumb Code    38  mp3.o(.text)
    LD_play                                  0x080072f3   Thumb Code    84  mp3.o(.text)
    LD_Init_MP3                              0x08007347   Thumb Code   176  mp3.o(.text)
    PlayDemoSound_mp3                        0x080073f7   Thumb Code    72  mp3.o(.text)
    LD_ReloadMp3Data_Again                   0x0800743f   Thumb Code   176  mp3.o(.text)
    ProcessInt_MP3                           0x080074ef   Thumb Code   186  mp3.o(.text)
    SD_SPI_ReadWriteByte                     0x080075f1   Thumb Code    12  sd.o(.text)
    SD_SPI_SpeedLow                          0x080075fd   Thumb Code    10  sd.o(.text)
    SD_SPI_SpeedHigh                         0x08007607   Thumb Code    10  sd.o(.text)
    SD_SPI_Init                              0x08007611   Thumb Code    54  sd.o(.text)
    SD_DisSelect                             0x08007647   Thumb Code    16  sd.o(.text)
    SD_WaitReady                             0x08007657   Thumb Code    34  sd.o(.text)
    SD_Select                                0x08007679   Thumb Code    26  sd.o(.text)
    SD_GetResponse                           0x08007693   Thumb Code    38  sd.o(.text)
    SD_RecvData                              0x080076b9   Thumb Code    56  sd.o(.text)
    SD_SendBlock                             0x080076f1   Thumb Code    82  sd.o(.text)
    SD_SendCmd                               0x08007743   Thumb Code   120  sd.o(.text)
    SD_GetCID                                0x080077bb   Thumb Code    42  sd.o(.text)
    SD_GetCSD                                0x080077e5   Thumb Code    42  sd.o(.text)
    SD_GetSectorCount                        0x0800780f   Thumb Code   118  sd.o(.text)
    SD_Init                                  0x08007885   Thumb Code   378  sd.o(.text)
    SD_ReadDisk                              0x080079ff   Thumb Code   126  sd.o(.text)
    SD_WriteDisk                             0x08007a7d   Thumb Code   140  sd.o(.text)
    SPI1_ReadWriteByte                       0x08007b0d   Thumb Code    78  spi1.o(.text)
    SPI1_Init                                0x08007b5b   Thumb Code   136  spi1.o(.text)
    SPI1_SetSpeed                            0x08007be3   Thumb Code    36  spi1.o(.text)
    SPI2_Init                                0x08007c15   Thumb Code   136  spi2.o(.text)
    SPI2_SetSpeed                            0x08007c9d   Thumb Code    36  spi2.o(.text)
    SPI2_ReadWriteByte                       0x08007cc1   Thumb Code    78  spi2.o(.text)
    LED_Init                                 0x08007d19   Thumb Code    46  led.o(.text)
    USART1_init                              0x08007d4d   Thumb Code   164  usart1.o(.text)
    USART1_IRQHandler                        0x08007df1   Thumb Code   182  usart1.o(.text)
    _sys_exit                                0x08007ea7   Thumb Code     6  usart1.o(.text)
    fputc                                    0x08007ead   Thumb Code    24  usart1.o(.text)
    USART2_init                              0x08007ed5   Thumb Code   158  usart2.o(.text)
    UART2SendByte                            0x08007f73   Thumb Code    28  usart2.o(.text)
    UART2GetByte                             0x08007f8f   Thumb Code    30  usart2.o(.text)
    UART2Test                                0x08007fad   Thumb Code    32  usart2.o(.text)
    USART2_IRQHandler                        0x08007fcd   Thumb Code    94  usart2.o(.text)
    USART2_printf                            0x0800802b   Thumb Code    94  usart2.o(.text)
    tolower                                  0x08008099   Thumb Code    12  tolower.o(.text)
    localeconv                               0x080080a5   Thumb Code     4  localeconv.o(.text)
    __aeabi_memcpy                           0x080080ad   Thumb Code    36  memcpya.o(.text)
    __aeabi_memcpy4                          0x080080ad   Thumb Code     0  memcpya.o(.text)
    __aeabi_memcpy8                          0x080080ad   Thumb Code     0  memcpya.o(.text)
    __aeabi_memset                           0x080080d1   Thumb Code    14  memseta.o(.text)
    __aeabi_memset4                          0x080080d1   Thumb Code     0  memseta.o(.text)
    __aeabi_memset8                          0x080080d1   Thumb Code     0  memseta.o(.text)
    __aeabi_memclr                           0x080080df   Thumb Code     4  memseta.o(.text)
    __aeabi_memclr4                          0x080080df   Thumb Code     0  memseta.o(.text)
    __aeabi_memclr8                          0x080080df   Thumb Code     0  memseta.o(.text)
    _memset$wrapper                          0x080080e3   Thumb Code    18  memseta.o(.text)
    strlen                                   0x080080f5   Thumb Code    14  strlen.o(.text)
    strcmp                                   0x08008103   Thumb Code    28  strcmp.o(.text)
    strcpy                                   0x0800811f   Thumb Code    18  strcpy.o(.text)
    strncmp                                  0x08008131   Thumb Code    30  strncmp.o(.text)
    __0sscanf                                0x08008151   Thumb Code    48  __0sscanf.o(.text)
    _scanf_real                              0x08008289   Thumb Code     0  scanf_fp.o(.text)
    _scanf_really_real                       0x08008289   Thumb Code   556  scanf_fp.o(.text)
    __aeabi_dmul                             0x080084c1   Thumb Code   228  dmul.o(.text)
    __aeabi_i2d                              0x080085a5   Thumb Code    34  dflti.o(.text)
    __aeabi_d2iz                             0x080085c7   Thumb Code    62  dfixi.o(.text)
    __aeabi_f2d                              0x08008605   Thumb Code    38  f2d.o(.text)
    __aeabi_cdcmpeq                          0x0800862d   Thumb Code     0  cdcmple.o(.text)
    __aeabi_cdcmple                          0x0800862d   Thumb Code    48  cdcmple.o(.text)
    __aeabi_cdrcmple                         0x0800865d   Thumb Code    48  cdrcmple.o(.text)
    __aeabi_uidiv                            0x0800868d   Thumb Code     0  uidiv.o(.text)
    __aeabi_uidivmod                         0x0800868d   Thumb Code    44  uidiv.o(.text)
    __aeabi_uldivmod                         0x080086b9   Thumb Code    98  uldiv.o(.text)
    __aeabi_llsr                             0x0800871b   Thumb Code    32  llushr.o(.text)
    _ll_ushift_r                             0x0800871b   Thumb Code     0  llushr.o(.text)
    __vfscanf_char                           0x08008749   Thumb Code    20  scanf_char.o(.text)
    _sgetc                                   0x08008765   Thumb Code    30  _sgetc.o(.text)
    _sbackspace                              0x08008783   Thumb Code    34  _sgetc.o(.text)
    __strtod_int                             0x080087db   Thumb Code    88  strtod.o(.text)
    __I$use$fp                               0x08008841   Thumb Code     0  iusefp.o(.text)
    _double_round                            0x08008841   Thumb Code    30  depilogue.o(.text)
    _double_epilogue                         0x0800885f   Thumb Code   156  depilogue.o(.text)
    __aeabi_dadd                             0x080088fb   Thumb Code   322  dadd.o(.text)
    __aeabi_dsub                             0x08008a3d   Thumb Code     6  dadd.o(.text)
    __aeabi_drsub                            0x08008a43   Thumb Code     6  dadd.o(.text)
    __aeabi_ddiv                             0x08008a49   Thumb Code   222  ddiv.o(.text)
    __aeabi_ul2d                             0x08008b27   Thumb Code    24  dfltul.o(.text)
    __aeabi_d2ulz                            0x08008b3f   Thumb Code    48  dfixul.o(.text)
    __aeabi_d2f                              0x08008b6f   Thumb Code    56  d2f.o(.text)
    __scatterload                            0x08008ba9   Thumb Code    28  init.o(.text)
    __scatterload_rt2                        0x08008ba9   Thumb Code     0  init.o(.text)
    __aeabi_llsl                             0x08008bcd   Thumb Code    30  llshl.o(.text)
    _ll_shift_l                              0x08008bcd   Thumb Code     0  llshl.o(.text)
    __aeabi_lasr                             0x08008beb   Thumb Code    36  llsshr.o(.text)
    _ll_sshift_r                             0x08008beb   Thumb Code     0  llsshr.o(.text)
    isspace                                  0x08008c0f   Thumb Code    10  isspace_c.o(.text)
    __vfscanf                                0x08008c19   Thumb Code   808  _scanf.o(.text)
    _float_round                             0x08008f45   Thumb Code    18  fepilogue.o(.text)
    _float_epilogue                          0x08008f57   Thumb Code    92  fepilogue.o(.text)
    __ctype_lookup                           0x08008fb5   Thumb Code    34  ctype_c.o(.text)
    __0printf                                0x08008fdd   Thumb Code    22  printfa.o(i.__0printf)
    __1printf                                0x08008fdd   Thumb Code     0  printfa.o(i.__0printf)
    __2printf                                0x08008fdd   Thumb Code     0  printfa.o(i.__0printf)
    __c89printf                              0x08008fdd   Thumb Code     0  printfa.o(i.__0printf)
    printf                                   0x08008fdd   Thumb Code     0  printfa.o(i.__0printf)
    __0sprintf                               0x08008ffd   Thumb Code    34  printfa.o(i.__0sprintf)
    __1sprintf                               0x08008ffd   Thumb Code     0  printfa.o(i.__0sprintf)
    __2sprintf                               0x08008ffd   Thumb Code     0  printfa.o(i.__0sprintf)
    __c89sprintf                             0x08008ffd   Thumb Code     0  printfa.o(i.__0sprintf)
    sprintf                                  0x08008ffd   Thumb Code     0  printfa.o(i.__0sprintf)
    __0vsnprintf                             0x08009025   Thumb Code    32  printfa.o(i.__0vsnprintf)
    __1vsnprintf                             0x08009025   Thumb Code     0  printfa.o(i.__0vsnprintf)
    __2vsnprintf                             0x08009025   Thumb Code     0  printfa.o(i.__0vsnprintf)
    __c89vsnprintf                           0x08009025   Thumb Code     0  printfa.o(i.__0vsnprintf)
    vsnprintf                                0x08009025   Thumb Code     0  printfa.o(i.__0vsnprintf)
    free                                     0x08009049   Thumb Code    88  mallocr.o(i.__free$realloc)
    malloc                                   0x080090a5   Thumb Code    64  mallocr.o(i.__malloc$realloc)
    __scatterload_copy                       0x080090f5   Thumb Code    14  handlers.o(i.__scatterload_copy)
    __scatterload_null                       0x08009103   Thumb Code     2  handlers.o(i.__scatterload_null)
    __scatterload_zeroinit                   0x08009105   Thumb Code    14  handlers.o(i.__scatterload_zeroinit)
    _is_digit                                0x08009279   Thumb Code    14  scanf_fp.o(i._is_digit)
    realloc                                  0x08009a29   Thumb Code   102  mallocr.o(i.realloc)
    strtod                                   0x08009a95   Thumb Code    28  strtod.o(i.strtod)
    __internal_lconv                         0x08009adc   Data          56  ilconv.o(.constdata)
    __ctype_categories                       0x08009b14   Data          64  ctype_c.o(.constdata)
    Region$$Table$$Base                      0x08009c70   Number         0  anon$$obj.o(Region$$Table)
    Region$$Table$$Limit                     0x08009c90   Number         0  anon$$obj.o(Region$$Table)
    lastCheckStatusTime                      0x20000000   Data           4  main.o(.data)
    lastCheckOutTime                         0x20000004   Data           4  main.o(.data)
    lastSayTime                              0x20000008   Data           4  main.o(.data)
    lastWakeTime                             0x2000000c   Data           4  main.o(.data)
    BGT_STA                                  0x20000010   Data           1  main.o(.data)
    waked                                    0x20000014   Data           4  main.o(.data)
    DEVICEID                                 0x20000018   Data           4  main.o(.data)
    APIKEY                                   0x2000001c   Data           4  main.o(.data)
    SystemCoreClock                          0x20000048   Data           4  system_stm32f10x.o(.data)
    AHBPrescTable                            0x2000004c   Data          16  system_stm32f10x.o(.data)
    nAsrStatus                               0x2000005c   Data           1  asr.o(.data)
    nLD_Mode                                 0x20000060   Data           1  ld3320.o(.data)
    Read_Bytes                               0x20000064   Data           4  mp3.o(.data)
    Write_Bytes                              0x20000068   Data           4  mp3.o(.data)
    nMp3Size                                 0x2000006c   Data           4  mp3.o(.data)
    nMp3Pos                                  0x20000070   Data           4  mp3.o(.data)
    bMp3Play                                 0x20000074   Data           1  mp3.o(.data)
    ucRegVal                                 0x20000075   Data           1  mp3.o(.data)
    ucHighInt                                0x20000076   Data           1  mp3.o(.data)
    ucLowInt                                 0x20000077   Data           1  mp3.o(.data)
    SD_Type                                  0x20000078   Data           1  sd.o(.data)
    USART1_RX_STA                            0x2000007c   Data           2  usart1.o(.data)
    __stdout                                 0x20000080   Data           4  usart1.o(.data)
    USART2_RX_STA                            0x20000084   Data           2  usart2.o(.data)
    __microlib_freelist                      0x20000088   Data           4  mvars.o(.data)
    __microlib_freelist_initialised          0x2000008c   Data           4  mvars.o(.data)
    fs                                       0x20000090   Data         560  main.o(.bss)
    MEM_BUFF                                 0x200002c0   Data        6400  mymalloc.o(.bss)
    MEM_BCT_TAB                              0x20001bc0   Data         200  mymalloc.o(.bss)
    file                                     0x20001c98   Data         552  asr.o(.bss)
    MP3_file                                 0x20001ecc   Data         552  mp3.o(.bss)
    USART1_RX_BUF                            0x200020f4   Data         256  usart1.o(.bss)
    USART2_RX_BUF                            0x200021f4   Data        2048  usart2.o(.bss)
    __heap_base                              0x200029f8   Data           0  startup_stm32f10x_md.o(HEAP)
    __heap_limit                             0x200039f8   Data           0  startup_stm32f10x_md.o(HEAP)
    __initial_sp                             0x200049f8   Data           0  startup_stm32f10x_md.o(STACK)



==============================================================================

Memory Map of the image

  Image Entry point : 0x080000ed

  Load Region LR_IROM1 (Base: 0x08000000, Size: 0x00009d20, Max: 0x00010000, ABSOLUTE)

    Execution Region ER_IROM1 (Base: 0x08000000, Size: 0x00009c90, Max: 0x00010000, ABSOLUTE)

    Base Addr    Size         Type   Attr      Idx    E Section Name        Object

    0x08000000   0x000000ec   Data   RO          656    RESET               startup_stm32f10x_md.o
    0x080000ec   0x00000000   Code   RO          874  * .ARM.Collect$$$$00000000  mc_w.l(entry.o)
    0x080000ec   0x00000004   Code   RO         1202    .ARM.Collect$$$$00000001  mc_w.l(entry2.o)
    0x080000f0   0x00000004   Code   RO         1205    .ARM.Collect$$$$00000004  mc_w.l(entry5.o)
    0x080000f4   0x00000000   Code   RO         1207    .ARM.Collect$$$$00000008  mc_w.l(entry7b.o)
    0x080000f4   0x00000000   Code   RO         1209    .ARM.Collect$$$$0000000A  mc_w.l(entry8b.o)
    0x080000f4   0x00000008   Code   RO         1210    .ARM.Collect$$$$0000000B  mc_w.l(entry9a.o)
    0x080000fc   0x00000000   Code   RO         1212    .ARM.Collect$$$$0000000D  mc_w.l(entry10a.o)
    0x080000fc   0x00000000   Code   RO         1214    .ARM.Collect$$$$0000000F  mc_w.l(entry11a.o)
    0x080000fc   0x00000004   Code   RO         1203    .ARM.Collect$$$$00002712  mc_w.l(entry2.o)
    0x08000100   0x0000001a   Code   RO            1    .text               stm32f10x_it.o
    0x0800011a   0x00000002   PAD
    0x0800011c   0x000007d8   Code   RO           62    .text               main.o
    0x080008f4   0x0000016c   Code   RO          141    .text               delay.o
    0x08000a60   0x000000d0   Code   RO          153    .text               mymalloc.o
    0x08000b30   0x00001c94   Code   RO          171    .text               cjson.o
    0x080027c4   0x0000010c   Code   RO          219    .text               bigiot.o
    0x080028d0   0x00000120   Code   RO          248    .text               millis.o
    0x080029f0   0x000003a4   Code   RO          260    .text               stm32f10x_rcc.o
    0x08002d94   0x0000035c   Code   RO          301    .text               stm32f10x_gpio.o
    0x080030f0   0x000000dc   Code   RO          319    .text               misc.o
    0x080031cc   0x0000011c   Code   RO          334    .text               stm32f10x_exti.o
    0x080032e8   0x0000030c   Code   RO          349    .text               stm32f10x_spi.o
    0x080035f4   0x00000408   Code   RO          379    .text               stm32f10x_usart.o
    0x080039fc   0x000000c4   Code   RO          454    .text               stm32f10x_bkp.o
    0x08003ac0   0x000000cc   Code   RO          571    .text               stm32f10x_pwr.o
    0x08003b8c   0x00000148   Code   RO          583    .text               stm32f10x_rtc.o
    0x08003cd4   0x000001e0   Code   RO          636    .text               system_stm32f10x.o
    0x08003eb4   0x00000024   Code   RO          657    .text               startup_stm32f10x_md.o
    0x08003ed8   0x00000460   Code   RO          661    .text               asr.o
    0x08004338   0x00000148   Code   RO          687    .text               diskio.o
    0x08004480   0x00002b8a   Code   RO          705    .text               ff.o
    0x0800700a   0x00000002   PAD
    0x0800700c   0x000002c0   Code   RO          727    .text               ld3320.o
    0x080072cc   0x00000324   Code   RO          748    .text               mp3.o
    0x080075f0   0x0000051c   Code   RO          767    .text               sd.o
    0x08007b0c   0x00000108   Code   RO          788    .text               spi1.o
    0x08007c14   0x00000104   Code   RO          800    .text               spi2.o
    0x08007d18   0x00000034   Code   RO          812    .text               led.o
    0x08007d4c   0x00000188   Code   RO          824    .text               usart1.o
    0x08007ed4   0x000001c4   Code   RO          847    .text               usart2.o
    0x08008098   0x0000000c   Code   RO          877    .text               mc_w.l(tolower.o)
    0x080080a4   0x00000008   Code   RO          879    .text               mc_w.l(localeconv.o)
    0x080080ac   0x00000024   Code   RO          881    .text               mc_w.l(memcpya.o)
    0x080080d0   0x00000024   Code   RO          883    .text               mc_w.l(memseta.o)
    0x080080f4   0x0000000e   Code   RO          885    .text               mc_w.l(strlen.o)
    0x08008102   0x0000001c   Code   RO          887    .text               mc_w.l(strcmp.o)
    0x0800811e   0x00000012   Code   RO          889    .text               mc_w.l(strcpy.o)
    0x08008130   0x0000001e   Code   RO          891    .text               mc_w.l(strncmp.o)
    0x0800814e   0x00000002   PAD
    0x08008150   0x00000038   Code   RO         1184    .text               mc_w.l(__0sscanf.o)
    0x08008188   0x00000338   Code   RO         1186    .text               mc_w.l(scanf_fp.o)
    0x080084c0   0x000000e4   Code   RO         1190    .text               mf_w.l(dmul.o)
    0x080085a4   0x00000022   Code   RO         1192    .text               mf_w.l(dflti.o)
    0x080085c6   0x0000003e   Code   RO         1194    .text               mf_w.l(dfixi.o)
    0x08008604   0x00000026   Code   RO         1196    .text               mf_w.l(f2d.o)
    0x0800862a   0x00000002   PAD
    0x0800862c   0x00000030   Code   RO         1198    .text               mf_w.l(cdcmple.o)
    0x0800865c   0x00000030   Code   RO         1200    .text               mf_w.l(cdrcmple.o)
    0x0800868c   0x0000002c   Code   RO         1216    .text               mc_w.l(uidiv.o)
    0x080086b8   0x00000062   Code   RO         1218    .text               mc_w.l(uldiv.o)
    0x0800871a   0x00000020   Code   RO         1220    .text               mc_w.l(llushr.o)
    0x0800873a   0x00000002   PAD
    0x0800873c   0x00000028   Code   RO         1226    .text               mc_w.l(scanf_char.o)
    0x08008764   0x00000040   Code   RO         1228    .text               mc_w.l(_sgetc.o)
    0x080087a4   0x0000009c   Code   RO         1230    .text               mc_w.l(strtod.o)
    0x08008840   0x00000000   Code   RO         1232    .text               mc_w.l(iusefp.o)
    0x08008840   0x000000ba   Code   RO         1233    .text               mf_w.l(depilogue.o)
    0x080088fa   0x0000014e   Code   RO         1235    .text               mf_w.l(dadd.o)
    0x08008a48   0x000000de   Code   RO         1237    .text               mf_w.l(ddiv.o)
    0x08008b26   0x00000018   Code   RO         1239    .text               mf_w.l(dfltul.o)
    0x08008b3e   0x00000030   Code   RO         1241    .text               mf_w.l(dfixul.o)
    0x08008b6e   0x00000038   Code   RO         1243    .text               mf_w.l(d2f.o)
    0x08008ba6   0x00000002   PAD
    0x08008ba8   0x00000024   Code   RO         1245    .text               mc_w.l(init.o)
    0x08008bcc   0x0000001e   Code   RO         1247    .text               mc_w.l(llshl.o)
    0x08008bea   0x00000024   Code   RO         1249    .text               mc_w.l(llsshr.o)
    0x08008c0e   0x0000000a   Code   RO         1251    .text               mc_w.l(isspace_c.o)
    0x08008c18   0x0000032c   Code   RO         1253    .text               mc_w.l(_scanf.o)
    0x08008f44   0x0000006e   Code   RO         1255    .text               mf_w.l(fepilogue.o)
    0x08008fb2   0x00000002   PAD
    0x08008fb4   0x00000028   Code   RO         1257    .text               mc_w.l(ctype_c.o)
    0x08008fdc   0x00000020   Code   RO         1128    i.__0printf         mc_w.l(printfa.o)
    0x08008ffc   0x00000028   Code   RO         1130    i.__0sprintf        mc_w.l(printfa.o)
    0x08009024   0x00000024   Code   RO         1133    i.__0vsnprintf      mc_w.l(printfa.o)
    0x08009048   0x0000005c   Code   RO         1160    i.__free$realloc    mc_w.l(mallocr.o)
    0x080090a4   0x00000050   Code   RO         1161    i.__malloc$realloc  mc_w.l(mallocr.o)
    0x080090f4   0x0000000e   Code   RO         1262    i.__scatterload_copy  mc_w.l(handlers.o)
    0x08009102   0x00000002   Code   RO         1263    i.__scatterload_null  mc_w.l(handlers.o)
    0x08009104   0x0000000e   Code   RO         1264    i.__scatterload_zeroinit  mc_w.l(handlers.o)
    0x08009112   0x00000002   PAD
    0x08009114   0x00000164   Code   RO         1135    i._fp_digits        mc_w.l(printfa.o)
    0x08009278   0x0000000e   Code   RO         1188    i._is_digit         mc_w.l(scanf_fp.o)
    0x08009286   0x00000002   PAD
    0x08009288   0x000006dc   Code   RO         1136    i._printf_core      mc_w.l(printfa.o)
    0x08009964   0x00000024   Code   RO         1137    i._printf_post_padding  mc_w.l(printfa.o)
    0x08009988   0x0000002e   Code   RO         1138    i._printf_pre_padding  mc_w.l(printfa.o)
    0x080099b6   0x00000016   Code   RO         1139    i._snputc           mc_w.l(printfa.o)
    0x080099cc   0x0000000a   Code   RO         1140    i._sputc            mc_w.l(printfa.o)
    0x080099d6   0x00000002   PAD
    0x080099d8   0x00000050   Code   RO         1162    i.internal_alloc    mc_w.l(mallocr.o)
    0x08009a28   0x0000006c   Code   RO         1163    i.realloc           mc_w.l(mallocr.o)
    0x08009a94   0x0000001c   Code   RO          871    i.strtod            m_ws.l(strtod.o)
    0x08009ab0   0x0000002c   Data   RO          707    .constdata          ff.o
    0x08009adc   0x00000038   Data   RO         1222    .constdata          mc_w.l(ilconv.o)
    0x08009b14   0x00000040   Data   RO         1258    .constdata          mc_w.l(ctype_c.o)
    0x08009b54   0x00000112   Data   RO           65    .conststring        main.o
    0x08009c66   0x00000002   PAD
    0x08009c68   0x00000005   Data   RO         1223    .conststring        mc_w.l(ilconv.o)
    0x08009c6d   0x00000003   PAD
    0x08009c70   0x00000020   Data   RO         1260    Region$$Table       anon$$obj.o


    Execution Region RW_IRAM1 (Base: 0x20000000, Size: 0x000049f8, Max: 0x00005000, ABSOLUTE)

    Base Addr    Size         Type   Attr      Idx    E Section Name        Object

    0x20000000   0x00000020   Data   RW           66    .data               main.o
    0x20000020   0x00000014   Data   RW          173    .data               cjson.o
    0x20000034   0x00000014   Data   RW          261    .data               stm32f10x_rcc.o
    0x20000048   0x00000014   Data   RW          637    .data               system_stm32f10x.o
    0x2000005c   0x00000001   Data   RW          663    .data               asr.o
    0x2000005d   0x00000001   PAD
    0x2000005e   0x00000002   Data   RW          708    .data               ff.o
    0x20000060   0x00000001   Data   RW          728    .data               ld3320.o
    0x20000061   0x00000003   PAD
    0x20000064   0x00000014   Data   RW          750    .data               mp3.o
    0x20000078   0x00000001   Data   RW          768    .data               sd.o
    0x20000079   0x00000003   PAD
    0x2000007c   0x00000008   Data   RW          826    .data               usart1.o
    0x20000084   0x00000002   Data   RW          849    .data               usart2.o
    0x20000086   0x00000002   PAD
    0x20000088   0x00000004   Data   RW         1224    .data               mc_w.l(mvars.o)
    0x2000008c   0x00000004   Data   RW         1225    .data               mc_w.l(mvars.o)
    0x20000090   0x00000230   Zero   RW           63    .bss                main.o
    0x200002c0   0x000019c8   Zero   RW          154    .bss                mymalloc.o
    0x20001c88   0x0000000f   Zero   RW          172    .bss                cjson.o
    0x20001c97   0x00000001   PAD
    0x20001c98   0x00000228   Zero   RW          662    .bss                asr.o
    0x20001ec0   0x0000000c   Zero   RW          706    .bss                ff.o
    0x20001ecc   0x00000228   Zero   RW          749    .bss                mp3.o
    0x200020f4   0x00000100   Zero   RW          825    .bss                usart1.o
    0x200021f4   0x00000800   Zero   RW          848    .bss                usart2.o
    0x200029f4   0x00000004   PAD
    0x200029f8   0x00001000   Zero   RW          655    HEAP                startup_stm32f10x_md.o
    0x200039f8   0x00001000   Zero   RW          654    STACK               startup_stm32f10x_md.o


==============================================================================

Image component sizes


      Code (inc. data)   RO Data    RW Data    ZI Data      Debug   Object Name

      1120         74          0          1        552       6113   asr.o
       268        170          0          0          0     207172   bigiot.o
      7316        154          0         20         15      34557   cjson.o
         0          0          0          0          0         32   core_cm3.o
       364          6          0          0          0       1175   delay.o
       328          6          0          0          0       4289   diskio.o
     11146        124         44          2         12      30698   ff.o
       704         30          0          1          0       2477   ld3320.o
        52          6          0          0          0        479   led.o
      2008        724        274         32        560      12249   main.o
       288          4          0          0          0       1096   millis.o
       220         22          0          0          0       3773   misc.o
       804         72          0         20        552       2180   mp3.o
       208          8          0          0       6600       2192   mymalloc.o
      1308         16          0          1          0       5560   sd.o
       264         14          0          0          0       1093   spi1.o
       260         10          0          0          0       1085   spi2.o
        36          8        236          0       8192        780   startup_stm32f10x_md.o
       196          8          0          0          0       3592   stm32f10x_bkp.o
       284         10          0          0          0       4707   stm32f10x_exti.o
       860         38          0          0          0      23145   stm32f10x_gpio.o
        26          0          0          0          0     233186   stm32f10x_it.o
       204         14          0          0          0       1967   stm32f10x_pwr.o
       932         36          0         20          0      17876   stm32f10x_rcc.o
       328          4          0          0          0       2718   stm32f10x_rtc.o
       780         14          0          0          0      13738   stm32f10x_spi.o
      1032         22          0          0          0      14716   stm32f10x_usart.o
       480         38          0         20          0       1795   system_stm32f10x.o
       392         16          0          8        256       3154   usart1.o
       452         16          0          2       2048       2421   usart2.o

    ----------------------------------------------------------------------
     32664       1664        588        136      18792     640015   Object Totals
         0          0         32          0          0          0   (incl. Generated)
         4          0          2          9          5          0   (incl. Padding)

    ----------------------------------------------------------------------

      Code (inc. data)   RO Data    RW Data    ZI Data      Debug   Library Member Name

        28          0          0          0          0         80   strtod.o
        56          8          0          0          0         84   __0sscanf.o
       812          4          0          0          0        112   _scanf.o
        64          0          0          0          0         84   _sgetc.o
        40          6         64          0          0         68   ctype_c.o
         0          0          0          0          0          0   entry.o
         0          0          0          0          0          0   entry10a.o
         0          0          0          0          0          0   entry11a.o
         8          4          0          0          0          0   entry2.o
         4          0          0          0          0          0   entry5.o
         0          0          0          0          0          0   entry7b.o
         0          0          0          0          0          0   entry8b.o
         8          4          0          0          0          0   entry9a.o
        30          0          0          0          0          0   handlers.o
         0          0         61          0          0          0   ilconv.o
        36          8          0          0          0         68   init.o
        10          0          0          0          0         68   isspace_c.o
         0          0          0          0          0          0   iusefp.o
        30          0          0          0          0         68   llshl.o
        36          0          0          0          0         68   llsshr.o
        32          0          0          0          0         68   llushr.o
         8          4          0          0          0         68   localeconv.o
       360         30          0          0          0        356   mallocr.o
        36          0          0          0          0         68   memcpya.o
        36          0          0          0          0        108   memseta.o
         0          0          0          8          0          0   mvars.o
      2334        100          0          0          0        744   printfa.o
        40          8          0          0          0         84   scanf_char.o
       838         12          0          0          0        216   scanf_fp.o
        28          0          0          0          0         76   strcmp.o
        18          0          0          0          0         68   strcpy.o
        14          0          0          0          0         68   strlen.o
        30          0          0          0          0         80   strncmp.o
       156         14          0          0          0        120   strtod.o
        12          0          0          0          0         68   tolower.o
        44          0          0          0          0         80   uidiv.o
        98          0          0          0          0         92   uldiv.o
        48          0          0          0          0         68   cdcmple.o
        48          0          0          0          0         68   cdrcmple.o
        56          0          0          0          0         88   d2f.o
       334          0          0          0          0        148   dadd.o
       222          0          0          0          0        100   ddiv.o
       186          0          0          0          0        176   depilogue.o
        62          0          0          0          0         80   dfixi.o
        48          0          0          0          0         68   dfixul.o
        34          0          0          0          0         76   dflti.o
        24          0          0          0          0         76   dfltul.o
       228          0          0          0          0         96   dmul.o
        38          0          0          0          0         68   f2d.o
       110          0          0          0          0        168   fepilogue.o

    ----------------------------------------------------------------------
      6700        202        128          8          0       4344   Library Totals
        16          0          3          0          0          0   (incl. Padding)

    ----------------------------------------------------------------------

      Code (inc. data)   RO Data    RW Data    ZI Data      Debug   Library Name

        28          0          0          0          0         80   m_ws.l
      5218        202        125          8          0       2984   mc_w.l
      1438          0          0          0          0       1280   mf_w.l

    ----------------------------------------------------------------------
      6700        202        128          8          0       4344   Library Totals

    ----------------------------------------------------------------------

==============================================================================


      Code (inc. data)   RO Data    RW Data    ZI Data      Debug   

     39364       1866        716        144      18792     639467   Grand Totals
     39364       1866        716        144      18792     639467   ELF Image Totals
     39364       1866        716        144          0          0   ROM Totals

==============================================================================

    Total RO  Size (Code + RO Data)                40080 (  39.14kB)
    Total RW  Size (RW Data + ZI Data)             18936 (  18.49kB)
    Total ROM Size (Code + RO Data + RW Data)      40224 (  39.28kB)

==============================================================================

