Component: ARM Compiler 5.05 update 2 (build 169) Tool: armlink [4d0f33]

==============================================================================

Section Cross References

    main.o(i.check_status) refers to printfa.o(i.__0printf) for __2printf
    main.o(i.checkin) refers to printfa.o(i.__0printf) for __2printf
    main.o(i.checkin) refers to main.o(.data) for .data
    main.o(i.checkout) refers to printfa.o(i.__0printf) for __2printf
    main.o(i.checkout) refers to main.o(.data) for .data
    main.o(i.main) refers to main.o(i.setup) for setup
    main.o(i.main) refers to millis.o(i.millis) for millis
    main.o(i.main) refers to main.o(i.checkin) for checkin
    main.o(i.main) refers to main.o(i.check_status) for check_status
    main.o(i.main) refers to main.o(i.processMessage) for processMessage
    main.o(i.main) refers to main.o(.data) for .data
    main.o(i.main) refers to main.o(.bss) for .bss
    main.o(i.processMessage) refers to cjson.o(i.cJSON_Parse) for cJSON_Parse
    main.o(i.processMessage) refers to cjson.o(i.cJSON_GetObjectItem) for cJSON_GetObjectItem
    main.o(i.processMessage) refers to strncmp.o(.text) for strncmp
    main.o(i.processMessage) refers to main.o(i.checkout) for checkout
    main.o(i.processMessage) refers to main.o(i.delay_ms) for delay_ms
    main.o(i.processMessage) refers to main.o(i.checkin) for checkin
    main.o(i.processMessage) refers to memcpya.o(.text) for __aeabi_memcpy4
    main.o(i.processMessage) refers to main.o(i.say) for say
    main.o(i.processMessage) refers to millis.o(i.millis) for millis
    main.o(i.processMessage) refers to led.o(i.Led_On) for Led_On
    main.o(i.processMessage) refers to led.o(i.Led_Off) for Led_Off
    main.o(i.processMessage) refers to cjson.o(i.cJSON_Delete) for cJSON_Delete
    main.o(i.processMessage) refers to main.o(.data) for .data
    main.o(i.say) refers to printfa.o(i.__0printf) for __2printf
    main.o(i.setup) refers to led.o(i.LED_Init) for LED_Init
    main.o(i.setup) refers to usart1.o(i.USART1_Config) for USART1_Config
    main.o(i.setup) refers to millis.o(i.MILLIS_Init) for MILLIS_Init
    main.o(i.update1) refers to f2d.o(.text) for __aeabi_f2d
    main.o(i.update1) refers to printfa.o(i.__0printf) for __2printf
    main.o(.data) refers to main.o(.conststring) for .conststring
    cjson.o(i.cJSON_AddItemReferenceToArray) refers to cjson.o(i.create_reference) for create_reference
    cjson.o(i.cJSON_AddItemReferenceToArray) refers to cjson.o(i.cJSON_AddItemToArray) for cJSON_AddItemToArray
    cjson.o(i.cJSON_AddItemReferenceToArray) refers to cjson.o(.data) for .data
    cjson.o(i.cJSON_AddItemReferenceToObject) refers to cjson.o(i.create_reference) for create_reference
    cjson.o(i.cJSON_AddItemReferenceToObject) refers to cjson.o(i.cJSON_AddItemToObject) for cJSON_AddItemToObject
    cjson.o(i.cJSON_AddItemReferenceToObject) refers to cjson.o(.data) for .data
    cjson.o(i.cJSON_AddItemToObject) refers to cjson.o(i.cJSON_strdup) for cJSON_strdup
    cjson.o(i.cJSON_AddItemToObject) refers to cjson.o(i.cJSON_AddItemToObjectCS) for cJSON_AddItemToObjectCS
    cjson.o(i.cJSON_AddItemToObject) refers to cjson.o(.data) for .data
    cjson.o(i.cJSON_AddItemToObjectCS) refers to cjson.o(i.cJSON_AddItemToArray) for cJSON_AddItemToArray
    cjson.o(i.cJSON_AddItemToObjectCS) refers to cjson.o(.data) for .data
    cjson.o(i.cJSON_Compare) refers to cjson.o(i.cJSON_IsInvalid) for cJSON_IsInvalid
    cjson.o(i.cJSON_Compare) refers to cdcmple.o(.text) for __aeabi_cdcmpeq
    cjson.o(i.cJSON_Compare) refers to strcmp.o(.text) for strcmp
    cjson.o(i.cJSON_Compare) refers to cjson.o(i.get_object_item) for get_object_item
    cjson.o(i.cJSON_CreateArray) refers to cjson.o(i.cJSON_New_Item) for cJSON_New_Item
    cjson.o(i.cJSON_CreateArray) refers to cjson.o(.data) for .data
    cjson.o(i.cJSON_CreateBool) refers to cjson.o(i.cJSON_New_Item) for cJSON_New_Item
    cjson.o(i.cJSON_CreateBool) refers to cjson.o(.data) for .data
    cjson.o(i.cJSON_CreateDoubleArray) refers to cjson.o(i.cJSON_CreateArray) for cJSON_CreateArray
    cjson.o(i.cJSON_CreateDoubleArray) refers to cjson.o(i.cJSON_CreateNumber) for cJSON_CreateNumber
    cjson.o(i.cJSON_CreateDoubleArray) refers to cjson.o(i.cJSON_Delete) for cJSON_Delete
    cjson.o(i.cJSON_CreateFalse) refers to cjson.o(i.cJSON_New_Item) for cJSON_New_Item
    cjson.o(i.cJSON_CreateFalse) refers to cjson.o(.data) for .data
    cjson.o(i.cJSON_CreateFloatArray) refers to cjson.o(i.cJSON_CreateArray) for cJSON_CreateArray
    cjson.o(i.cJSON_CreateFloatArray) refers to f2d.o(.text) for __aeabi_f2d
    cjson.o(i.cJSON_CreateFloatArray) refers to cjson.o(i.cJSON_CreateNumber) for cJSON_CreateNumber
    cjson.o(i.cJSON_CreateFloatArray) refers to cjson.o(i.cJSON_Delete) for cJSON_Delete
    cjson.o(i.cJSON_CreateIntArray) refers to cjson.o(i.cJSON_CreateArray) for cJSON_CreateArray
[...]
    Removing stm32f10x_dma.o(i.DMA_GetITStatus), (32 bytes).
    Removing stm32f10x_dma.o(i.DMA_ITConfig), (16 bytes).
    Removing stm32f10x_dma.o(i.DMA_Init), (58 bytes).
    Removing stm32f10x_dma.o(i.DMA_SetCurrDataCounter), (4 bytes).
    Removing stm32f10x_dma.o(i.DMA_StructInit), (26 bytes).
    Removing stm32f10x_i2c.o(i.I2C_ARPCmd), (20 bytes).
    Removing stm32f10x_i2c.o(i.I2C_AcknowledgeConfig), (20 bytes).
    Removing stm32f10x_i2c.o(i.I2C_CalculatePEC), (20 bytes).
    Removing stm32f10x_i2c.o(i.I2C_CheckEvent), (24 bytes).
    Removing stm32f10x_i2c.o(i.I2C_ClearFlag), (6 bytes).
    Removing stm32f10x_i2c.o(i.I2C_ClearITPendingBit), (6 bytes).
    Removing stm32f10x_i2c.o(i.I2C_Cmd), (20 bytes).
    Removing stm32f10x_i2c.o(i.I2C_DMACmd), (20 bytes).
    Removing stm32f10x_i2c.o(i.I2C_DMALastTransferCmd), (20 bytes).
    Removing stm32f10x_i2c.o(i.I2C_DeInit), (44 bytes).
    Removing stm32f10x_i2c.o(i.I2C_DualAddressCmd), (20 bytes).
    Removing stm32f10x_i2c.o(i.I2C_FastModeDutyCycleConfig), (22 bytes).
    Removing stm32f10x_i2c.o(i.I2C_GeneralCallCmd), (20 bytes).
    Removing stm32f10x_i2c.o(i.I2C_GenerateSTART), (20 bytes).
    Removing stm32f10x_i2c.o(i.I2C_GenerateSTOP), (20 bytes).
    Removing stm32f10x_i2c.o(i.I2C_GetFlagStatus), (42 bytes).
    Removing stm32f10x_i2c.o(i.I2C_GetITStatus), (36 bytes).
    Removing stm32f10x_i2c.o(i.I2C_GetLastEvent), (14 bytes).
    Removing stm32f10x_i2c.o(i.I2C_GetPEC), (6 bytes).
    Removing stm32f10x_i2c.o(i.I2C_ITConfig), (16 bytes).
    Removing stm32f10x_i2c.o(i.I2C_Init), (188 bytes).
    Removing stm32f10x_i2c.o(i.I2C_NACKPositionConfig), (22 bytes).
    Removing stm32f10x_i2c.o(i.I2C_OwnAddress2Config), (16 bytes).
    Removing stm32f10x_i2c.o(i.I2C_PECPositionConfig), (22 bytes).
    Removing stm32f10x_i2c.o(i.I2C_ReadRegister), (10 bytes).
    Removing stm32f10x_i2c.o(i.I2C_ReceiveData), (6 bytes).
    Removing stm32f10x_i2c.o(i.I2C_SMBusAlertConfig), (22 bytes).
    Removing stm32f10x_i2c.o(i.I2C_Send7bitAddress), (16 bytes).
    Removing stm32f10x_i2c.o(i.I2C_SendData), (4 bytes).
    Removing stm32f10x_i2c.o(i.I2C_SoftwareResetCmd), (20 bytes).
    Removing stm32f10x_i2c.o(i.I2C_StretchClockCmd), (20 bytes).
    Removing stm32f10x_i2c.o(i.I2C_StructInit), (28 bytes).
    Removing stm32f10x_i2c.o(i.I2C_TransmitPEC), (20 bytes).
    Removing stm32f10x_adc.o(i.ADC_AnalogWatchdogCmd), (16 bytes).
    Removing stm32f10x_adc.o(i.ADC_AnalogWatchdogSingleChannelConfig), (12 bytes).
    Removing stm32f10x_adc.o(i.ADC_AnalogWatchdogThresholdsConfig), (6 bytes).
    Removing stm32f10x_adc.o(i.ADC_AutoInjectedConvCmd), (20 bytes).
    Removing stm32f10x_adc.o(i.ADC_ClearFlag), (6 bytes).
    Removing stm32f10x_adc.o(i.ADC_ClearITPendingBit), (8 bytes).
    Removing stm32f10x_adc.o(i.ADC_Cmd), (20 bytes).
    Removing stm32f10x_adc.o(i.ADC_DMACmd), (20 bytes).
    Removing stm32f10x_adc.o(i.ADC_DeInit), (68 bytes).
    Removing stm32f10x_adc.o(i.ADC_DiscModeChannelCountConfig), (16 bytes).
    Removing stm32f10x_adc.o(i.ADC_DiscModeCmd), (20 bytes).
    Removing stm32f10x_adc.o(i.ADC_ExternalTrigConvCmd), (20 bytes).
    Removing stm32f10x_adc.o(i.ADC_ExternalTrigInjectedConvCmd), (20 bytes).
    Removing stm32f10x_adc.o(i.ADC_ExternalTrigInjectedConvConfig), (12 bytes).
    Removing stm32f10x_adc.o(i.ADC_GetCalibrationStatus), (14 bytes).
    Removing stm32f10x_adc.o(i.ADC_GetConversionValue), (6 bytes).
    Removing stm32f10x_adc.o(i.ADC_GetDualModeConversionValue), (12 bytes).
    Removing stm32f10x_adc.o(i.ADC_GetFlagStatus), (14 bytes).
    Removing stm32f10x_adc.o(i.ADC_GetITStatus), (28 bytes).
    Removing stm32f10x_adc.o(i.ADC_GetInjectedConversionValue), (14 bytes).
    Removing stm32f10x_adc.o(i.ADC_GetResetCalibrationStatus), (14 bytes).
    Removing stm32f10x_adc.o(i.ADC_GetSoftwareStartConvStatus), (14 bytes).
    Removing stm32f10x_adc.o(i.ADC_GetSoftwareStartInjectedConvCmdStatus), (14 bytes).
    Removing stm32f10x_adc.o(i.ADC_ITConfig), (18 bytes).
    Removing stm32f10x_adc.o(i.ADC_Init), (72 bytes).
    Removing stm32f10x_adc.o(i.ADC_InjectedChannelConfig), (74 bytes).
    Removing stm32f10x_adc.o(i.ADC_InjectedDiscModeCmd), (20 bytes).
    Removing stm32f10x_adc.o(i.ADC_InjectedSequencerLengthConfig), (16 bytes).
    Removing stm32f10x_adc.o(i.ADC_RegularChannelConfig), (116 bytes).
    Removing stm32f10x_adc.o(i.ADC_ResetCalibration), (10 bytes).
    Removing stm32f10x_adc.o(i.ADC_SetInjectedOffset), (10 bytes).
    Removing stm32f10x_adc.o(i.ADC_SoftwareStartConvCmd), (20 bytes).
    Removing stm32f10x_adc.o(i.ADC_SoftwareStartInjectedConvCmd), (20 bytes).
    Removing stm32f10x_adc.o(i.ADC_StartCalibration), (10 bytes).
    Removing stm32f10x_adc.o(i.ADC_StructInit), (18 bytes).
    Removing stm32f10x_adc.o(i.ADC_TempSensorVrefintCmd), (28 bytes).
    Removing stm32f10x_bkp.o(i.BKP_ClearFlag), (16 bytes).
    Removing stm32f10x_bkp.o(i.BKP_ClearITPendingBit), (16 bytes).
    Removing stm32f10x_bkp.o(i.BKP_GetFlagStatus), (12 bytes).
    Removing stm32f10x_bkp.o(i.BKP_GetITStatus), (12 bytes).
    Removing stm32f10x_bkp.o(i.BKP_ITConfig), (12 bytes).
    Removing stm32f10x_bkp.o(i.BKP_RTCOutputConfig), (20 bytes).
    Removing stm32f10x_bkp.o(i.BKP_ReadBackupRegister), (16 bytes).
    Removing stm32f10x_bkp.o(i.BKP_SetRTCCalibrationValue), (20 bytes).
    Removing stm32f10x_bkp.o(i.BKP_TamperPinCmd), (12 bytes).
    Removing stm32f10x_bkp.o(i.BKP_TamperPinLevelConfig), (12 bytes).
    Removing stm32f10x_bkp.o(i.BKP_WriteBackupRegister), (16 bytes).
    Removing stm32f10x_can.o(i.CAN_CancelTransmit), (36 bytes).
    Removing stm32f10x_can.o(i.CAN_ClearFlag), (48 bytes).
    Removing stm32f10x_can.o(i.CAN_ClearITPendingBit), (120 bytes).
    Removing stm32f10x_can.o(i.CAN_DBGFreeze), (20 bytes).
    Removing stm32f10x_can.o(i.CAN_DeInit), (44 bytes).
    Removing stm32f10x_can.o(i.CAN_FIFORelease), (22 bytes).
    Removing stm32f10x_can.o(i.CAN_FilterInit), (204 bytes).
    Removing stm32f10x_can.o(i.CAN_GetFlagStatus), (52 bytes).
    Removing stm32f10x_can.o(i.CAN_GetITStatus), (168 bytes).
    Removing stm32f10x_can.o(i.CAN_GetLSBTransmitErrorCounter), (8 bytes).
    Removing stm32f10x_can.o(i.CAN_GetLastErrorCode), (10 bytes).
    Removing stm32f10x_can.o(i.CAN_GetReceiveErrorCounter), (6 bytes).
    Removing stm32f10x_can.o(i.CAN_ITConfig), (16 bytes).
    Removing stm32f10x_can.o(i.CAN_Init), (232 bytes).
    Removing stm32f10x_can.o(i.CAN_MessagePending), (22 bytes).
    Removing stm32f10x_can.o(i.CAN_OperatingModeRequest), (140 bytes).
    Removing stm32f10x_can.o(i.CAN_Receive), (144 bytes).
    Removing stm32f10x_can.o(i.CAN_SlaveStartBank), (44 bytes).
    Removing stm32f10x_can.o(i.CAN_Sleep), (30 bytes).
    Removing stm32f10x_can.o(i.CAN_StructInit), (32 bytes).
    Removing stm32f10x_can.o(i.CAN_TTComModeCmd), (90 bytes).
    Removing stm32f10x_can.o(i.CAN_Transmit), (164 bytes).
    Removing stm32f10x_can.o(i.CAN_TransmitStatus), (108 bytes).
    Removing stm32f10x_can.o(i.CAN_WakeUp), (40 bytes).
    Removing stm32f10x_can.o(i.CheckITStatus), (12 bytes).
    Removing stm32f10x_cec.o(i.CEC_ClearFlag), (32 bytes).
    Removing stm32f10x_cec.o(i.CEC_ClearITPendingBit), (32 bytes).
    Removing stm32f10x_cec.o(i.CEC_Cmd), (28 bytes).
    Removing stm32f10x_cec.o(i.CEC_DeInit), (24 bytes).
    Removing stm32f10x_cec.o(i.CEC_EndOfMessageCmd), (12 bytes).
    Removing stm32f10x_cec.o(i.CEC_GetFlagStatus), (36 bytes).
    Removing stm32f10x_cec.o(i.CEC_GetITStatus), (36 bytes).
    Removing stm32f10x_cec.o(i.CEC_ITConfig), (12 bytes).
    Removing stm32f10x_cec.o(i.CEC_Init), (24 bytes).
    Removing stm32f10x_cec.o(i.CEC_OwnAddressConfig), (12 bytes).
    Removing stm32f10x_cec.o(i.CEC_ReceiveDataByte), (12 bytes).
    Removing stm32f10x_cec.o(i.CEC_SendDataByte), (12 bytes).
    Removing stm32f10x_cec.o(i.CEC_SetPrescaler), (12 bytes).
    Removing stm32f10x_cec.o(i.CEC_StartOfMessage), (16 bytes).
    Removing stm32f10x_crc.o(i.CRC_CalcBlockCRC), (28 bytes).
    Removing stm32f10x_crc.o(i.CRC_CalcCRC), (12 bytes).
    Removing stm32f10x_crc.o(i.CRC_GetCRC), (12 bytes).
    Removing stm32f10x_crc.o(i.CRC_GetIDRegister), (12 bytes).
    Removing stm32f10x_crc.o(i.CRC_ResetDR), (12 bytes).
    Removing stm32f10x_crc.o(i.CRC_SetIDRegister), (12 bytes).
    Removing stm32f10x_dac.o(i.DAC_Cmd), (24 bytes).
    Removing stm32f10x_dac.o(i.DAC_DMACmd), (24 bytes).
    Removing stm32f10x_dac.o(i.DAC_DeInit), (24 bytes).
    Removing stm32f10x_dac.o(i.DAC_DualSoftwareTriggerCmd), (28 bytes).
    Removing stm32f10x_dac.o(i.DAC_GetDataOutputValue), (24 bytes).
    Removing stm32f10x_dac.o(i.DAC_Init), (40 bytes).
    Removing stm32f10x_dac.o(i.DAC_SetChannel1Data), (20 bytes).
    Removing stm32f10x_dac.o(i.DAC_SetChannel2Data), (20 bytes).
    Removing stm32f10x_dac.o(i.DAC_SetDualChannelData), (28 bytes).
    Removing stm32f10x_dac.o(i.DAC_SoftwareTriggerCmd), (28 bytes).
    Removing stm32f10x_dac.o(i.DAC_StructInit), (12 bytes).
    Removing stm32f10x_dac.o(i.DAC_WaveGenerationCmd), (24 bytes).
    Removing stm32f10x_dbgmcu.o(i.DBGMCU_Config), (24 bytes).
    Removing stm32f10x_dbgmcu.o(i.DBGMCU_GetDEVID), (16 bytes).
    Removing stm32f10x_dbgmcu.o(i.DBGMCU_GetREVID), (12 bytes).
    Removing stm32f10x_flash.o(i.FLASH_ClearFlag), (12 bytes).
    Removing stm32f10x_flash.o(i.FLASH_EnableWriteProtection), (172 bytes).
    Removing stm32f10x_flash.o(i.FLASH_EraseAllBank1Pages), (56 bytes).
    Removing stm32f10x_flash.o(i.FLASH_EraseAllPages), (56 bytes).
    Removing stm32f10x_flash.o(i.FLASH_EraseOptionBytes), (124 bytes).
    Removing stm32f10x_flash.o(i.FLASH_ErasePage), (60 bytes).
    Removing stm32f10x_flash.o(i.FLASH_GetBank1Status), (40 bytes).
    Removing stm32f10x_flash.o(i.FLASH_GetFlagStatus), (32 bytes).
    Removing stm32f10x_flash.o(i.FLASH_GetPrefetchBufferStatus), (20 bytes).
    Removing stm32f10x_flash.o(i.FLASH_GetReadOutProtectionStatus), (20 bytes).
    Removing stm32f10x_flash.o(i.FLASH_GetStatus), (40 bytes).
    Removing stm32f10x_flash.o(i.FLASH_GetUserOptionByte), (12 bytes).
    Removing stm32f10x_flash.o(i.FLASH_GetWriteProtectionOptionByte), (12 bytes).
    Removing stm32f10x_flash.o(i.FLASH_HalfCycleAccessCmd), (24 bytes).
    Removing stm32f10x_flash.o(i.FLASH_ITConfig), (24 bytes).
    Removing stm32f10x_flash.o(i.FLASH_Lock), (16 bytes).
    Removing stm32f10x_flash.o(i.FLASH_LockBank1), (16 bytes).
    Removing stm32f10x_flash.o(i.FLASH_PrefetchBufferCmd), (24 bytes).
    Removing stm32f10x_flash.o(i.FLASH_ProgramHalfWord), (52 bytes).
    Removing stm32f10x_flash.o(i.FLASH_ProgramOptionByteData), (76 bytes).
    Removing stm32f10x_flash.o(i.FLASH_ProgramWord), (80 bytes).
    Removing stm32f10x_flash.o(i.FLASH_ReadOutProtection), (136 bytes).
    Removing stm32f10x_flash.o(i.FLASH_SetLatency), (20 bytes).
    Removing stm32f10x_flash.o(i.FLASH_Unlock), (24 bytes).
    Removing stm32f10x_flash.o(i.FLASH_UnlockBank1), (24 bytes).
    Removing stm32f10x_flash.o(i.FLASH_UserOptionByteConfig), (96 bytes).
    Removing stm32f10x_flash.o(i.FLASH_WaitForLastBank1Operation), (36 bytes).
    Removing stm32f10x_flash.o(i.FLASH_WaitForLastOperation), (36 bytes).
    Removing stm32f10x_iwdg.o(i.IWDG_Enable), (16 bytes).
    Removing stm32f10x_iwdg.o(i.IWDG_GetFlagStatus), (20 bytes).
    Removing stm32f10x_iwdg.o(i.IWDG_ReloadCounter), (16 bytes).
    Removing stm32f10x_iwdg.o(i.IWDG_SetPrescaler), (12 bytes).
    Removing stm32f10x_iwdg.o(i.IWDG_SetReload), (12 bytes).
    Removing stm32f10x_iwdg.o(i.IWDG_WriteAccessCmd), (12 bytes).
    Removing stm32f10x_pwr.o(i.PWR_DeInit), (24 bytes).
    Removing stm32f10x_pwr.o(i.PWR_EnterSTANDBYMode), (40 bytes).
    Removing stm32f10x_pwr.o(i.PWR_EnterSTOPMode), (52 bytes).
    Removing stm32f10x_pwr.o(i.PWR_PVDCmd), (12 bytes).
    Removing stm32f10x_pwr.o(i.PWR_PVDLevelConfig), (20 bytes).
    Removing stm32f10x_pwr.o(i.PWR_WakeUpPinCmd), (12 bytes).
    Removing stm32f10x_rtc.o(i.RTC_ClearFlag), (16 bytes).
    Removing stm32f10x_rtc.o(i.RTC_GetCounter), (20 bytes).
    Removing stm32f10x_rtc.o(i.RTC_GetDivider), (24 bytes).
    Removing stm32f10x_rtc.o(i.RTC_GetFlagStatus), (20 bytes).
    Removing stm32f10x_rtc.o(i.RTC_SetAlarm), (32 bytes).
    Removing stm32f10x_tim.o(i.TI1_Config), (108 bytes).
    Removing stm32f10x_tim.o(i.TI2_Config), (124 bytes).
    Removing stm32f10x_tim.o(i.TIM_ARRPreloadConfig), (20 bytes).
    Removing stm32f10x_tim.o(i.TIM_BDTRConfig), (34 bytes).
    Removing stm32f10x_tim.o(i.TIM_BDTRStructInit), (18 bytes).
    Removing stm32f10x_tim.o(i.TIM_CCPreloadControl), (20 bytes).
    Removing stm32f10x_tim.o(i.TIM_CCxCmd), (22 bytes).
    Removing stm32f10x_tim.o(i.TIM_CCxNCmd), (22 bytes).
    Removing stm32f10x_tim.o(i.TIM_ClearFlag), (6 bytes).
    Removing stm32f10x_tim.o(i.TIM_ClearITPendingBit), (6 bytes).
    Removing stm32f10x_tim.o(i.TIM_ClearOC1Ref), (12 bytes).
    Removing stm32f10x_tim.o(i.TIM_ClearOC2Ref), (20 bytes).
    Removing stm32f10x_tim.o(i.TIM_ClearOC3Ref), (12 bytes).
    Removing stm32f10x_tim.o(i.TIM_ClearOC4Ref), (20 bytes).
    Removing stm32f10x_tim.o(i.TIM_Cmd), (20 bytes).
    Removing stm32f10x_tim.o(i.TIM_CounterModeConfig), (12 bytes).
    Removing stm32f10x_tim.o(i.TIM_CtrlPWMOutputs), (22 bytes).
    Removing stm32f10x_tim.o(i.TIM_DMACmd), (16 bytes).
    Removing stm32f10x_tim.o(i.TIM_DMAConfig), (8 bytes).
    Removing stm32f10x_tim.o(i.TIM_DeInit), (368 bytes).
    Removing stm32f10x_tim.o(i.TIM_ETRClockMode1Config), (18 bytes).
    Removing stm32f10x_tim.o(i.TIM_ETRClockMode2Config), (18 bytes).
    Removing stm32f10x_tim.o(i.TIM_ETRConfig), (24 bytes).
    Removing stm32f10x_tim.o(i.TIM_EncoderInterfaceConfig), (50 bytes).
    Removing stm32f10x_tim.o(i.TIM_ForcedOC1Config), (12 bytes).
    Removing stm32f10x_tim.o(i.TIM_ForcedOC2Config), (20 bytes).
    Removing stm32f10x_tim.o(i.TIM_ForcedOC3Config), (12 bytes).
    Removing stm32f10x_tim.o(i.TIM_ForcedOC4Config), (20 bytes).
    Removing stm32f10x_tim.o(i.TIM_GenerateEvent), (4 bytes).
    Removing stm32f10x_tim.o(i.TIM_GetCapture1), (4 bytes).
    Removing stm32f10x_tim.o(i.TIM_GetCapture2), (4 bytes).
    Removing stm32f10x_tim.o(i.TIM_GetCapture3), (4 bytes).
    Removing stm32f10x_tim.o(i.TIM_GetCapture4), (6 bytes).
    Removing stm32f10x_tim.o(i.TIM_GetCounter), (4 bytes).
    Removing stm32f10x_tim.o(i.TIM_GetFlagStatus), (14 bytes).
    Removing stm32f10x_tim.o(i.TIM_GetITStatus), (24 bytes).
    Removing stm32f10x_tim.o(i.TIM_GetPrescaler), (4 bytes).
    Removing stm32f10x_tim.o(i.TIM_ICInit), (300 bytes).
    Removing stm32f10x_tim.o(i.TIM_ICStructInit), (16 bytes).
    Removing stm32f10x_tim.o(i.TIM_ITConfig), (16 bytes).
    Removing stm32f10x_tim.o(i.TIM_ITRxExternalClockConfig), (18 bytes).
    Removing stm32f10x_tim.o(i.TIM_InternalClockConfig), (10 bytes).
    Removing stm32f10x_tim.o(i.TIM_OC1FastConfig), (12 bytes).
    Removing stm32f10x_tim.o(i.TIM_OC1Init), (128 bytes).
    Removing stm32f10x_tim.o(i.TIM_OC1NPolarityConfig), (12 bytes).
    Removing stm32f10x_tim.o(i.TIM_OC1PolarityConfig), (12 bytes).
    Removing stm32f10x_tim.o(i.TIM_OC1PreloadConfig), (12 bytes).
    Removing stm32f10x_tim.o(i.TIM_OC2FastConfig), (20 bytes).
    Removing stm32f10x_tim.o(i.TIM_OC2Init), (128 bytes).
    Removing stm32f10x_tim.o(i.TIM_OC2NPolarityConfig), (20 bytes).
    Removing stm32f10x_tim.o(i.TIM_OC2PolarityConfig), (20 bytes).
    Removing stm32f10x_tim.o(i.TIM_OC2PreloadConfig), (20 bytes).
    Removing stm32f10x_tim.o(i.TIM_OC3FastConfig), (12 bytes).
    Removing stm32f10x_tim.o(i.TIM_OC3Init), (124 bytes).
    Removing stm32f10x_tim.o(i.TIM_OC3NPolarityConfig), (20 bytes).
    Removing stm32f10x_tim.o(i.TIM_OC3PolarityConfig), (20 bytes).
    Removing stm32f10x_tim.o(i.TIM_OC3PreloadConfig), (12 bytes).
    Removing stm32f10x_tim.o(i.TIM_OC4FastConfig), (20 bytes).
    Removing stm32f10x_tim.o(i.TIM_OC4Init), (100 bytes).
    Removing stm32f10x_tim.o(i.TIM_OC4PolarityConfig), (20 bytes).
    Removing stm32f10x_tim.o(i.TIM_OC4PreloadConfig), (20 bytes).
    Removing stm32f10x_tim.o(i.TIM_OCStructInit), (20 bytes).
    Removing stm32f10x_tim.o(i.TIM_PWMIConfig), (108 bytes).
    Removing stm32f10x_tim.o(i.TIM_PrescalerConfig), (6 bytes).
    Removing stm32f10x_tim.o(i.TIM_SelectCCDMA), (20 bytes).
    Removing stm32f10x_tim.o(i.TIM_SelectCOM), (20 bytes).
    Removing stm32f10x_tim.o(i.TIM_SelectHallSensor), (20 bytes).
    Removing stm32f10x_tim.o(i.TIM_SelectInputTrigger), (12 bytes).
    Removing stm32f10x_tim.o(i.TIM_SelectMasterSlaveMode), (16 bytes).
    Removing stm32f10x_tim.o(i.TIM_SelectOCxM), (70 bytes).
    Removing stm32f10x_tim.o(i.TIM_SelectOnePulseMode), (16 bytes).
    Removing stm32f10x_tim.o(i.TIM_SelectOutputTrigger), (16 bytes).
    Removing stm32f10x_tim.o(i.TIM_SelectSlaveMode), (16 bytes).
    Removing stm32f10x_tim.o(i.TIM_SetAutoreload), (4 bytes).
    Removing stm32f10x_tim.o(i.TIM_SetClockDivision), (16 bytes).
    Removing stm32f10x_tim.o(i.TIM_SetCompare1), (4 bytes).
    Removing stm32f10x_tim.o(i.TIM_SetCompare2), (4 bytes).
    Removing stm32f10x_tim.o(i.TIM_SetCompare3), (4 bytes).
    Removing stm32f10x_tim.o(i.TIM_SetCompare4), (6 bytes).
    Removing stm32f10x_tim.o(i.TIM_SetCounter), (4 bytes).
    Removing stm32f10x_tim.o(i.TIM_SetIC1Prescaler), (16 bytes).
    Removing stm32f10x_tim.o(i.TIM_SetIC2Prescaler), (24 bytes).
    Removing stm32f10x_tim.o(i.TIM_SetIC3Prescaler), (16 bytes).
    Removing stm32f10x_tim.o(i.TIM_SetIC4Prescaler), (24 bytes).
    Removing stm32f10x_tim.o(i.TIM_TIxExternalClockConfig), (46 bytes).
    Removing stm32f10x_tim.o(i.TIM_TimeBaseInit), (156 bytes).
    Removing stm32f10x_tim.o(i.TIM_TimeBaseStructInit), (18 bytes).
    Removing stm32f10x_tim.o(i.TIM_UpdateDisableConfig), (20 bytes).
    Removing stm32f10x_tim.o(i.TIM_UpdateRequestConfig), (20 bytes).
    Removing stm32f10x_wwdg.o(i.WWDG_ClearFlag), (12 bytes).
    Removing stm32f10x_wwdg.o(i.WWDG_DeInit), (24 bytes).
    Removing stm32f10x_wwdg.o(i.WWDG_Enable), (16 bytes).
    Removing stm32f10x_wwdg.o(i.WWDG_EnableIT), (16 bytes).
    Removing stm32f10x_wwdg.o(i.WWDG_GetFlagStatus), (12 bytes).
    Removing stm32f10x_wwdg.o(i.WWDG_SetCounter), (16 bytes).
    Removing stm32f10x_wwdg.o(i.WWDG_SetPrescaler), (20 bytes).
    Removing stm32f10x_wwdg.o(i.WWDG_SetWindowValue), (28 bytes).
    Removing core_cm3.o(.emb_text), (32 bytes).
    Removing system_stm32f10x.o(i.SystemCoreClockUpdate), (100 bytes).
    Removing system_stm32f10x.o(.data), (20 bytes).
    Removing dflti.o(.text), (34 bytes).
    Removing f2d.o(.text), (38 bytes).

519 unused section(s) (total 18059 bytes) removed from the image.

==============================================================================

Image Symbol Table

    Local Symbols

    Symbol Name                              Value     Ov Type        Size  Object(Section)

    ../clib/microlib/ctype/ctype.c           0x00000000   Number         0  ctype_c.o ABSOLUTE
    ../clib/microlib/ctype/ctype.c           0x00000000   Number         0  isspace_c.o ABSOLUTE
    ../clib/microlib/ctype/tolower.c         0x00000000   Number         0  tolower.o ABSOLUTE
    ../clib/microlib/division.c              0x00000000   Number         0  uidiv.o ABSOLUTE
    ../clib/microlib/division.c              0x00000000   Number         0  uldiv.o ABSOLUTE
    ../clib/microlib/init/entry.s            0x00000000   Number         0  entry2.o ABSOLUTE
    ../clib/microlib/init/entry.s            0x00000000   Number         0  entry7b.o ABSOLUTE
    ../clib/microlib/init/entry.s            0x00000000   Number         0  entry10a.o ABSOLUTE
    ../clib/microlib/init/entry.s            0x00000000   Number         0  entry10b.o ABSOLUTE
    ../clib/microlib/init/entry.s            0x00000000   Number         0  entry11a.o ABSOLUTE
    ../clib/microlib/init/entry.s            0x00000000   Number         0  entry11b.o ABSOLUTE
    ../clib/microlib/init/entry.s            0x00000000   Number         0  entry.o ABSOLUTE
    ../clib/microlib/init/entry.s            0x00000000   Number         0  entry9b.o ABSOLUTE
    ../clib/microlib/init/entry.s            0x00000000   Number         0  entry9a.o ABSOLUTE
    ../clib/microlib/init/entry.s            0x00000000   Number         0  entry8b.o ABSOLUTE
    ../clib/microlib/init/entry.s            0x00000000   Number         0  entry8a.o ABSOLUTE
    ../clib/microlib/init/entry.s            0x00000000   Number         0  entry7a.o ABSOLUTE
    ../clib/microlib/init/entry.s            0x00000000   Number         0  entry5.o ABSOLUTE
    ../clib/microlib/locale/ilconv.c         0x00000000   Number         0  ilconv.o ABSOLUTE
    ../clib/microlib/locale/localeconv.c     0x00000000   Number         0  localeconv.o ABSOLUTE
    ../clib/microlib/longlong.c              0x00000000   Number         0  llsshr.o ABSOLUTE
    ../clib/microlib/longlong.c              0x00000000   Number         0  llshl.o ABSOLUTE
    ../clib/microlib/longlong.c              0x00000000   Number         0  llushr.o ABSOLUTE
    ../clib/microlib/malloc/malloc.c         0x00000000   Number         0  malloc.o ABSOLUTE
    ../clib/microlib/malloc/malloc.c         0x00000000   Number         0  mallocr.o ABSOLUTE
    ../clib/microlib/malloc/malloc.c         0x00000000   Number         0  malloca.o ABSOLUTE
    ../clib/microlib/malloc/malloc.c         0x00000000   Number         0  mallocra.o ABSOLUTE
    ../clib/microlib/malloc/mvars.c          0x00000000   Number         0  mvars.o ABSOLUTE
    ../clib/microlib/printf/printf.c         0x00000000   Number         0  printf2.o ABSOLUTE
    ../clib/microlib/printf/printf.c         0x00000000   Number         0  printf7.o ABSOLUTE
    ../clib/microlib/printf/printf.c         0x00000000   Number         0  printf0.o ABSOLUTE
    ../clib/microlib/printf/printf.c         0x00000000   Number         0  printf3.o ABSOLUTE
    ../clib/microlib/printf/printf.c         0x00000000   Number         0  printf1.o ABSOLUTE
    ../clib/microlib/printf/printf.c         0x00000000   Number         0  printf4.o ABSOLUTE
    ../clib/microlib/printf/printf.c         0x00000000   Number         0  printf5.o ABSOLUTE
    ../clib/microlib/printf/printf.c         0x00000000   Number         0  printfb.o ABSOLUTE
    ../clib/microlib/printf/printf.c         0x00000000   Number         0  printf6.o ABSOLUTE
    ../clib/microlib/printf/printf.c         0x00000000   Number         0  printf8.o ABSOLUTE
    ../clib/microlib/printf/printf.c         0x00000000   Number         0  printfa.o ABSOLUTE
    ../clib/microlib/printf/stubs.s          0x00000000   Number         0  stubs.o ABSOLUTE
    ../clib/microlib/stdio/streams.c         0x00000000   Number         0  stdout.o ABSOLUTE
    ../clib/microlib/string/memcpy.c         0x00000000   Number         0  memcpyb.o ABSOLUTE
    ../clib/microlib/string/memcpy.c         0x00000000   Number         0  memcpya.o ABSOLUTE
    ../clib/microlib/string/memset.c         0x00000000   Number         0  memseta.o ABSOLUTE
    ../clib/microlib/string/strcmp.c         0x00000000   Number         0  strcmp.o ABSOLUTE
    ../clib/microlib/string/strcpy.c         0x00000000   Number         0  strcpy.o ABSOLUTE
    ../clib/microlib/string/strlen.c         0x00000000   Number         0  strlen.o ABSOLUTE
    ../clib/microlib/string/strncmp.c        0x00000000   Number         0  strncmp.o ABSOLUTE
    ../clib/microlib/stubs.s                 0x00000000   Number         0  iusefp.o ABSOLUTE
    ../clib/scanf.c                          0x00000000   Number         0  _sgetc.o ABSOLUTE
    ../clib/scanf.c                          0x00000000   Number         0  strtod.o ABSOLUTE
    ../clib/scanf.c                          0x00000000   Number         0  _scanf.o ABSOLUTE
    ../clib/scanf.c                          0x00000000   Number         0  scanf_fp.o ABSOLUTE
    ../clib/scanf.c                          0x00000000   Number         0  __0sscanf.o ABSOLUTE
    ../clib/scanf.c                          0x00000000   Number         0  scanf_char.o ABSOLUTE
    ../fplib/microlib/d2f.c                  0x00000000   Number         0  d2f.o ABSOLUTE
    ../fplib/microlib/f2d.c                  0x00000000   Number         0  f2d.o ABSOLUTE
    ../fplib/microlib/fpadd.c                0x00000000   Number         0  dadd.o ABSOLUTE
    ../fplib/microlib/fpdiv.c                0x00000000   Number         0  ddiv.o ABSOLUTE
    ../fplib/microlib/fpepilogue.c           0x00000000   Number         0  fepilogue.o ABSOLUTE
    ../fplib/microlib/fpepilogue.c           0x00000000   Number         0  depilogue.o ABSOLUTE
    ../fplib/microlib/fpfix.c                0x00000000   Number         0  dfixi.o ABSOLUTE
    ../fplib/microlib/fpfix.c                0x00000000   Number         0  dfixul.o ABSOLUTE
    ../fplib/microlib/fpflt.c                0x00000000   Number         0  dfltul.o ABSOLUTE
    ../fplib/microlib/fpflt.c                0x00000000   Number         0  dflti.o ABSOLUTE
    ../fplib/microlib/fpmul.c                0x00000000   Number         0  dmul.o ABSOLUTE
    ../mathlib/strtod.c                      0x00000000   Number         0  strtod.o ABSOLUTE
    ..\..\..\Libraries\CMSIS\CM3\CoreSupport\core_cm3.c 0x00000000   Number         0  core_cm3.o ABSOLUTE
    ..\..\..\Libraries\STM32F10x_StdPeriph_Driver\src\misc.c 0x00000000   Number         0  misc.o ABSOLUTE
    ..\..\..\Libraries\STM32F10x_StdPeriph_Driver\src\stm32f10x_adc.c 0x00000000   Number         0  stm32f10x_adc.o ABSOLUTE
    ..\..\..\Libraries\STM32F10x_StdPeriph_Driver\src\stm32f10x_bkp.c 0x00000000   Number         0  stm32f10x_bkp.o ABSOLUTE
    ..\..\..\Libraries\STM32F10x_StdPeriph_Driver\src\stm32f10x_can.c 0x00000000   Number         0  stm32f10x_can.o ABSOLUTE
    ..\..\..\Libraries\STM32F10x_StdPeriph_Driver\src\stm32f10x_cec.c 0x00000000   Number         0  stm32f10x_cec.o ABSOLUTE
    ..\..\..\Libraries\STM32F10x_StdPeriph_Driver\src\stm32f10x_crc.c 0x00000000   Number         0  stm32f10x_crc.o ABSOLUTE
    ..\..\..\Libraries\STM32F10x_StdPeriph_Driver\src\stm32f10x_dac.c 0x00000000   Number         0  stm32f10x_dac.o ABSOLUTE
    ..\..\..\Libraries\STM32F10x_StdPeriph_Driver\src\stm32f10x_dbgmcu.c 0x00000000   Number         0  stm32f10x_dbgmcu.o ABSOLUTE
    ..\..\..\Libraries\STM32F10x_StdPeriph_Driver\src\stm32f10x_dma.c 0x00000000   Number         0  stm32f10x_dma.o ABSOLUTE
    ..\..\..\Libraries\STM32F10x_StdPeriph_Driver\src\stm32f10x_exti.c 0x00000000   Number         0  stm32f10x_exti.o ABSOLUTE
    ..\..\..\Libraries\STM32F10x_StdPeriph_Driver\src\stm32f10x_flash.c 0x00000000   Number         0  stm32f10x_flash.o ABSOLUTE
    ..\..\..\Libraries\STM32F10x_StdPeriph_Driver\src\stm32f10x_fsmc.c 0x00000000   Number         0  stm32f10x_fsmc.o ABSOLUTE
    ..\..\..\Libraries\STM32F10x_StdPeriph_Driver\src\stm32f10x_gpio.c 0x00000000   Number         0  stm32f10x_gpio.o ABSOLUTE
    ..\..\..\Libraries\STM32F10x_StdPeriph_Driver\src\stm32f10x_i2c.c 0x00000000   Number         0  stm32f10x_i2c.o ABSOLUTE
    ..\..\..\Libraries\STM32F10x_StdPeriph_Driver\src\stm32f10x_iwdg.c 0x00000000   Number         0  stm32f10x_iwdg.o ABSOLUTE
    ..\..\..\Libraries\STM32F10x_StdPeriph_Driver\src\stm32f10x_pwr.c 0x00000000   Number         0  stm32f10x_pwr.o ABSOLUTE
    ..\..\..\Libraries\STM32F10x_StdPeriph_Driver\src\stm32f10x_rcc.c 0x00000000   Number         0  stm32f10x_rcc.o ABSOLUTE
    ..\..\..\Libraries\STM32F10x_StdPeriph_Driver\src\stm32f10x_rtc.c 0x00000000   Number         0  stm32f10x_rtc.o ABSOLUTE
    ..\..\..\Libraries\STM32F10x_StdPeriph_Driver\src\stm32f10x_sdio.c 0x00000000   Number         0  stm32f10x_sdio.o ABSOLUTE
    ..\..\..\Libraries\STM32F10x_StdPeriph_Driver\src\stm32f10x_spi.c 0x00000000   Number         0  stm32f10x_spi.o ABSOLUTE
    ..\..\..\Libraries\STM32F10x_StdPeriph_Driver\src\stm32f10x_tim.c 0x00000000   Number         0  stm32f10x_tim.o ABSOLUTE
    ..\..\..\Libraries\STM32F10x_StdPeriph_Driver\src\stm32f10x_usart.c 0x00000000   Number         0  stm32f10x_usart.o ABSOLUTE
    ..\..\..\Libraries\STM32F10x_StdPeriph_Driver\src\stm32f10x_wwdg.c 0x00000000   Number         0  stm32f10x_wwdg.o ABSOLUTE
    ..\\..\\..\\Libraries\\CMSIS\\CM3\\CoreSupport\\core_cm3.c 0x00000000   Number         0  core_cm3.o ABSOLUTE
    ..\drivers\LED\LED.c                     0x00000000   Number         0  led.o ABSOLUTE
    ..\drivers\cJSON\cJSON.c                 0x00000000   Number         0  cjson.o ABSOLUTE
    ..\drivers\millis\millis.c               0x00000000   Number         0  millis.o ABSOLUTE
    ..\drivers\usart1\usart1.c               0x00000000   Number         0  usart1.o ABSOLUTE
    ..\main.c                                0x00000000   Number         0  main.o ABSOLUTE
    ..\startup_stm32f10x_md.s                0x00000000   Number         0  startup_stm32f10x_md.o ABSOLUTE
    ..\stm32f10x_it.c                        0x00000000   Number         0  stm32f10x_it.o ABSOLUTE
    ..\system_stm32f10x.c                    0x00000000   Number         0  system_stm32f10x.o ABSOLUTE
    cdcmple.s                                0x00000000   Number         0  cdcmple.o ABSOLUTE
    cdrcmple.s                               0x00000000   Number         0  cdrcmple.o ABSOLUTE
    dc.s                                     0x00000000   Number         0  dc.o ABSOLUTE
    handlers.s                               0x00000000   Number         0  handlers.o ABSOLUTE
    init.s                                   0x00000000   Number         0  init.o ABSOLUTE
    RESET                                    0x08000000   Section      236  startup_stm32f10x_md.o(RESET)
    .ARM.Collect$$$$00000000                 0x080000ec   Section        0  entry.o(.ARM.Collect$$$$00000000)
    .ARM.Collect$$$$00000001                 0x080000ec   Section        4  entry2.o(.ARM.Collect$$$$00000001)
    .ARM.Collect$$$$00000004                 0x080000f0   Section        4  entry5.o(.ARM.Collect$$$$00000004)
    .ARM.Collect$$$$00000008                 0x080000f4   Section        0  entry7b.o(.ARM.Collect$$$$00000008)
    .ARM.Collect$$$$0000000A                 0x080000f4   Section        0  entry8b.o(.ARM.Collect$$$$0000000A)
    .ARM.Collect$$$$0000000B                 0x080000f4   Section        8  entry9a.o(.ARM.Collect$$$$0000000B)
    .ARM.Collect$$$$0000000D                 0x080000fc   Section        0  entry10a.o(.ARM.Collect$$$$0000000D)
    .ARM.Collect$$$$0000000F                 0x080000fc   Section        0  entry11a.o(.ARM.Collect$$$$0000000F)
    .ARM.Collect$$$$00002712                 0x080000fc   Section        4  entry2.o(.ARM.Collect$$$$00002712)
    __lit__00000000                          0x080000fc   Data           4  entry2.o(.ARM.Collect$$$$00002712)
    .text                                    0x08000100   Section       36  startup_stm32f10x_md.o(.text)
    .text                                    0x08000124   Section        0  tolower.o(.text)
    .text                                    0x08000130   Section        0  localeconv.o(.text)
    .text                                    0x08000138   Section        0  memcpya.o(.text)
    .text                                    0x0800015c   Section        0  memseta.o(.text)
    .text                                    0x08000180   Section        0  strlen.o(.text)
    .text                                    0x0800018e   Section        0  strcmp.o(.text)
    .text                                    0x080001aa   Section        0  strncmp.o(.text)
    .text                                    0x080001c8   Section        0  scanf_fp.o(.text)
    _fp_value                                0x080001c9   Thumb Code   256  scanf_fp.o(.text)
    .text                                    0x08000500   Section        0  dfixi.o(.text)
    .text                                    0x08000540   Section       48  cdcmple.o(.text)
    .text                                    0x08000570   Section       48  cdrcmple.o(.text)
    .text                                    0x080005a0   Section        0  uidiv.o(.text)
    .text                                    0x080005cc   Section        0  uldiv.o(.text)
    .text                                    0x0800062e   Section        0  llushr.o(.text)
    .text                                    0x0800064e   Section        0  _sgetc.o(.text)
    .text                                    0x08000690   Section        0  strtod.o(.text)
    _local_sscanf                            0x08000691   Thumb Code    54  strtod.o(.text)
    .text                                    0x0800072c   Section        0  iusefp.o(.text)
    .text                                    0x0800072c   Section        0  depilogue.o(.text)
    .text                                    0x080007e6   Section        0  dadd.o(.text)
    .text                                    0x08000934   Section        0  dmul.o(.text)
    .text                                    0x08000a18   Section        0  ddiv.o(.text)
    .text                                    0x08000af6   Section        0  dfltul.o(.text)
    .text                                    0x08000b0e   Section        0  dfixul.o(.text)
    .text                                    0x08000b3e   Section        0  d2f.o(.text)
    .text                                    0x08000b78   Section       36  init.o(.text)
    .text                                    0x08000b9c   Section        0  llshl.o(.text)
    .text                                    0x08000bba   Section        0  llsshr.o(.text)
    .text                                    0x08000bde   Section        0  isspace_c.o(.text)
    .text                                    0x08000be8   Section        0  fepilogue.o(.text)
    .text                                    0x08000c58   Section        0  ctype_c.o(.text)
    i.BKP_DeInit                             0x08000c80   Section        0  stm32f10x_bkp.o(i.BKP_DeInit)
    i.BusFault_Handler                       0x08000c92   Section        0  stm32f10x_it.o(i.BusFault_Handler)
    i.DebugMon_Handler                       0x08000c94   Section        0  stm32f10x_it.o(i.DebugMon_Handler)
    i.EXTI_ClearITPendingBit                 0x08000c98   Section        0  stm32f10x_exti.o(i.EXTI_ClearITPendingBit)
    i.EXTI_Init                              0x08000ca4   Section        0  stm32f10x_exti.o(i.EXTI_Init)
    i.GPIO_Init                              0x08000d14   Section        0  stm32f10x_gpio.o(i.GPIO_Init)
    i.GPIO_ResetBits                         0x08000db6   Section        0  stm32f10x_gpio.o(i.GPIO_ResetBits)
    i.GPIO_SetBits                           0x08000dba   Section        0  stm32f10x_gpio.o(i.GPIO_SetBits)
    i.HardFault_Handler                      0x08000dbe   Section        0  stm32f10x_it.o(i.HardFault_Handler)
    i.LED_Init                               0x08000dc0   Section        0  led.o(i.LED_Init)
    i.Led_Off                                0x08000df8   Section        0  led.o(i.Led_Off)
    i.Led_On                                 0x08000e24   Section        0  led.o(i.Led_On)
    i.MILLIS_Init                            0x08000e50   Section        0  millis.o(i.MILLIS_Init)
    i.MemManage_Handler                      0x08000f0a   Section        0  stm32f10x_it.o(i.MemManage_Handler)
    i.NMI_Handler                            0x08000f0c   Section        0  stm32f10x_it.o(i.NMI_Handler)
    i.NVIC_Init                              0x08000f10   Section        0  misc.o(i.NVIC_Init)
    i.NVIC_PriorityGroupConfig               0x08000f74   Section        0  misc.o(i.NVIC_PriorityGroupConfig)
    i.PWR_BackupAccessCmd                    0x08000f88   Section        0  stm32f10x_pwr.o(i.PWR_BackupAccessCmd)
    i.PWR_ClearFlag                          0x08000f94   Section        0  stm32f10x_pwr.o(i.PWR_ClearFlag)
    i.PWR_GetFlagStatus                      0x08000fa4   Section        0  stm32f10x_pwr.o(i.PWR_GetFlagStatus)
    i.PendSV_Handler                         0x08000fb8   Section        0  stm32f10x_it.o(i.PendSV_Handler)
    i.RCC_APB1PeriphClockCmd                 0x08000fbc   Section        0  stm32f10x_rcc.o(i.RCC_APB1PeriphClockCmd)
    i.RCC_APB2PeriphClockCmd                 0x08000fd4   Section        0  stm32f10x_rcc.o(i.RCC_APB2PeriphClockCmd)
    i.RCC_BackupResetCmd                     0x08000fec   Section        0  stm32f10x_rcc.o(i.RCC_BackupResetCmd)
    i.RCC_GetClocksFreq                      0x08000ff8   Section        0  stm32f10x_rcc.o(i.RCC_GetClocksFreq)
    i.RCC_GetFlagStatus                      0x08001088   Section        0  stm32f10x_rcc.o(i.RCC_GetFlagStatus)
    i.RCC_LSICmd                             0x080010b8   Section        0  stm32f10x_rcc.o(i.RCC_LSICmd)
    i.RCC_RTCCLKCmd                          0x080010c4   Section        0  stm32f10x_rcc.o(i.RCC_RTCCLKCmd)
    i.RCC_RTCCLKConfig                       0x080010d0   Section        0  stm32f10x_rcc.o(i.RCC_RTCCLKConfig)
    i.RTCAlarm_IRQHandler                    0x080010e0   Section        0  millis.o(i.RTCAlarm_IRQHandler)
    i.RTC_ClearITPendingBit                  0x08001100   Section        0  stm32f10x_rtc.o(i.RTC_ClearITPendingBit)
    i.RTC_EnterConfigMode                    0x08001110   Section        0  stm32f10x_rtc.o(i.RTC_EnterConfigMode)
    i.RTC_ExitConfigMode                     0x08001120   Section        0  stm32f10x_rtc.o(i.RTC_ExitConfigMode)
    i.RTC_GetITStatus                        0x08001130   Section        0  stm32f10x_rtc.o(i.RTC_GetITStatus)
    i.RTC_IRQHandler                         0x08001150   Section        0  millis.o(i.RTC_IRQHandler)
    i.RTC_ITConfig                           0x08001188   Section        0  stm32f10x_rtc.o(i.RTC_ITConfig)
    i.RTC_SetCounter                         0x080011a0   Section        0  stm32f10x_rtc.o(i.RTC_SetCounter)
    i.RTC_SetPrescaler                       0x080011c0   Section        0  stm32f10x_rtc.o(i.RTC_SetPrescaler)
    i.RTC_WaitForLastTask                    0x080011e0   Section        0  stm32f10x_rtc.o(i.RTC_WaitForLastTask)
    i.RTC_WaitForSynchro                     0x080011f0   Section        0  stm32f10x_rtc.o(i.RTC_WaitForSynchro)
    i.SVC_Handler                            0x08001208   Section        0  stm32f10x_it.o(i.SVC_Handler)
    i.SetSysClockTo56                        0x0800120c   Section        0  system_stm32f10x.o(i.SetSysClockTo56)
    SetSysClockTo56                          0x0800120d   Thumb Code   160  system_stm32f10x.o(i.SetSysClockTo56)
    i.SysTick_Handler                        0x080012b4   Section        0  stm32f10x_it.o(i.SysTick_Handler)
    i.SystemInit                             0x080012b8   Section        0  system_stm32f10x.o(i.SystemInit)
    i.USART1_Config                          0x08001308   Section        0  usart1.o(i.USART1_Config)
    i.USART1_IRQHandler                      0x080013bc   Section        0  usart1.o(i.USART1_IRQHandler)
    i.USART_Cmd                              0x08001408   Section        0  stm32f10x_usart.o(i.USART_Cmd)
    i.USART_GetITStatus                      0x0800141c   Section        0  stm32f10x_usart.o(i.USART_GetITStatus)
    i.USART_ITConfig                         0x0800145a   Section        0  stm32f10x_usart.o(i.USART_ITConfig)
    i.USART_Init                             0x0800148c   Section        0  stm32f10x_usart.o(i.USART_Init)
    i.USART_SendData                         0x08001538   Section        0  stm32f10x_usart.o(i.USART_SendData)
    i.UsageFault_Handler                     0x08001540   Section        0  stm32f10x_it.o(i.UsageFault_Handler)
    i.__0printf                              0x08001544   Section        0  printfa.o(i.__0printf)
    i.__free$realloc                         0x08001564   Section        0  mallocr.o(i.__free$realloc)
    i.__malloc$realloc                       0x080015c0   Section        0  mallocr.o(i.__malloc$realloc)
    i.__scatterload_copy                     0x08001610   Section       14  handlers.o(i.__scatterload_copy)
    i.__scatterload_null                     0x0800161e   Section        2  handlers.o(i.__scatterload_null)
    i.__scatterload_zeroinit                 0x08001620   Section       14  handlers.o(i.__scatterload_zeroinit)
    i._fp_digits                             0x08001630   Section        0  printfa.o(i._fp_digits)
    _fp_digits                               0x08001631   Thumb Code   334  printfa.o(i._fp_digits)
    i._is_digit                              0x08001794   Section        0  scanf_fp.o(i._is_digit)
    i._printf_core                           0x080017a4   Section        0  printfa.o(i._printf_core)
    _printf_core                             0x080017a5   Thumb Code  1744  printfa.o(i._printf_core)
    i._printf_post_padding                   0x08001e80   Section        0  printfa.o(i._printf_post_padding)
    _printf_post_padding                     0x08001e81   Thumb Code    36  printfa.o(i._printf_post_padding)
    i._printf_pre_padding                    0x08001ea4   Section        0  printfa.o(i._printf_pre_padding)
    _printf_pre_padding                      0x08001ea5   Thumb Code    46  printfa.o(i._printf_pre_padding)
    i.buffer_skip_whitespace                 0x08001ed2   Section        0  cjson.o(i.buffer_skip_whitespace)
    buffer_skip_whitespace                   0x08001ed3   Thumb Code    44  cjson.o(i.buffer_skip_whitespace)
    i.cJSON_Delete                           0x08001f00   Section        0  cjson.o(i.cJSON_Delete)
    i.cJSON_GetObjectItem                    0x08001f48   Section        0  cjson.o(i.cJSON_GetObjectItem)
    i.cJSON_New_Item                         0x08001f4e   Section        0  cjson.o(i.cJSON_New_Item)
    cJSON_New_Item                           0x08001f4f   Thumb Code    22  cjson.o(i.cJSON_New_Item)
    i.cJSON_Parse                            0x08001f64   Section        0  cjson.o(i.cJSON_Parse)
    i.cJSON_ParseWithOpts                    0x08001f6c   Section        0  cjson.o(i.cJSON_ParseWithOpts)
    i.check_status                           0x08002024   Section        0  main.o(i.check_status)
    i.checkin                                0x0800203c   Section        0  main.o(i.checkin)
    i.checkout                               0x08002070   Section        0  main.o(i.checkout)
    i.delay_ms                               0x080020a8   Section        0  main.o(i.delay_ms)
    i.fputc                                  0x080020c0   Section        0  usart1.o(i.fputc)
    i.get_decimal_point                      0x080020dc   Section        0  cjson.o(i.get_decimal_point)
    get_decimal_point                        0x080020dd   Thumb Code    12  cjson.o(i.get_decimal_point)
    i.get_object_item                        0x080020e8   Section        0  cjson.o(i.get_object_item)
    get_object_item                          0x080020e9   Thumb Code   112  cjson.o(i.get_object_item)
    i.internal_alloc                         0x08002158   Section        0  mallocr.o(i.internal_alloc)
    internal_alloc                           0x08002159   Thumb Code    76  mallocr.o(i.internal_alloc)
    i.main                                   0x080021a8   Section        0  main.o(i.main)
    i.millis                                 0x08002204   Section        0  millis.o(i.millis)
    i.parse_array                            0x08002218   Section        0  cjson.o(i.parse_array)
    parse_array                              0x08002219   Thumb Code   204  cjson.o(i.parse_array)
    i.parse_hex4                             0x080022e4   Section        0  cjson.o(i.parse_hex4)
    parse_hex4                               0x080022e5   Thumb Code    64  cjson.o(i.parse_hex4)
    i.parse_number                           0x08002324   Section        0  cjson.o(i.parse_number)
    parse_number                             0x08002325   Thumb Code   228  cjson.o(i.parse_number)
    i.parse_object                           0x08002414   Section        0  cjson.o(i.parse_object)
    parse_object                             0x08002415   Thumb Code   262  cjson.o(i.parse_object)
    i.parse_string                           0x0800251c   Section        0  cjson.o(i.parse_string)
    parse_string                             0x0800251d   Thumb Code   280  cjson.o(i.parse_string)
    i.parse_value                            0x08002634   Section        0  cjson.o(i.parse_value)
    parse_value                              0x08002635   Thumb Code   226  cjson.o(i.parse_value)
    i.processMessage                         0x08002730   Section        0  main.o(i.processMessage)
    i.realloc                                0x080028b4   Section        0  mallocr.o(i.realloc)
    i.say                                    0x08002920   Section        0  main.o(i.say)
    i.setup                                  0x0800294c   Section        0  main.o(i.setup)
    i.strtod                                 0x0800295e   Section        0  strtod.o(i.strtod)
    i.utf16_literal_to_utf8                  0x0800297c   Section        0  cjson.o(i.utf16_literal_to_utf8)
    utf16_literal_to_utf8                    0x0800297d   Thumb Code   210  cjson.o(i.utf16_literal_to_utf8)
    .constdata                               0x08002a50   Section       56  ilconv.o(.constdata)
    .constdata                               0x08002a88   Section       64  ctype_c.o(.constdata)
    .conststring                             0x08002ac8   Section       16  main.o(.conststring)
    .conststring                             0x08002ad8   Section        5  ilconv.o(.conststring)
    .data                                    0x20000000   Section       24  main.o(.data)
    .data                                    0x20000018   Section       20  cjson.o(.data)
    global_error                             0x20000018   Data           8  cjson.o(.data)
    global_hooks                             0x20000020   Data          12  cjson.o(.data)
    .data                                    0x2000002c   Section       20  stm32f10x_rcc.o(.data)
    ADCPrescTable                            0x2000002c   Data           4  stm32f10x_rcc.o(.data)
    APBAHBPrescTable                         0x20000030   Data          16  stm32f10x_rcc.o(.data)
    .data                                    0x20000040   Section        4  stdout.o(.data)
    .data                                    0x20000044   Section        4  mvars.o(.data)
    .data                                    0x20000048   Section        4  mvars.o(.data)
    .bss                                     0x2000004c   Section     1024  main.o(.bss)
    HEAP                                     0x20000450   Section     3072  startup_stm32f10x_md.o(HEAP)
    STACK                                    0x20001050   Section     1024  startup_stm32f10x_md.o(STACK)

    Global Symbols

    Symbol Name                              Value     Ov Type        Size  Object(Section)

    BuildAttributes$$THM_ISAv4$P$D$K$B$S$PE$A:L22UL41UL21$X:L11$S22US41US21$IEEE1$IW$USESV6$~STKCKD$USESV7$~SHL$OTIME$ROPI$IEEEJ$EBA8$MICROLIB$REQ8$PRES8$EABIv2 0x00000000   Number         0  anon$$obj.o ABSOLUTE
    __ARM_use_no_argv                        0x00000000   Number         0  main.o ABSOLUTE
    _printf_a                                0x00000000   Number         0  stubs.o ABSOLUTE
    _printf_c                                0x00000000   Number         0  stubs.o ABSOLUTE
    _printf_charcount                        0x00000000   Number         0  stubs.o ABSOLUTE
    _printf_d                                0x00000000   Number         0  stubs.o ABSOLUTE
    _printf_e                                0x00000000   Number         0  stubs.o ABSOLUTE
    _printf_f                                0x00000000   Number         0  stubs.o ABSOLUTE
    _printf_flags                            0x00000000   Number         0  stubs.o ABSOLUTE
    _printf_fp_dec                           0x00000000   Number         0  stubs.o ABSOLUTE
    _printf_fp_hex                           0x00000000   Number         0  stubs.o ABSOLUTE
    _printf_g                                0x00000000   Number         0  stubs.o ABSOLUTE
    _printf_i                                0x00000000   Number         0  stubs.o ABSOLUTE
    _printf_int_dec                          0x00000000   Number         0  stubs.o ABSOLUTE
    _printf_l                                0x00000000   Number         0  stubs.o ABSOLUTE
    _printf_lc                               0x00000000   Number         0  stubs.o ABSOLUTE
    _printf_ll                               0x00000000   Number         0  stubs.o ABSOLUTE
    _printf_lld                              0x00000000   Number         0  stubs.o ABSOLUTE
    _printf_lli                              0x00000000   Number         0  stubs.o ABSOLUTE
    _printf_llo                              0x00000000   Number         0  stubs.o ABSOLUTE
    _printf_llu                              0x00000000   Number         0  stubs.o ABSOLUTE
    _printf_llx                              0x00000000   Number         0  stubs.o ABSOLUTE
    _printf_longlong_dec                     0x00000000   Number         0  stubs.o ABSOLUTE
    _printf_longlong_hex                     0x00000000   Number         0  stubs.o ABSOLUTE
    _printf_longlong_oct                     0x00000000   Number         0  stubs.o ABSOLUTE
    _printf_ls                               0x00000000   Number         0  stubs.o ABSOLUTE
    _printf_mbtowc                           0x00000000   Number         0  stubs.o ABSOLUTE
    _printf_n                                0x00000000   Number         0  stubs.o ABSOLUTE
    _printf_o                                0x00000000   Number         0  stubs.o ABSOLUTE
    _printf_p                                0x00000000   Number         0  stubs.o ABSOLUTE
    _printf_percent                          0x00000000   Number         0  stubs.o ABSOLUTE
    _printf_pre_padding                      0x00000000   Number         0  stubs.o ABSOLUTE
    _printf_return_value                     0x00000000   Number         0  stubs.o ABSOLUTE
    _printf_s                                0x00000000   Number         0  stubs.o ABSOLUTE
    _printf_sizespec                         0x00000000   Number         0  stubs.o ABSOLUTE
    _printf_str                              0x00000000   Number         0  stubs.o ABSOLUTE
    _printf_truncate_signed                  0x00000000   Number         0  stubs.o ABSOLUTE
    _printf_truncate_unsigned                0x00000000   Number         0  stubs.o ABSOLUTE
    _printf_u                                0x00000000   Number         0  stubs.o ABSOLUTE
    _printf_wc                               0x00000000   Number         0  stubs.o ABSOLUTE
    _printf_wctomb                           0x00000000   Number         0  stubs.o ABSOLUTE
    _printf_widthprec                        0x00000000   Number         0  stubs.o ABSOLUTE
    _printf_x                                0x00000000   Number         0  stubs.o ABSOLUTE
    __cpp_initialize__aeabi_                  - Undefined Weak Reference
    __cxa_finalize                            - Undefined Weak Reference
    __decompress                              - Undefined Weak Reference
    _clock_init                               - Undefined Weak Reference
    _microlib_exit                            - Undefined Weak Reference
    _scanf_int                                - Undefined Weak Reference
    _scanf_longlong                           - Undefined Weak Reference
    _scanf_string                             - Undefined Weak Reference
    __Vectors_Size                           0x000000ec   Number         0  startup_stm32f10x_md.o ABSOLUTE
    __Vectors                                0x08000000   Data           4  startup_stm32f10x_md.o(RESET)
    __Vectors_End                            0x080000ec   Data           0  startup_stm32f10x_md.o(RESET)
    __main                                   0x080000ed   Thumb Code     0  entry.o(.ARM.Collect$$$$00000000)
    _main_stk                                0x080000ed   Thumb Code     0  entry2.o(.ARM.Collect$$$$00000001)
    _main_scatterload                        0x080000f1   Thumb Code     0  entry5.o(.ARM.Collect$$$$00000004)
    __main_after_scatterload                 0x080000f5   Thumb Code     0  entry5.o(.ARM.Collect$$$$00000004)
    _main_clock                              0x080000f5   Thumb Code     0  entry7b.o(.ARM.Collect$$$$00000008)
    _main_cpp_init                           0x080000f5   Thumb Code     0  entry8b.o(.ARM.Collect$$$$0000000A)
    _main_init                               0x080000f5   Thumb Code     0  entry9a.o(.ARM.Collect$$$$0000000B)
    __rt_final_cpp                           0x080000fd   Thumb Code     0  entry10a.o(.ARM.Collect$$$$0000000D)
    __rt_final_exit                          0x080000fd   Thumb Code     0  entry11a.o(.ARM.Collect$$$$0000000F)
    Reset_Handler                            0x08000101   Thumb Code     8  startup_stm32f10x_md.o(.text)
    ADC1_2_IRQHandler                        0x0800011b   Thumb Code     0  startup_stm32f10x_md.o(.text)
    CAN1_RX1_IRQHandler                      0x0800011b   Thumb Code     0  startup_stm32f10x_md.o(.text)
    CAN1_SCE_IRQHandler                      0x0800011b   Thumb Code     0  startup_stm32f10x_md.o(.text)
    DMA1_Channel1_IRQHandler                 0x0800011b   Thumb Code     0  startup_stm32f10x_md.o(.text)
    DMA1_Channel2_IRQHandler                 0x0800011b   Thumb Code     0  startup_stm32f10x_md.o(.text)
    DMA1_Channel3_IRQHandler                 0x0800011b   Thumb Code     0  startup_stm32f10x_md.o(.text)
    DMA1_Channel4_IRQHandler                 0x0800011b   Thumb Code     0  startup_stm32f10x_md.o(.text)
    DMA1_Channel5_IRQHandler                 0x0800011b   Thumb Code     0  startup_stm32f10x_md.o(.text)
    DMA1_Channel6_IRQHandler                 0x0800011b   Thumb Code     0  startup_stm32f10x_md.o(.text)
    DMA1_Channel7_IRQHandler                 0x0800011b   Thumb Code     0  startup_stm32f10x_md.o(.text)
    EXTI0_IRQHandler                         0x0800011b   Thumb Code     0  startup_stm32f10x_md.o(.text)
    EXTI15_10_IRQHandler                     0x0800011b   Thumb Code     0  startup_stm32f10x_md.o(.text)
    EXTI1_IRQHandler                         0x0800011b   Thumb Code     0  startup_stm32f10x_md.o(.text)
    EXTI2_IRQHandler                         0x0800011b   Thumb Code     0  startup_stm32f10x_md.o(.text)
    EXTI3_IRQHandler                         0x0800011b   Thumb Code     0  startup_stm32f10x_md.o(.text)
    EXTI4_IRQHandler                         0x0800011b   Thumb Code     0  startup_stm32f10x_md.o(.text)
    EXTI9_5_IRQHandler                       0x0800011b   Thumb Code     0  startup_stm32f10x_md.o(.text)
    FLASH_IRQHandler                         0x0800011b   Thumb Code     0  startup_stm32f10x_md.o(.text)
    I2C1_ER_IRQHandler                       0x0800011b   Thumb Code     0  startup_stm32f10x_md.o(.text)
    I2C1_EV_IRQHandler                       0x0800011b   Thumb Code     0  startup_stm32f10x_md.o(.text)
    I2C2_ER_IRQHandler                       0x0800011b   Thumb Code     0  startup_stm32f10x_md.o(.text)
    I2C2_EV_IRQHandler                       0x0800011b   Thumb Code     0  startup_stm32f10x_md.o(.text)
    PVD_IRQHandler                           0x0800011b   Thumb Code     0  startup_stm32f10x_md.o(.text)
    RCC_IRQHandler                           0x0800011b   Thumb Code     0  startup_stm32f10x_md.o(.text)
    SPI1_IRQHandler                          0x0800011b   Thumb Code     0  startup_stm32f10x_md.o(.text)
    SPI2_IRQHandler                          0x0800011b   Thumb Code     0  startup_stm32f10x_md.o(.text)
    TAMPER_IRQHandler                        0x0800011b   Thumb Code     0  startup_stm32f10x_md.o(.text)
    TIM1_BRK_IRQHandler                      0x0800011b   Thumb Code     0  startup_stm32f10x_md.o(.text)
    TIM1_CC_IRQHandler                       0x0800011b   Thumb Code     0  startup_stm32f10x_md.o(.text)
    TIM1_TRG_COM_IRQHandler                  0x0800011b   Thumb Code     0  startup_stm32f10x_md.o(.text)
    TIM1_UP_IRQHandler                       0x0800011b   Thumb Code     0  startup_stm32f10x_md.o(.text)
    TIM2_IRQHandler                          0x0800011b   Thumb Code     0  startup_stm32f10x_md.o(.text)
    TIM3_IRQHandler                          0x0800011b   Thumb Code     0  startup_stm32f10x_md.o(.text)
    TIM4_IRQHandler                          0x0800011b   Thumb Code     0  startup_stm32f10x_md.o(.text)
    USART2_IRQHandler                        0x0800011b   Thumb Code     0  startup_stm32f10x_md.o(.text)
    USART3_IRQHandler                        0x0800011b   Thumb Code     0  startup_stm32f10x_md.o(.text)
    USBWakeUp_IRQHandler                     0x0800011b   Thumb Code     0  startup_stm32f10x_md.o(.text)
    USB_HP_CAN1_TX_IRQHandler                0x0800011b   Thumb Code     0  startup_stm32f10x_md.o(.text)
    USB_LP_CAN1_RX0_IRQHandler               0x0800011b   Thumb Code     0  startup_stm32f10x_md.o(.text)
    WWDG_IRQHandler                          0x0800011b   Thumb Code     0  startup_stm32f10x_md.o(.text)
    tolower                                  0x08000125   Thumb Code    12  tolower.o(.text)
    localeconv                               0x08000131   Thumb Code     4  localeconv.o(.text)
    __aeabi_memcpy                           0x08000139   Thumb Code    36  memcpya.o(.text)
    __aeabi_memcpy4                          0x08000139   Thumb Code     0  memcpya.o(.text)
    __aeabi_memcpy8                          0x08000139   Thumb Code     0  memcpya.o(.text)
    __aeabi_memset                           0x0800015d   Thumb Code    14  memseta.o(.text)
    __aeabi_memset4                          0x0800015d   Thumb Code     0  memseta.o(.text)
    __aeabi_memset8                          0x0800015d   Thumb Code     0  memseta.o(.text)
    __aeabi_memclr                           0x0800016b   Thumb Code     4  memseta.o(.text)
    __aeabi_memclr4                          0x0800016b   Thumb Code     0  memseta.o(.text)
    __aeabi_memclr8                          0x0800016b   Thumb Code     0  memseta.o(.text)
    _memset$wrapper                          0x0800016f   Thumb Code    18  memseta.o(.text)
    strlen                                   0x08000181   Thumb Code    14  strlen.o(.text)
    strcmp                                   0x0800018f   Thumb Code    28  strcmp.o(.text)
    strncmp                                  0x080001ab   Thumb Code    30  strncmp.o(.text)
    _scanf_real                              0x080002c9   Thumb Code     0  scanf_fp.o(.text)
    _scanf_really_real                       0x080002c9   Thumb Code   556  scanf_fp.o(.text)
    __aeabi_d2iz                             0x08000501   Thumb Code    62  dfixi.o(.text)
    __aeabi_cdcmpeq                          0x08000541   Thumb Code     0  cdcmple.o(.text)
    __aeabi_cdcmple                          0x08000541   Thumb Code    48  cdcmple.o(.text)
    __aeabi_cdrcmple                         0x08000571   Thumb Code    48  cdrcmple.o(.text)
    __aeabi_uidiv                            0x080005a1   Thumb Code     0  uidiv.o(.text)
    __aeabi_uidivmod                         0x080005a1   Thumb Code    44  uidiv.o(.text)
    __aeabi_uldivmod                         0x080005cd   Thumb Code    98  uldiv.o(.text)
    __aeabi_llsr                             0x0800062f   Thumb Code    32  llushr.o(.text)
    _ll_ushift_r                             0x0800062f   Thumb Code     0  llushr.o(.text)
    _sgetc                                   0x0800064f   Thumb Code    30  _sgetc.o(.text)
    _sbackspace                              0x0800066d   Thumb Code    34  _sgetc.o(.text)
    __strtod_int                             0x080006c7   Thumb Code    88  strtod.o(.text)
    __I$use$fp                               0x0800072d   Thumb Code     0  iusefp.o(.text)
    _double_round                            0x0800072d   Thumb Code    30  depilogue.o(.text)
    _double_epilogue                         0x0800074b   Thumb Code   156  depilogue.o(.text)
    __aeabi_dadd                             0x080007e7   Thumb Code   322  dadd.o(.text)
    __aeabi_dsub                             0x08000929   Thumb Code     6  dadd.o(.text)
    __aeabi_drsub                            0x0800092f   Thumb Code     6  dadd.o(.text)
    __aeabi_dmul                             0x08000935   Thumb Code   228  dmul.o(.text)
    __aeabi_ddiv                             0x08000a19   Thumb Code   222  ddiv.o(.text)
    __aeabi_ul2d                             0x08000af7   Thumb Code    24  dfltul.o(.text)
    __aeabi_d2ulz                            0x08000b0f   Thumb Code    48  dfixul.o(.text)
    __aeabi_d2f                              0x08000b3f   Thumb Code    56  d2f.o(.text)
    __scatterload                            0x08000b79   Thumb Code    28  init.o(.text)
    __scatterload_rt2                        0x08000b79   Thumb Code     0  init.o(.text)
    __aeabi_llsl                             0x08000b9d   Thumb Code    30  llshl.o(.text)
    _ll_shift_l                              0x08000b9d   Thumb Code     0  llshl.o(.text)
    __aeabi_lasr                             0x08000bbb   Thumb Code    36  llsshr.o(.text)
    _ll_sshift_r                             0x08000bbb   Thumb Code     0  llsshr.o(.text)
    isspace                                  0x08000bdf   Thumb Code    10  isspace_c.o(.text)
    _float_round                             0x08000be9   Thumb Code    18  fepilogue.o(.text)
    _float_epilogue                          0x08000bfb   Thumb Code    92  fepilogue.o(.text)
    __ctype_lookup                           0x08000c59   Thumb Code    34  ctype_c.o(.text)
    BKP_DeInit                               0x08000c81   Thumb Code    18  stm32f10x_bkp.o(i.BKP_DeInit)
    BusFault_Handler                         0x08000c93   Thumb Code     2  stm32f10x_it.o(i.BusFault_Handler)
    DebugMon_Handler                         0x08000c95   Thumb Code     2  stm32f10x_it.o(i.DebugMon_Handler)
    EXTI_ClearITPendingBit                   0x08000c99   Thumb Code     6  stm32f10x_exti.o(i.EXTI_ClearITPendingBit)
    EXTI_Init                                0x08000ca5   Thumb Code   108  stm32f10x_exti.o(i.EXTI_Init)
    GPIO_Init                                0x08000d15   Thumb Code   162  stm32f10x_gpio.o(i.GPIO_Init)
    GPIO_ResetBits                           0x08000db7   Thumb Code     4  stm32f10x_gpio.o(i.GPIO_ResetBits)
    GPIO_SetBits                             0x08000dbb   Thumb Code     4  stm32f10x_gpio.o(i.GPIO_SetBits)
    HardFault_Handler                        0x08000dbf   Thumb Code     2  stm32f10x_it.o(i.HardFault_Handler)
    LED_Init                                 0x08000dc1   Thumb Code    52  led.o(i.LED_Init)
    Led_Off                                  0x08000df9   Thumb Code    38  led.o(i.Led_Off)
    Led_On                                   0x08000e25   Thumb Code    38  led.o(i.Led_On)
    MILLIS_Init                              0x08000e51   Thumb Code   186  millis.o(i.MILLIS_Init)
    MemManage_Handler                        0x08000f0b   Thumb Code     2  stm32f10x_it.o(i.MemManage_Handler)
    NMI_Handler                              0x08000f0d   Thumb Code     2  stm32f10x_it.o(i.NMI_Handler)
    NVIC_Init                                0x08000f11   Thumb Code    94  misc.o(i.NVIC_Init)
    NVIC_PriorityGroupConfig                 0x08000f75   Thumb Code    10  misc.o(i.NVIC_PriorityGroupConfig)
    PWR_BackupAccessCmd                      0x08000f89   Thumb Code     6  stm32f10x_pwr.o(i.PWR_BackupAccessCmd)
    PWR_ClearFlag                            0x08000f95   Thumb Code    12  stm32f10x_pwr.o(i.PWR_ClearFlag)
    PWR_GetFlagStatus                        0x08000fa5   Thumb Code    16  stm32f10x_pwr.o(i.PWR_GetFlagStatus)
    PendSV_Handler                           0x08000fb9   Thumb Code     2  stm32f10x_it.o(i.PendSV_Handler)
    RCC_APB1PeriphClockCmd                   0x08000fbd   Thumb Code    18  stm32f10x_rcc.o(i.RCC_APB1PeriphClockCmd)
    RCC_APB2PeriphClockCmd                   0x08000fd5   Thumb Code    18  stm32f10x_rcc.o(i.RCC_APB2PeriphClockCmd)
    RCC_BackupResetCmd                       0x08000fed   Thumb Code     6  stm32f10x_rcc.o(i.RCC_BackupResetCmd)
    RCC_GetClocksFreq                        0x08000ff9   Thumb Code   128  stm32f10x_rcc.o(i.RCC_GetClocksFreq)
    RCC_GetFlagStatus                        0x08001089   Thumb Code    44  stm32f10x_rcc.o(i.RCC_GetFlagStatus)
    RCC_LSICmd                               0x080010b9   Thumb Code     6  stm32f10x_rcc.o(i.RCC_LSICmd)
    RCC_RTCCLKCmd                            0x080010c5   Thumb Code     6  stm32f10x_rcc.o(i.RCC_RTCCLKCmd)
    RCC_RTCCLKConfig                         0x080010d1   Thumb Code    10  stm32f10x_rcc.o(i.RCC_RTCCLKConfig)
    RTCAlarm_IRQHandler                      0x080010e1   Thumb Code    32  millis.o(i.RTCAlarm_IRQHandler)
    RTC_ClearITPendingBit                    0x08001101   Thumb Code    10  stm32f10x_rtc.o(i.RTC_ClearITPendingBit)
    RTC_EnterConfigMode                      0x08001111   Thumb Code    12  stm32f10x_rtc.o(i.RTC_EnterConfigMode)
    RTC_ExitConfigMode                       0x08001121   Thumb Code    12  stm32f10x_rtc.o(i.RTC_ExitConfigMode)
    RTC_GetITStatus                          0x08001131   Thumb Code    28  stm32f10x_rtc.o(i.RTC_GetITStatus)
    RTC_IRQHandler                           0x08001151   Thumb Code    54  millis.o(i.RTC_IRQHandler)
    RTC_ITConfig                             0x08001189   Thumb Code    18  stm32f10x_rtc.o(i.RTC_ITConfig)
    RTC_SetCounter                           0x080011a1   Thumb Code    26  stm32f10x_rtc.o(i.RTC_SetCounter)
    RTC_SetPrescaler                         0x080011c1   Thumb Code    28  stm32f10x_rtc.o(i.RTC_SetPrescaler)
    RTC_WaitForLastTask                      0x080011e1   Thumb Code    10  stm32f10x_rtc.o(i.RTC_WaitForLastTask)
    RTC_WaitForSynchro                       0x080011f1   Thumb Code    18  stm32f10x_rtc.o(i.RTC_WaitForSynchro)
    SVC_Handler                              0x08001209   Thumb Code     2  stm32f10x_it.o(i.SVC_Handler)
    SysTick_Handler                          0x080012b5   Thumb Code     2  stm32f10x_it.o(i.SysTick_Handler)
    SystemInit                               0x080012b9   Thumb Code    64  system_stm32f10x.o(i.SystemInit)
    USART1_Config                            0x08001309   Thumb Code   170  usart1.o(i.USART1_Config)
    USART1_IRQHandler                        0x080013bd   Thumb Code    58  usart1.o(i.USART1_IRQHandler)
    USART_Cmd                                0x08001409   Thumb Code    20  stm32f10x_usart.o(i.USART_Cmd)
    USART_GetITStatus                        0x0800141d   Thumb Code    62  stm32f10x_usart.o(i.USART_GetITStatus)
    USART_ITConfig                           0x0800145b   Thumb Code    48  stm32f10x_usart.o(i.USART_ITConfig)
    USART_Init                               0x0800148d   Thumb Code   166  stm32f10x_usart.o(i.USART_Init)
    USART_SendData                           0x08001539   Thumb Code     8  stm32f10x_usart.o(i.USART_SendData)
    UsageFault_Handler                       0x08001541   Thumb Code     2  stm32f10x_it.o(i.UsageFault_Handler)
    __0printf                                0x08001545   Thumb Code    22  printfa.o(i.__0printf)
    __1printf                                0x08001545   Thumb Code     0  printfa.o(i.__0printf)
    __2printf                                0x08001545   Thumb Code     0  printfa.o(i.__0printf)
    __c89printf                              0x08001545   Thumb Code     0  printfa.o(i.__0printf)
    printf                                   0x08001545   Thumb Code     0  printfa.o(i.__0printf)
    free                                     0x08001565   Thumb Code    88  mallocr.o(i.__free$realloc)
    malloc                                   0x080015c1   Thumb Code    64  mallocr.o(i.__malloc$realloc)
    __scatterload_copy                       0x08001611   Thumb Code    14  handlers.o(i.__scatterload_copy)
    __scatterload_null                       0x0800161f   Thumb Code     2  handlers.o(i.__scatterload_null)
    __scatterload_zeroinit                   0x08001621   Thumb Code    14  handlers.o(i.__scatterload_zeroinit)
    _is_digit                                0x08001795   Thumb Code    14  scanf_fp.o(i._is_digit)
    cJSON_Delete                             0x08001f01   Thumb Code    66  cjson.o(i.cJSON_Delete)
    cJSON_GetObjectItem                      0x08001f49   Thumb Code     6  cjson.o(i.cJSON_GetObjectItem)
    cJSON_Parse                              0x08001f65   Thumb Code     8  cjson.o(i.cJSON_Parse)
    cJSON_ParseWithOpts                      0x08001f6d   Thumb Code   178  cjson.o(i.cJSON_ParseWithOpts)
    check_status                             0x08002025   Thumb Code     6  main.o(i.check_status)
    checkin                                  0x0800203d   Thumb Code    12  main.o(i.checkin)
    checkout                                 0x08002071   Thumb Code    12  main.o(i.checkout)
    delay_ms                                 0x080020a9   Thumb Code    22  main.o(i.delay_ms)
    fputc                                    0x080020c1   Thumb Code    24  usart1.o(i.fputc)
    main                                     0x080021a9   Thumb Code    80  main.o(i.main)
    millis                                   0x08002205   Thumb Code    16  millis.o(i.millis)
    processMessage                           0x08002731   Thumb Code   264  main.o(i.processMessage)
    realloc                                  0x080028b5   Thumb Code   102  mallocr.o(i.realloc)
    say                                      0x08002921   Thumb Code    10  main.o(i.say)
    setup                                    0x0800294d   Thumb Code    18  main.o(i.setup)
    strtod                                   0x0800295f   Thumb Code    28  strtod.o(i.strtod)
    __internal_lconv                         0x08002a50   Data          56  ilconv.o(.constdata)
    __ctype_categories                       0x08002a88   Data          64  ctype_c.o(.constdata)
    Region$$Table$$Base                      0x08002ae0   Number         0  anon$$obj.o(Region$$Table)
    Region$$Table$$Limit                     0x08002b00   Number         0  anon$$obj.o(Region$$Table)
    RxCounter                                0x20000000   Data           1  main.o(.data)
    ReceiveState                             0x20000001   Data           1  main.o(.data)
    lastCheckInTime                          0x20000004   Data           4  main.o(.data)
    lastCheckStatusTime                      0x20000008   Data           4  main.o(.data)
    lastSayTime                              0x2000000c   Data           4  main.o(.data)
    DEVICEID                                 0x20000010   Data           4  main.o(.data)
    APIKEY                                   0x20000014   Data           4  main.o(.data)
    __stdout                                 0x20000040   Data           4  stdout.o(.data)
    __microlib_freelist                      0x20000044   Data           4  mvars.o(.data)
    __microlib_freelist_initialised          0x20000048   Data           4  mvars.o(.data)
    aRxBuffer                                0x2000004c   Data        1024  main.o(.bss)
    __heap_base                              0x20000450   Data           0  startup_stm32f10x_md.o(HEAP)
    __heap_limit                             0x20001050   Data           0  startup_stm32f10x_md.o(HEAP)
    __initial_sp                             0x20001450   Data           0  startup_stm32f10x_md.o(STACK)



==============================================================================

Memory Map of the image

  Image Entry point : 0x080000ed

  Load Region LR_IROM1 (Base: 0x08000000, Size: 0x00002b4c, Max: 0x00010000, ABSOLUTE)

    Execution Region ER_IROM1 (Base: 0x08000000, Size: 0x00002b00, Max: 0x00010000, ABSOLUTE)

    Base Addr    Size         Type   Attr      Idx    E Section Name        Object

    0x08000000   0x000000ec   Data   RO         3976    RESET               startup_stm32f10x_md.o
    0x080000ec   0x00000000   Code   RO         3985  * .ARM.Collect$$$$00000000  mc_w.l(entry.o)
    0x080000ec   0x00000004   Code   RO         4311    .ARM.Collect$$$$00000001  mc_w.l(entry2.o)
    0x080000f0   0x00000004   Code   RO         4314    .ARM.Collect$$$$00000004  mc_w.l(entry5.o)
    0x080000f4   0x00000000   Code   RO         4316    .ARM.Collect$$$$00000008  mc_w.l(entry7b.o)
    0x080000f4   0x00000000   Code   RO         4318    .ARM.Collect$$$$0000000A  mc_w.l(entry8b.o)
    0x080000f4   0x00000008   Code   RO         4319    .ARM.Collect$$$$0000000B  mc_w.l(entry9a.o)
    0x080000fc   0x00000000   Code   RO         4321    .ARM.Collect$$$$0000000D  mc_w.l(entry10a.o)
    0x080000fc   0x00000000   Code   RO         4323    .ARM.Collect$$$$0000000F  mc_w.l(entry11a.o)
    0x080000fc   0x00000004   Code   RO         4312    .ARM.Collect$$$$00002712  mc_w.l(entry2.o)
    0x08000100   0x00000024   Code   RO         3977    .text               startup_stm32f10x_md.o
    0x08000124   0x0000000c   Code   RO         3988    .text               mc_w.l(tolower.o)
    0x08000130   0x00000008   Code   RO         3990    .text               mc_w.l(localeconv.o)
    0x08000138   0x00000024   Code   RO         3992    .text               mc_w.l(memcpya.o)
    0x0800015c   0x00000024   Code   RO         3994    .text               mc_w.l(memseta.o)
    0x08000180   0x0000000e   Code   RO         3996    .text               mc_w.l(strlen.o)
    0x0800018e   0x0000001c   Code   RO         3998    .text               mc_w.l(strcmp.o)
    0x080001aa   0x0000001e   Code   RO         4002    .text               mc_w.l(strncmp.o)
    0x080001c8   0x00000338   Code   RO         4297    .text               mc_w.l(scanf_fp.o)
    0x08000500   0x0000003e   Code   RO         4303    .text               mf_w.l(dfixi.o)
    0x0800053e   0x00000002   PAD
    0x08000540   0x00000030   Code   RO         4307    .text               mf_w.l(cdcmple.o)
    0x08000570   0x00000030   Code   RO         4309    .text               mf_w.l(cdrcmple.o)
    0x080005a0   0x0000002c   Code   RO         4326    .text               mc_w.l(uidiv.o)
    0x080005cc   0x00000062   Code   RO         4328    .text               mc_w.l(uldiv.o)
    0x0800062e   0x00000020   Code   RO         4330    .text               mc_w.l(llushr.o)
    0x0800064e   0x00000040   Code   RO         4338    .text               mc_w.l(_sgetc.o)
    0x0800068e   0x00000002   PAD
    0x08000690   0x0000009c   Code   RO         4340    .text               mc_w.l(strtod.o)
    0x0800072c   0x00000000   Code   RO         4342    .text               mc_w.l(iusefp.o)
    0x0800072c   0x000000ba   Code   RO         4343    .text               mf_w.l(depilogue.o)
    0x080007e6   0x0000014e   Code   RO         4345    .text               mf_w.l(dadd.o)
    0x08000934   0x000000e4   Code   RO         4347    .text               mf_w.l(dmul.o)
    0x08000a18   0x000000de   Code   RO         4349    .text               mf_w.l(ddiv.o)
    0x08000af6   0x00000018   Code   RO         4351    .text               mf_w.l(dfltul.o)
    0x08000b0e   0x00000030   Code   RO         4353    .text               mf_w.l(dfixul.o)
    0x08000b3e   0x00000038   Code   RO         4355    .text               mf_w.l(d2f.o)
    0x08000b76   0x00000002   PAD
    0x08000b78   0x00000024   Code   RO         4357    .text               mc_w.l(init.o)
    0x08000b9c   0x0000001e   Code   RO         4359    .text               mc_w.l(llshl.o)
    0x08000bba   0x00000024   Code   RO         4361    .text               mc_w.l(llsshr.o)
    0x08000bde   0x0000000a   Code   RO         4363    .text               mc_w.l(isspace_c.o)
    0x08000be8   0x0000006e   Code   RO         4367    .text               mf_w.l(fepilogue.o)
    0x08000c56   0x00000002   PAD
    0x08000c58   0x00000028   Code   RO         4369    .text               mc_w.l(ctype_c.o)
    0x08000c80   0x00000012   Code   RO         2504    i.BKP_DeInit        stm32f10x_bkp.o
    0x08000c92   0x00000002   Code   RO            1    i.BusFault_Handler  stm32f10x_it.o
    0x08000c94   0x00000002   Code   RO            2    i.DebugMon_Handler  stm32f10x_it.o
    0x08000c96   0x00000002   PAD
    0x08000c98   0x0000000c   Code   RO         1297    i.EXTI_ClearITPendingBit  stm32f10x_exti.o
    0x08000ca4   0x00000070   Code   RO         1302    i.EXTI_Init         stm32f10x_exti.o
    0x08000d14   0x000000a2   Code   RO         1143    i.GPIO_Init         stm32f10x_gpio.o
    0x08000db6   0x00000004   Code   RO         1150    i.GPIO_ResetBits    stm32f10x_gpio.o
    0x08000dba   0x00000004   Code   RO         1151    i.GPIO_SetBits      stm32f10x_gpio.o
    0x08000dbe   0x00000002   Code   RO            3    i.HardFault_Handler  stm32f10x_it.o
    0x08000dc0   0x00000038   Code   RO          766    i.LED_Init          led.o
    0x08000df8   0x0000002c   Code   RO          767    i.Led_Off           led.o
    0x08000e24   0x0000002c   Code   RO          768    i.Led_On            led.o
    0x08000e50   0x000000ba   Code   RO          838    i.MILLIS_Init       millis.o
    0x08000f0a   0x00000002   Code   RO            4    i.MemManage_Handler  stm32f10x_it.o
    0x08000f0c   0x00000002   Code   RO            5    i.NMI_Handler       stm32f10x_it.o
    0x08000f0e   0x00000002   PAD
    0x08000f10   0x00000064   Code   RO         1257    i.NVIC_Init         misc.o
    0x08000f74   0x00000014   Code   RO         1258    i.NVIC_PriorityGroupConfig  misc.o
    0x08000f88   0x0000000c   Code   RO         3195    i.PWR_BackupAccessCmd  stm32f10x_pwr.o
    0x08000f94   0x00000010   Code   RO         3196    i.PWR_ClearFlag     stm32f10x_pwr.o
    0x08000fa4   0x00000014   Code   RO         3200    i.PWR_GetFlagStatus  stm32f10x_pwr.o
    0x08000fb8   0x00000002   Code   RO            6    i.PendSV_Handler    stm32f10x_it.o
    0x08000fba   0x00000002   PAD
    0x08000fbc   0x00000018   Code   RO          870    i.RCC_APB1PeriphClockCmd  stm32f10x_rcc.o
    0x08000fd4   0x00000018   Code   RO          872    i.RCC_APB2PeriphClockCmd  stm32f10x_rcc.o
    0x08000fec   0x0000000c   Code   RO          875    i.RCC_BackupResetCmd  stm32f10x_rcc.o
    0x08000ff8   0x00000090   Code   RO          880    i.RCC_GetClocksFreq  stm32f10x_rcc.o
    0x08001088   0x00000030   Code   RO          881    i.RCC_GetFlagStatus  stm32f10x_rcc.o
    0x080010b8   0x0000000c   Code   RO          889    i.RCC_LSICmd        stm32f10x_rcc.o
    0x080010c4   0x0000000c   Code   RO          895    i.RCC_RTCCLKCmd     stm32f10x_rcc.o
    0x080010d0   0x00000010   Code   RO          896    i.RCC_RTCCLKConfig  stm32f10x_rcc.o
    0x080010e0   0x00000020   Code   RO          839    i.RTCAlarm_IRQHandler  millis.o
    0x08001100   0x00000010   Code   RO         3256    i.RTC_ClearITPendingBit  stm32f10x_rtc.o
    0x08001110   0x00000010   Code   RO         3257    i.RTC_EnterConfigMode  stm32f10x_rtc.o
    0x08001120   0x00000010   Code   RO         3258    i.RTC_ExitConfigMode  stm32f10x_rtc.o
    0x08001130   0x00000020   Code   RO         3262    i.RTC_GetITStatus   stm32f10x_rtc.o
    0x08001150   0x00000036   Code   RO          840    i.RTC_IRQHandler    millis.o
    0x08001186   0x00000002   PAD
    0x08001188   0x00000018   Code   RO         3263    i.RTC_ITConfig      stm32f10x_rtc.o
    0x080011a0   0x00000020   Code   RO         3265    i.RTC_SetCounter    stm32f10x_rtc.o
    0x080011c0   0x00000020   Code   RO         3266    i.RTC_SetPrescaler  stm32f10x_rtc.o
    0x080011e0   0x00000010   Code   RO         3267    i.RTC_WaitForLastTask  stm32f10x_rtc.o
    0x080011f0   0x00000018   Code   RO         3268    i.RTC_WaitForSynchro  stm32f10x_rtc.o
    0x08001208   0x00000002   Code   RO            7    i.SVC_Handler       stm32f10x_it.o
    0x0800120a   0x00000002   PAD
    0x0800120c   0x000000a8   Code   RO         3945    i.SetSysClockTo56   system_stm32f10x.o
    0x080012b4   0x00000002   Code   RO            8    i.SysTick_Handler   stm32f10x_it.o
    0x080012b6   0x00000002   PAD
    0x080012b8   0x00000050   Code   RO         3947    i.SystemInit        system_stm32f10x.o
    0x08001308   0x000000b4   Code   RO          799    i.USART1_Config     usart1.o
    0x080013bc   0x0000004c   Code   RO          800    i.USART1_IRQHandler  usart1.o
    0x08001408   0x00000014   Code   RO         1627    i.USART_Cmd         stm32f10x_usart.o
    0x0800141c   0x0000003e   Code   RO         1631    i.USART_GetITStatus  stm32f10x_usart.o
    0x0800145a   0x00000030   Code   RO         1633    i.USART_ITConfig    stm32f10x_usart.o
    0x0800148a   0x00000002   PAD
    0x0800148c   0x000000ac   Code   RO         1634    i.USART_Init        stm32f10x_usart.o
    0x08001538   0x00000008   Code   RO         1644    i.USART_SendData    stm32f10x_usart.o
    0x08001540   0x00000002   Code   RO            9    i.UsageFault_Handler  stm32f10x_it.o
    0x08001542   0x00000002   PAD
    0x08001544   0x00000020   Code   RO         4239    i.__0printf         mc_w.l(printfa.o)
    0x08001564   0x0000005c   Code   RO         4271    i.__free$realloc    mc_w.l(mallocr.o)
    0x080015c0   0x00000050   Code   RO         4272    i.__malloc$realloc  mc_w.l(mallocr.o)
    0x08001610   0x0000000e   Code   RO         4374    i.__scatterload_copy  mc_w.l(handlers.o)
    0x0800161e   0x00000002   Code   RO         4375    i.__scatterload_null  mc_w.l(handlers.o)
    0x08001620   0x0000000e   Code   RO         4376    i.__scatterload_zeroinit  mc_w.l(handlers.o)
    0x0800162e   0x00000002   PAD
    0x08001630   0x00000164   Code   RO         4246    i._fp_digits        mc_w.l(printfa.o)
    0x08001794   0x0000000e   Code   RO         4299    i._is_digit         mc_w.l(scanf_fp.o)
    0x080017a2   0x00000002   PAD
    0x080017a4   0x000006dc   Code   RO         4247    i._printf_core      mc_w.l(printfa.o)
    0x08001e80   0x00000024   Code   RO         4248    i._printf_post_padding  mc_w.l(printfa.o)
    0x08001ea4   0x0000002e   Code   RO         4249    i._printf_pre_padding  mc_w.l(printfa.o)
    0x08001ed2   0x0000002c   Code   RO          252    i.buffer_skip_whitespace  cjson.o
    0x08001efe   0x00000002   PAD
    0x08001f00   0x00000048   Code   RO          272    i.cJSON_Delete      cjson.o
    0x08001f48   0x00000006   Code   RO          284    i.cJSON_GetObjectItem  cjson.o
    0x08001f4e   0x00000016   Code   RO          300    i.cJSON_New_Item    cjson.o
    0x08001f64   0x00000008   Code   RO          301    i.cJSON_Parse       cjson.o
    0x08001f6c   0x000000b8   Code   RO          302    i.cJSON_ParseWithOpts  cjson.o
    0x08002024   0x00000018   Code   RO          152    i.check_status      main.o
    0x0800203c   0x00000034   Code   RO          153    i.checkin           main.o
    0x08002070   0x00000038   Code   RO          154    i.checkout          main.o
    0x080020a8   0x00000016   Code   RO          155    i.delay_ms          main.o
    0x080020be   0x00000002   PAD
    0x080020c0   0x0000001c   Code   RO          801    i.fputc             usart1.o
    0x080020dc   0x0000000c   Code   RO          319    i.get_decimal_point  cjson.o
    0x080020e8   0x00000070   Code   RO          320    i.get_object_item   cjson.o
    0x08002158   0x00000050   Code   RO         4273    i.internal_alloc    mc_w.l(mallocr.o)
    0x080021a8   0x0000005c   Code   RO          156    i.main              main.o
    0x08002204   0x00000014   Code   RO          841    i.millis            millis.o
    0x08002218   0x000000cc   Code   RO          321    i.parse_array       cjson.o
    0x080022e4   0x00000040   Code   RO          322    i.parse_hex4        cjson.o
    0x08002324   0x000000f0   Code   RO          323    i.parse_number      cjson.o
    0x08002414   0x00000106   Code   RO          324    i.parse_object      cjson.o
    0x0800251a   0x00000002   PAD
    0x0800251c   0x00000118   Code   RO          325    i.parse_string      cjson.o
    0x08002634   0x000000fc   Code   RO          326    i.parse_value       cjson.o
    0x08002730   0x00000184   Code   RO          157    i.processMessage    main.o
    0x080028b4   0x0000006c   Code   RO         4274    i.realloc           mc_w.l(mallocr.o)
    0x08002920   0x0000002c   Code   RO          158    i.say               main.o
    0x0800294c   0x00000012   Code   RO          159    i.setup             main.o
    0x0800295e   0x0000001c   Code   RO         3982    i.strtod            m_ws.l(strtod.o)
    0x0800297a   0x00000002   PAD
    0x0800297c   0x000000d2   Code   RO          335    i.utf16_literal_to_utf8  cjson.o
    0x08002a4e   0x00000002   PAD
    0x08002a50   0x00000038   Data   RO         4332    .constdata          mc_w.l(ilconv.o)
    0x08002a88   0x00000040   Data   RO         4370    .constdata          mc_w.l(ctype_c.o)
    0x08002ac8   0x00000010   Data   RO          164    .conststring        main.o
    0x08002ad8   0x00000005   Data   RO         4333    .conststring        mc_w.l(ilconv.o)
    0x08002add   0x00000003   PAD
    0x08002ae0   0x00000020   Data   RO         4372    Region$$Table       anon$$obj.o


    Execution Region RW_IRAM1 (Base: 0x20000000, Size: 0x00001450, Max: 0x00005000, ABSOLUTE)

    Base Addr    Size         Type   Attr      Idx    E Section Name        Object

    0x20000000   0x00000018   Data   RW          165    .data               main.o
    0x20000018   0x00000014   Data   RW          337    .data               cjson.o
    0x2000002c   0x00000014   Data   RW          900    .data               stm32f10x_rcc.o
    0x20000040   0x00000004   Data   RW         4325    .data               mc_w.l(stdout.o)
    0x20000044   0x00000004   Data   RW         4334    .data               mc_w.l(mvars.o)
    0x20000048   0x00000004   Data   RW         4335    .data               mc_w.l(mvars.o)
    0x2000004c   0x00000400   Zero   RW          161    .bss                main.o
    0x2000044c   0x00000004   PAD
    0x20000450   0x00000c00   Zero   RW         3975    HEAP                startup_stm32f10x_md.o
    0x20001050   0x00000400   Zero   RW         3974    STACK               startup_stm32f10x_md.o


==============================================================================

Image component sizes


      Code (inc. data)   RO Data    RW Data    ZI Data      Debug   Object Name

      1972         60          0         20          0      19427   cjson.o
         0          0          0          0          0         32   core_cm3.o
       144         16          0          0          0       1466   led.o
       696        272         16         24       1024     214445   main.o
       292          4          0          0          0       2162   millis.o
       120         16          0          0          0       3503   misc.o
        36          8        236          0       4096        784   startup_stm32f10x_md.o
        18          0          0          0          0        541   stm32f10x_bkp.o
       124         10          0          0          0       4021   stm32f10x_exti.o
       170          0          0          0          0      20456   stm32f10x_gpio.o
        18          0          0          0          0      22830   stm32f10x_it.o
        48         14          0          0          0       1730   stm32f10x_pwr.o
       292         56          0         20          0      16503   stm32f10x_rcc.o
       208         46          0          0          0       5665   stm32f10x_rtc.o
       310          6          0          0          0      11495   stm32f10x_usart.o
       248         24          0          0          0       1533   system_stm32f10x.o
       284         32          0          0          0       1712   usart1.o

    ----------------------------------------------------------------------
      5004        564        284         64       5124     328305   Object Totals
         0          0         32          0          0          0   (incl. Generated)
        24          0          0          0          4          0   (incl. Padding)

    ----------------------------------------------------------------------

      Code (inc. data)   RO Data    RW Data    ZI Data      Debug   Library Member Name

        28          0          0          0          0         80   strtod.o
        64          0          0          0          0         84   _sgetc.o
        40          6         64          0          0         68   ctype_c.o
         0          0          0          0          0          0   entry.o
         0          0          0          0          0          0   entry10a.o
         0          0          0          0          0          0   entry11a.o
         8          4          0          0          0          0   entry2.o
         4          0          0          0          0          0   entry5.o
         0          0          0          0          0          0   entry7b.o
         0          0          0          0          0          0   entry8b.o
         8          4          0          0          0          0   entry9a.o
        30          0          0          0          0          0   handlers.o
         0          0         61          0          0          0   ilconv.o
        36          8          0          0          0         68   init.o
        10          0          0          0          0         68   isspace_c.o
         0          0          0          0          0          0   iusefp.o
        30          0          0          0          0         68   llshl.o
        36          0          0          0          0         68   llsshr.o
        32          0          0          0          0         68   llushr.o
         8          4          0          0          0         68   localeconv.o
       360         30          0          0          0        356   mallocr.o
        36          0          0          0          0         68   memcpya.o
        36          0          0          0          0        108   memseta.o
         0          0          0          8          0          0   mvars.o
      2226         90          0          0          0        444   printfa.o
       838         12          0          0          0        216   scanf_fp.o
         0          0          0          4          0          0   stdout.o
        28          0          0          0          0         76   strcmp.o
        14          0          0          0          0         68   strlen.o
        30          0          0          0          0         80   strncmp.o
       156         14          0          0          0        120   strtod.o
        12          0          0          0          0         68   tolower.o
        44          0          0          0          0         80   uidiv.o
        98          0          0          0          0         92   uldiv.o
        48          0          0          0          0         68   cdcmple.o
        48          0          0          0          0         68   cdrcmple.o
        56          0          0          0          0         88   d2f.o
       334          0          0          0          0        148   dadd.o
       222          0          0          0          0        100   ddiv.o
       186          0          0          0          0        176   depilogue.o
        62          0          0          0          0         80   dfixi.o
        48          0          0          0          0         68   dfixul.o
        24          0          0          0          0         76   dfltul.o
       228          0          0          0          0         96   dmul.o
       110          0          0          0          0        168   fepilogue.o

    ----------------------------------------------------------------------
      5592        172        128         12          0       3552   Library Totals
        14          0          3          0          0          0   (incl. Padding)

    ----------------------------------------------------------------------

      Code (inc. data)   RO Data    RW Data    ZI Data      Debug   Library Name

        28          0          0          0          0         80   m_ws.l
      4184        172        125         12          0       2336   mc_w.l
      1366          0          0          0          0       1136   mf_w.l

    ----------------------------------------------------------------------
      5592        172        128         12          0       3552   Library Totals

    ----------------------------------------------------------------------

==============================================================================


      Code (inc. data)   RO Data    RW Data    ZI Data      Debug   

     10596        736        412         76       5124     326237   Grand Totals
     10596        736        412         76       5124     326237   ELF Image Totals
     10596        736        412         76          0          0   ROM Totals

==============================================================================

    Total RO  Size (Code + RO Data)                11008 (  10.75kB)
    Total RW  Size (RW Data + ZI Data)              5200 (   5.08kB)
    Total ROM Size (Code + RO Data + RW Data)      11084 (  10.82kB)

==============================================================================

