<html>
<body>
<pre>
<h1>µVision Build Log</h1>
<h2>Tool Versions:</h2>
IDE-Version: ¦ÌVision V5.15
Copyright (C) 2015 ARM Ltd and ARM Germany GmbH. All rights reserved.
License Information: xiaoming shi, bsy, LIC=7YKPC-7NGZR-RDNK3-ANJXY-K8DHZ-C1FW7
 
Tool Versions:
Toolchain:       MDK-ARM Professional  Version: 5.15.0
Toolchain Path:  C:\Keil_v5\ARM\ARMCC\Bin
C Compiler:      Armcc.exe V5.05 update 2 (build 169)
Assembler:       Armasm.exe V5.05 update 2 (build 169)
Linker/Locator:  ArmLink.exe V5.05 update 2 (build 169)
Library Manager: ArmAr.exe V5.05 update 2 (build 169)
Hex Converter:   FromElf.exe V5.05 update 2 (build 169)
CPU DLL:         SARMCM3.DLL V5.15.0
Dialog DLL:      DCM.DLL V1.13.2.0
Target DLL:      STLink\ST-LINKIII-KEIL_SWO.dll V2.0.15.0_KEIL
Dialog DLL:      TCM.DLL V1.14.5.0
 
<h2>Project:</h2>
D:\website\bigiotSTM32\bigiot\Project\STM32F10x_LED\MDK-ARM\Project.uvprojx
Project File Date:  06/20/2017

<h2>Output:</h2>
*** Using Compiler 'V5.05 update 2 (build 169)', folder: 'C:\Keil_v5\ARM\ARMCC\Bin'
Build target 'STM32100E-EVAL'
compiling stm32f10x_it.c...
compiling main.c...
..\drivers\millis\millis.h(7): warning:  #1295-D: Deprecated declaration RTC_IRQHandler - give arg types
  void RTC_IRQHandler();
..\drivers\millis\millis.h(8): warning:  #1295-D: Deprecated declaration millis - give arg types
  unsigned long millis();
..\drivers\millis\millis.h(10): warning:  #1-D: last line of file ends without a newline
  #endif
..\main.c(83): warning:  #223-D: function "strncmp" declared implicitly
      if(strncmp(m, "WELCOME", 7) == 0)
..\main.c(159): warning:  #167-D: argument of type "volatile u8 *" is incompatible with parameter of type "char *"
              processMessage(aRxBuffer);
..\main.c(140): warning:  #550-D: variable "i" was set but never used
      u8 i = 0;
..\main.c: 6 warnings, 0 errors
compiling cJSON.c...
..\drivers\cJSON\cJSON.c(117): warning:  #1293-D: assignment in condition
      if (!(copy = (unsigned char*)hooks->allocate(length)))
..\drivers\cJSON\cJSON.c: 1 warning, 0 errors
compiling LED.c...
compiling usart1.c...
compiling millis.c...
..\drivers\millis\millis.h(7): warning:  #1295-D: Deprecated declaration RTC_IRQHandler - give arg types
  void RTC_IRQHandler();
..\drivers\millis\millis.h(8): warning:  #1295-D: Deprecated declaration millis - give arg types
  unsigned long millis();
..\drivers\millis\millis.h(10): warning:  #1-D: last line of file ends without a newline
  #endif
..\drivers\millis\millis.c: 3 warnings, 0 errors
compiling stm32f10x_rcc.c...
compiling stm32f10x_gpio.c...
compiling misc.c...
compiling stm32f10x_exti.c...
compiling stm32f10x_spi.c...
compiling stm32f10x_fsmc.c...
compiling stm32f10x_usart.c...
compiling stm32f10x_sdio.c...
compiling stm32f10x_dma.c...
compiling stm32f10x_i2c.c...
compiling stm32f10x_adc.c...
compiling stm32f10x_bkp.c...
compiling stm32f10x_can.c...
compiling stm32f10x_cec.c...
compiling stm32f10x_crc.c...
compiling stm32f10x_dac.c...
compiling stm32f10x_dbgmcu.c...
compiling stm32f10x_flash.c...
compiling stm32f10x_iwdg.c...
compiling stm32f10x_pwr.c...
compiling stm32f10x_rtc.c...
compiling stm32f10x_tim.c...
compiling stm32f10x_wwdg.c...
compiling core_cm3.c...
compiling system_stm32f10x.c...
assembling startup_stm32f10x_md.s...
linking...
Program Size: Code=10596 RO-data=412 RW-data=76 ZI-data=5124  
FromELF: creating hex file...
".\STM32100E-EVAL.axf" - 0 Error(s), 10 Warning(s).

<h2>Software Packages used:</h2>

Package Vendor: ARM
                http://www.keil.com/pack/ARM.CMSIS.5.0.0.pack
                ARM::CMSIS:CORE:5.0.0
                CMSIS (Cortex Microcontroller Software Interface Standard)
   * Component: CORE Version: 5.0.0

<h2>Collection of Component include folders:</h2>
  D:\website\bigiotSTM32\bigiot\Project\STM32F10x_LED\MDK-ARM\RTE
  C:\Keil_v5\ARM\PACK\ARM\CMSIS\5.0.0\CMSIS\Include
  C:\Keil_v5\ARM\PACK\Keil\STM32F1xx_DFP\2.1.0\Device\Include

<h2>Collection of Component Files used:</h2>

   * Component: ARM::CMSIS:CORE:5.0.0
</pre>
</body>
</html>
